2026-06-28 01:18:21.907 [error] Failed to set Cloud Code URL on Language Server: Language server client has not been initialized!
2026-06-28 01:18:25.327 [info] [CloudCode] POST v1internal:loadCodeAssist traceId: 99d68d3c1b479096
2026-06-28 01:18:25.328 [error] Failed to set Cloud Code URL on Language Server: Language server client has not been initialized!
2026-06-28 01:18:26.163 [info] [CloudCode] POST v1internal:loadCodeAssist traceId: 56e74b12524811ec
2026-06-28 01:18:26.163 [error] Failed to set Cloud Code URL on Language Server: Language server client has not been initialized!
2026-06-28 01:18:26.605 [info] [CloudCode] POST v1internal:fetchAvailableModels traceId: 9e931a40a496707a
2026-06-28 01:18:28.720 [info] [CloudCode] POST v1internal:onboardUser traceId: 1c2f6187d921ad42
2026-06-28 01:18:31.525 [info] [CloudCode] POST v1internal:loadCodeAssist traceId: 2369660d5d3e304
2026-06-28 01:18:32.524 [info] [CloudCode] POST v1internal:fetchAvailableModels traceId: 9c24927f21d698e0
2026-06-28 01:23:24.267 [info] [CloudCode] POST v1internal:loadCodeAssist traceId: 27e2db2ff824c267
2026-06-28 01:23:25.171 [info] [CloudCode] POST v1internal:fetchAvailableModels traceId: 7bc8aea59d43e540
2026-06-28 01:28:24.408 [info] [CloudCode] POST v1internal:loadCodeAssist traceId: 7c05cdfb7d395b35
2026-06-28 01:28:25.709 [info] [CloudCode] POST v1internal:fetchAvailableModels traceId: 6e91c5d0943924a0
2026-06-28 01:33:24.043 [info] [CloudCode] POST v1internal:loadCodeAssist traceId: ea7b829abad941e8
2026-06-28 01:33:25.070 [info] [CloudCode] POST v1internal:fetchAvailableModels traceId: 38238bf760c56684
2026-06-28 01:38:24.259 [info] [CloudCode] POST v1internal:loadCodeAssist traceId: 9e84d0d1014eaef6
2026-06-28 01:38:24.999 [info] [CloudCode] POST v1internal:fetchAvailableModels traceId: 8a0f73248e7ff5db
2026-06-28 01:43:24.523 [info] [CloudCode] POST v1internal:loadCodeAssist traceId: 764cb2fc5dcb94c9
2026-06-28 01:43:25.549 [info] [CloudCode] POST v1internal:fetchAvailableModels traceId: ea5950b497b64e84
2026-06-28 01:48:24.046 [info] [CloudCode] POST v1internal:loadCodeAssist traceId: bc6ae69a4bcc1c8c
2026-06-28 01:48:25.276 [info] [CloudCode] POST v1internal:fetchAvailableModels traceId: 4f5b9bdd77f8fac6
2026-06-28 01:53:24.127 [info] [CloudCode] POST v1internal:loadCodeAssist traceId: f00d9a885e6b57bb
2026-06-28 01:53:25.007 [info] [CloudCode] POST v1internal:fetchAvailableModels traceId: a24933a129b28645
2026-06-28 01:58:24.104 [info] [CloudCode] POST v1internal:loadCodeAssist traceId: 182d76f01549f3a0
2026-06-28 01:58:25.038 [info] [CloudCode] POST v1internal:fetchAvailableModels traceId: d7dde320ce4784eb
2026-06-28 01:58:53.916 [info] [CloudCode] POST v1internal:recordCodeAssistMetrics traceId: 45d9e8c9e0c830e5
2026-06-28 02:00:38.160 [info] [CloudCode] POST v1internal:recordCodeAssistMetrics traceId: e66c69fc45653246
2026-06-28 02:03:24.367 [info] [CloudCode] POST v1internal:loadCodeAssist traceId: 1eaf6c1100afeb64
2026-06-28 02:03:25.583 [info] [CloudCode] POST v1internal:fetchAvailableModels traceId: 191ae07fa915c015
2026-06-28 02:08:24.403 [info] [CloudCode] POST v1internal:loadCodeAssist traceId: 41f62de45e590ece
2026-06-28 02:08:25.473 [info] [CloudCode] POST v1internal:fetchAvailableModels traceId: 6255c0100238585c
2026-06-28 02:13:24.336 [info] [CloudCode] POST v1internal:loadCodeAssist traceId: f611d33ed8607c46
2026-06-28 02:13:25.057 [info] [CloudCode] POST v1internal:fetchAvailableModels traceId: 623b464ef4a62945
2026-06-28 02:18:24.165 [info] [CloudCode] POST v1internal:loadCodeAssist traceId: 4aca76a81476dabf
2026-06-28 02:18:25.094 [info] [CloudCode] POST v1internal:fetchAvailableModels traceId: c200b4da08cc23ba
2026-06-28 02:23:24.308 [info] [CloudCode] POST v1internal:loadCodeAssist traceId: f892f1552d96e123
2026-06-28 02:23:25.024 [info] [CloudCode] POST v1internal:fetchAvailableModels traceId: 1eb1664a311e6c6e
2026-06-28 02:28:24.086 [info] [CloudCode] POST v1internal:loadCodeAssist traceId: cb8f6b88a4ed5a75
2026-06-28 02:28:24.882 [info] [CloudCode] POST v1internal:fetchAvailableModels traceId: f5e9943c5ea5eb93
2026-06-28 02:29:49.026 [info] [CloudCode] POST v1internal:recordCodeAssistMetrics traceId: 5d28fec9fdddc92b
2026-06-28 02:33:24.069 [info] [CloudCode] POST v1internal:loadCodeAssist traceId: adeb857fa928a948
2026-06-28 02:33:24.765 [info] [CloudCode] POST v1internal:fetchAvailableModels traceId: caca1b50060494ff
2026-06-28 02:38:23.953 [info] [CloudCode] POST v1internal:loadCodeAssist traceId: ea2461f062616797
2026-06-28 02:38:25.232 [info] [CloudCode] POST v1internal:fetchAvailableModels traceId: abf615133bd59fff
2026-06-28 02:38:38.544 [info] [CloudCode] POST v1internal:loadCodeAssist traceId: 3187c28e1d8d0118
2026-06-28 02:43:24.552 [info] [CloudCode] POST v1internal:loadCodeAssist traceId: ca582a9db0e38719
2026-06-28 02:43:25.264 [info] [CloudCode] POST v1internal:fetchAvailableModels traceId: f7ab236e7ddd89bb
2026-06-28 02:48:07.992 [info] [CloudCode] POST v1internal:recordCodeAssistMetrics traceId: 661193ac6891aa14
2026-06-28 02:48:24.275 [info] [CloudCode] POST v1internal:loadCodeAssist traceId: caf6b21f7d90c1a5
2026-06-28 02:48:25.095 [info] [CloudCode] POST v1internal:fetchAvailableModels traceId: b7a1e4ffe2c3c9cf
