2026-06-28 01:18:21.649 [info] [BrowserOnboardingClientMainService] Starting browser onboarding server
2026-06-28 01:18:21.650 [info] [BrowserOnboardingClientServer] Browser onboarding server started on http://localhost:44533
2026-06-28 01:18:21.650 [info] update#setState idle
2026-06-28 01:18:51.470 [info] update#setState checking for updates
2026-06-28 01:18:51.878 [info] update#setState idle
2026-06-28 01:36:56.149 [warning] [perf] profiling STARTED 354dce06-d530-4916-8349-79ac569d4b4a
2026-06-28 01:37:01.397 [warning] [perf] profiling DONE 354dce06-d530-4916-8349-79ac569d4b4a
2026-06-28 01:37:18.741 [warning] [perf] profiling STARTED 354dce06-d530-4916-8349-79ac569d4b4a
2026-06-28 01:37:23.774 [warning] [perf] profiling DONE 354dce06-d530-4916-8349-79ac569d4b4a
2026-06-28 01:37:39.209 [warning] [perf] profiling STARTED 354dce06-d530-4916-8349-79ac569d4b4a
2026-06-28 01:37:44.248 [warning] [perf] profiling DONE 354dce06-d530-4916-8349-79ac569d4b4a
2026-06-28 01:51:43.371 [warning] [perf] profiling STARTED 4ac1c629-972f-4c3a-b2ae-ed00cdb6eb4e
2026-06-28 01:51:49.111 [warning] [perf] profiling DONE 4ac1c629-972f-4c3a-b2ae-ed00cdb6eb4e
2026-06-28 01:52:07.311 [warning] [perf] profiling STARTED 4ac1c629-972f-4c3a-b2ae-ed00cdb6eb4e
2026-06-28 01:52:12.433 [warning] [perf] profiling DONE 4ac1c629-972f-4c3a-b2ae-ed00cdb6eb4e
2026-06-28 01:52:27.790 [warning] [perf] profiling STARTED 4ac1c629-972f-4c3a-b2ae-ed00cdb6eb4e
2026-06-28 01:52:32.825 [warning] [perf] profiling DONE 4ac1c629-972f-4c3a-b2ae-ed00cdb6eb4e
2026-06-28 02:18:51.481 [info] update#setState checking for updates
2026-06-28 02:18:51.918 [info] update#setState idle
2026-06-28 02:28:26.496 [warning] [perf] profiling STARTED c38c80c6-4fe3-4688-8219-e945d888f441
2026-06-28 02:28:31.873 [warning] [perf] profiling DONE c38c80c6-4fe3-4688-8219-e945d888f441
2026-06-28 02:44:37.795 [warning] [perf] profiling STARTED ce4b3427-1e61-484d-a530-f1dbcf67dffb
2026-06-28 02:44:43.001 [warning] [perf] profiling DONE ce4b3427-1e61-484d-a530-f1dbcf67dffb
2026-06-28 02:45:00.107 [warning] [perf] profiling STARTED ce4b3427-1e61-484d-a530-f1dbcf67dffb
2026-06-28 02:45:05.151 [warning] [perf] profiling DONE ce4b3427-1e61-484d-a530-f1dbcf67dffb
2026-06-28 02:45:20.497 [warning] [perf] profiling STARTED ce4b3427-1e61-484d-a530-f1dbcf67dffb
2026-06-28 02:45:25.554 [warning] [perf] profiling DONE ce4b3427-1e61-484d-a530-f1dbcf67dffb
2026-06-28 02:48:38.016 [info] Extension host with pid 302060 exited with code: 0, signal: unknown.
