2026-06-28 02:49:57.376 [info] Reading sessions from keychain...
2026-06-28 02:49:57.376 [info] Getting sessions for all scopes...
2026-06-28 02:49:57.456 [info] Got stored sessions!
2026-06-28 02:49:57.456 [info] Got 1 verified sessions.
2026-06-28 02:49:57.456 [info] Got 1 sessions for ...
2026-06-28 02:49:57.456 [info] Getting sessions for all scopes...
2026-06-28 02:49:57.456 [info] Got 1 sessions for ...
2026-06-28 02:49:57.456 [info] Getting sessions for all scopes...
2026-06-28 02:49:57.456 [info] Got 1 sessions for ...
2026-06-28 02:49:57.456 [info] Getting sessions for read:user,repo,user:email,workflow...
2026-06-28 02:49:57.456 [info] Got 1 sessions for read:user,repo,user:email,workflow...
2026-06-28 02:49:57.719 [info] Getting sessions for all scopes...
2026-06-28 02:49:57.719 [info] Got 1 sessions for ...
2026-06-28 02:49:57.767 [info] Getting sessions for all scopes...
2026-06-28 02:49:57.767 [info] Got 1 sessions for ...
2026-06-28 02:49:59.182 [info] Getting sessions for all scopes...
2026-06-28 02:49:59.182 [info] Got 1 sessions for ...
2026-06-28 02:49:59.183 [info] Getting sessions for all scopes...
2026-06-28 02:49:59.183 [info] Got 1 sessions for ...
2026-06-28 02:49:59.728 [info] FetcherService: Electron fetch failed with status: 401 
2026-06-28 02:50:00.988 [info] FetcherService: Node fetch failed with status: 401 Unauthorized
2026-06-28 02:50:02.270 [info] FetcherService: Node http/s failed with status: 401 Unauthorized
2026-06-28 02:57:48.259 [info] Getting sessions for all scopes...
2026-06-28 02:57:48.259 [info] Got 1 sessions for ...
2026-06-28 02:57:49.365 [info] Getting sessions for all scopes...
2026-06-28 02:57:49.365 [info] Got 1 sessions for ...
