2026-06-28 00:43:56.837 [error] Failed to set Cloud Code URL on Language Server: Language server client has not been initialized!
2026-06-28 00:44:00.784 [info] [CloudCode] POST v1internal:loadCodeAssist traceId: 3ddc46c204e35b7d
2026-06-28 00:44:00.784 [error] Failed to set Cloud Code URL on Language Server: Language server client has not been initialized!
2026-06-28 00:44:00.786 [info] [CloudCode] POST v1internal:loadCodeAssist traceId: 9657f4e251915c14
2026-06-28 00:44:00.786 [error] Failed to set Cloud Code URL on Language Server: Language server client has not been initialized!
2026-06-28 00:44:02.330 [info] [CloudCode] POST v1internal:fetchAvailableModels traceId: d37192fff0e77312
2026-06-28 00:44:03.516 [info] [CloudCode] POST v1internal:onboardUser traceId: 4ceda8ee0b99e1d8
2026-06-28 00:44:06.579 [info] [CloudCode] POST v1internal:loadCodeAssist traceId: 31c0f2e515053bd5
2026-06-28 00:44:07.856 [info] [CloudCode] POST v1internal:fetchAvailableModels traceId: 995dd5f073174cdf
2026-06-28 00:44:50.297 [info] [CloudCode] POST v1internal:loadCodeAssist traceId: 208c2bc0b0f747fc
2026-06-28 00:45:49.480 [info] [CloudCode] POST v1internal:recordCodeAssistMetrics traceId: 15491aa2038408db
2026-06-28 00:48:59.336 [info] [CloudCode] POST v1internal:loadCodeAssist traceId: 984aaf05bd9e759d
2026-06-28 00:49:00.363 [info] [CloudCode] POST v1internal:fetchAvailableModels traceId: 15b1b755c4e5ca07
2026-06-28 00:53:59.053 [info] [CloudCode] POST v1internal:loadCodeAssist traceId: daeb6abdca5df3a7
2026-06-28 00:53:59.791 [info] [CloudCode] POST v1internal:fetchAvailableModels traceId: 56e63732691e9fd5
2026-06-28 00:58:59.424 [info] [CloudCode] POST v1internal:loadCodeAssist traceId: b8f873e618cb1466
2026-06-28 00:59:00.607 [info] [CloudCode] POST v1internal:fetchAvailableModels traceId: 2a0df613a9ef9897
2026-06-28 01:03:59.245 [info] [CloudCode] POST v1internal:loadCodeAssist traceId: 8ccc432562c1ffea
2026-06-28 01:03:59.971 [info] [CloudCode] POST v1internal:fetchAvailableModels traceId: 768fc5101d1c4fd5
2026-06-28 01:08:59.394 [info] [CloudCode] POST v1internal:loadCodeAssist traceId: a80545cf723b8030
2026-06-28 01:09:00.712 [info] [CloudCode] POST v1internal:fetchAvailableModels traceId: b6015d9fc053afc7
2026-06-28 01:11:33.462 [info] [CloudCode] POST v1internal:loadCodeAssist traceId: 487a075266d3ed72
