2026-06-28 00:43:56.623 [info] [LS Main] Starting language server from: /opt/antigravity-ide/resources/app/extensions/antigravity/bin/language_server_linux_x64
2026-06-28 00:43:56.791 [info] [LS Main] Args: --csrf_token 332c4738-24fb-4789-8061-9e00cdd25dd6 --extension_server_port 33197 --extension_server_csrf_token 71af6f41-d7a6-4930-b384-0fbf5bd62579 --app_data_dir antigravity-ide --subclient_type ide --cloud_code_endpoint https://cloudcode-pa.googleapis.com
2026-06-28 00:43:56.832 [info] [LS Main] Process spawned with PID: 188347
2026-06-28 00:43:57.436 [error] [LS Main stderr] I0628 00:43:57.436358 188347 server.go:1296] Starting language server process with pid 188347

2026-06-28 00:43:57.437 [error] [LS Main stderr] I0628 00:43:57.437329 188347 server.go:336] Setting GOMAXPROCS to 4

2026-06-28 00:43:57.438 [error] [LS Main stderr] I0628 00:43:57.438086 188347 server.go:479] Language server will attempt to listen on host localhost

2026-06-28 00:43:57.439 [error] [LS Main stderr] I0628 00:43:57.439450 188347 server.go:493] Language server listening on random port at 37239 for HTTPS (gRPC)

2026-06-28 00:43:57.439 [error] [LS Main stderr] I0628 00:43:57.439731 188347 server.go:500] Language server listening on random port at 46763 for HTTP

2026-06-28 00:43:58.193 [error] No LS client info found for local authority
2026-06-28 00:43:58.788 [error] [LS Main stderr] I0628 00:43:58.788587 188347 server.go:472] Created extension server client at port 33197

2026-06-28 00:43:58.804 [error] [LS Main stderr] I0628 00:43:58.804530 188347 manager.go:92] Creating trajectory store manager with proto store and SQLite store

2026-06-28 00:44:01.811 [error] [LS Main stderr] E0628 00:44:01.811027 188347 log.go:398] WaitForReady failed: context deadline exceeded

2026-06-28 00:44:01.811 [error] [LS Main stderr] I0628 00:44:01.811330 188347 server.go:2283] Auth succeeded, refreshing features and managers

2026-06-28 00:44:01.973 [error] [LS Main stderr] I0628 00:44:01.973226 188347 http_helpers.go:183] URL: https://cloudcode-pa.googleapis.com/v1internal:loadCodeAssist Trace: 0xe3b1df93febfa0b5

2026-06-28 00:44:04.186 [error] [LS Main stderr] I0628 00:44:04.186471 188347 http_helpers.go:183] URL: https://cloudcode-pa.googleapis.com/v1internal:fetchAvailableModels Trace: 0xf6229b7f759f5a10

2026-06-28 00:44:04.199 [error] [LS Main stderr] I0628 00:44:04.199225 188347 server.go:2289] State refresh took 2387ms

2026-06-28 00:44:04.210 [info] [LS Main] LS started on port 37239
2026-06-28 00:44:04.216 [error] [LS Main stderr] I0628 00:44:04.215488 188347 server.go:1944] initialized server successfully in 6.779019367s

2026-06-28 00:44:04.231 [error] [LS Main stderr] 2026/06/28 00:44:04 http: TLS handshake error from 127.0.0.1:60036: remote error: tls: unknown certificate

2026-06-28 00:44:04.421 [error] [LS Main stderr] E0628 00:44:04.421676 188347 interceptor.go:74] /exa.language_server_pb.LanguageServerService/GetSlashCommands (unknown): failed to resolve cascade config: neither PlanModel nor RequestedModel specified. You must specify a valid model.

2026-06-28 00:44:04.422 [error] [LS Main stderr] E0628 00:44:04.422463 188347 interceptor.go:74] /exa.language_server_pb.LanguageServerService/GetSlashCommands (unknown): failed to resolve cascade config: neither PlanModel nor RequestedModel specified. You must specify a valid model.

2026-06-28 00:44:04.424 [error] [LS Main stderr] E0628 00:44:04.424185 188347 interceptor.go:74] /exa.language_server_pb.LanguageServerService/GetSlashCommands (unknown): failed to resolve cascade config: neither PlanModel nor RequestedModel specified. You must specify a valid model.

2026-06-28 00:44:04.424 [error] [LS Main stderr] E0628 00:44:04.424268 188347 interceptor.go:74] /exa.language_server_pb.LanguageServerService/GetSlashCommands (unknown): failed to resolve cascade config: neither PlanModel nor RequestedModel specified. You must specify a valid model.

2026-06-28 00:44:04.426 [error] [LS Main stderr] E0628 00:44:04.426322 188347 interceptor.go:74] /exa.language_server_pb.LanguageServerService/GetSlashCommands (unknown): failed to resolve cascade config: neither PlanModel nor RequestedModel specified. You must specify a valid model.

2026-06-28 00:44:04.427 [error] [LS Main stderr] E0628 00:44:04.427069 188347 interceptor.go:74] /exa.language_server_pb.LanguageServerService/GetSlashCommands (unknown): failed to resolve cascade config: neither PlanModel nor RequestedModel specified. You must specify a valid model.

2026-06-28 00:44:04.429 [error] [LS Main stderr] E0628 00:44:04.429498 188347 interceptor.go:74] /exa.language_server_pb.LanguageServerService/GetSlashCommands (unknown): failed to resolve cascade config: neither PlanModel nor RequestedModel specified. You must specify a valid model.

2026-06-28 00:44:04.466 [error] [LS Main stderr] E0628 00:44:04.465738 188347 interceptor.go:74] /exa.language_server_pb.LanguageServerService/GetSlashCommands (unknown): failed to resolve cascade config: neither PlanModel nor RequestedModel specified. You must specify a valid model.

2026-06-28 00:44:04.467 [error] [LS Main stderr] E0628 00:44:04.466812 188347 interceptor.go:74] /exa.language_server_pb.LanguageServerService/GetSlashCommands (unknown): failed to resolve cascade config: neither PlanModel nor RequestedModel specified. You must specify a valid model.
E0628 00:44:04.466994 188347 interceptor.go:74] /exa.language_server_pb.LanguageServerService/GetSlashCommands (unknown): failed to resolve cascade config: neither PlanModel nor RequestedModel specified. You must specify a valid model.

2026-06-28 00:44:06.852 [error] [LS Main stderr] I0628 00:44:06.852432 188347 http_helpers.go:183] URL: https://cloudcode-pa.googleapis.com/v1internal:loadCodeAssist Trace: 0x5c0aa327dd4fd665

2026-06-28 00:44:08.067 [error] [LS Main stderr] I0628 00:44:08.067599 188347 http_helpers.go:183] URL: https://daily-cloudcode-pa.googleapis.com/v1internal:fetchAvailableModels Trace: 0xa7f2a093994d6784

2026-06-28 00:44:08.095 [error] [LS Main stderr] E0628 00:44:08.095405 188347 log.go:398] failed to check terminal shell support: internal: internal error

2026-06-28 00:44:08.105 [error] [LS Main stderr] E0628 00:44:08.103898 188347 log.go:398] failed to check terminal shell support: internal: internal error

2026-06-28 00:44:08.115 [error] [LS Main stderr] E0628 00:44:08.111387 188347 log.go:398] failed to check terminal shell support: internal: internal error

2026-06-28 00:44:08.119 [error] [LS Main stderr] E0628 00:44:08.115068 188347 log.go:398] failed to check terminal shell support: internal: internal error

2026-06-28 00:44:08.120 [error] [LS Main stderr] E0628 00:44:08.119987 188347 log.go:398] failed to check terminal shell support: internal: internal error

2026-06-28 00:44:08.124 [error] [LS Main stderr] E0628 00:44:08.122783 188347 log.go:398] failed to check terminal shell support: internal: internal error

2026-06-28 00:44:08.124 [error] [LS Main stderr] E0628 00:44:08.124314 188347 log.go:398] failed to check terminal shell support: internal: internal error

2026-06-28 00:44:08.126 [error] [LS Main stderr] E0628 00:44:08.126390 188347 log.go:398] failed to check terminal shell support: internal: internal error

2026-06-28 00:44:08.130 [error] [LS Main stderr] E0628 00:44:08.130269 188347 log.go:398] failed to check terminal shell support: internal: internal error

2026-06-28 00:44:08.132 [error] [LS Main stderr] E0628 00:44:08.132336 188347 log.go:398] failed to check terminal shell support: internal: internal error

2026-06-28 00:44:08.133 [error] [LS Main stderr] E0628 00:44:08.133790 188347 log.go:398] failed to check terminal shell support: internal: internal error

2026-06-28 00:44:08.136 [error] [LS Main stderr] E0628 00:44:08.136469 188347 log.go:398] failed to check terminal shell support: internal: internal error

2026-06-28 00:44:08.138 [error] [LS Main stderr] E0628 00:44:08.138365 188347 log.go:398] failed to check terminal shell support: internal: internal error

2026-06-28 00:44:08.141 [error] [LS Main stderr] E0628 00:44:08.140928 188347 log.go:398] failed to check terminal shell support: internal: internal error

2026-06-28 00:44:08.145 [error] [LS Main stderr] E0628 00:44:08.145207 188347 log.go:398] failed to check terminal shell support: internal: internal error

2026-06-28 00:44:08.146 [error] [LS Main stderr] E0628 00:44:08.146731 188347 log.go:398] failed to check terminal shell support: internal: internal error

2026-06-28 00:44:08.148 [error] [LS Main stderr] E0628 00:44:08.148143 188347 log.go:398] failed to check terminal shell support: internal: internal error

2026-06-28 00:44:08.150 [error] [LS Main stderr] E0628 00:44:08.150052 188347 log.go:398] failed to check terminal shell support: internal: internal error

2026-06-28 00:44:08.152 [error] [LS Main stderr] E0628 00:44:08.151721 188347 log.go:398] failed to check terminal shell support: internal: internal error

2026-06-28 00:44:08.153 [error] [LS Main stderr] E0628 00:44:08.153236 188347 log.go:398] failed to check terminal shell support: internal: internal error

2026-06-28 00:44:08.155 [error] [LS Main stderr] E0628 00:44:08.155397 188347 log.go:398] failed to check terminal shell support: internal: internal error

2026-06-28 00:44:08.159 [error] [LS Main stderr] E0628 00:44:08.157762 188347 log.go:398] failed to check terminal shell support: internal: internal error
E0628 00:44:08.159758 188347 log.go:398] failed to check terminal shell support: internal: internal error

2026-06-28 00:44:08.161 [error] [LS Main stderr] E0628 00:44:08.161678 188347 log.go:398] failed to check terminal shell support: internal: internal error

2026-06-28 00:44:08.165 [error] [LS Main stderr] E0628 00:44:08.164576 188347 log.go:398] failed to check terminal shell support: internal: internal error

2026-06-28 00:44:08.166 [error] [LS Main stderr] E0628 00:44:08.166394 188347 log.go:398] failed to check terminal shell support: internal: internal error

2026-06-28 00:44:08.174 [error] [LS Main stderr] E0628 00:44:08.167724 188347 log.go:398] failed to check terminal shell support: internal: internal error

2026-06-28 00:44:08.200 [error] [LS Main stderr] E0628 00:44:08.200187 188347 log.go:398] failed to check terminal shell support: internal: internal error

2026-06-28 00:44:08.202 [error] [LS Main stderr] E0628 00:44:08.202370 188347 log.go:398] failed to check terminal shell support: internal: internal error

2026-06-28 00:44:08.205 [error] [LS Main stderr] E0628 00:44:08.204758 188347 log.go:398] failed to check terminal shell support: internal: internal error

2026-06-28 00:44:08.207 [error] [LS Main stderr] E0628 00:44:08.207350 188347 log.go:398] failed to check terminal shell support: internal: internal error

2026-06-28 00:44:08.210 [error] [LS Main stderr] E0628 00:44:08.209016 188347 log.go:398] failed to check terminal shell support: internal: internal error

2026-06-28 00:44:08.211 [error] [LS Main stderr] E0628 00:44:08.210899 188347 log.go:398] failed to check terminal shell support: internal: internal error

2026-06-28 00:44:08.212 [error] [LS Main stderr] E0628 00:44:08.212816 188347 log.go:398] failed to check terminal shell support: internal: internal error

2026-06-28 00:44:08.214 [error] [LS Main stderr] E0628 00:44:08.214015 188347 log.go:398] failed to check terminal shell support: internal: internal error

2026-06-28 00:44:08.215 [error] [LS Main stderr] E0628 00:44:08.215309 188347 log.go:398] failed to check terminal shell support: internal: internal error

2026-06-28 00:44:08.216 [error] [LS Main stderr] E0628 00:44:08.216819 188347 log.go:398] failed to check terminal shell support: internal: internal error

2026-06-28 00:44:08.219 [error] [LS Main stderr] E0628 00:44:08.219352 188347 log.go:398] failed to check terminal shell support: internal: internal error

2026-06-28 00:44:08.221 [error] [LS Main stderr] E0628 00:44:08.221847 188347 log.go:398] failed to check terminal shell support: internal: internal error

2026-06-28 00:44:08.224 [error] [LS Main stderr] E0628 00:44:08.224014 188347 log.go:398] failed to check terminal shell support: internal: internal error

2026-06-28 00:44:08.226 [error] [LS Main stderr] E0628 00:44:08.226187 188347 log.go:398] failed to check terminal shell support: internal: internal error

2026-06-28 00:44:08.227 [error] [LS Main stderr] E0628 00:44:08.227436 188347 log.go:398] failed to check terminal shell support: internal: internal error

2026-06-28 00:44:08.230 [error] [LS Main stderr] E0628 00:44:08.228927 188347 log.go:398] failed to check terminal shell support: internal: internal error

2026-06-28 00:44:08.230 [error] [LS Main stderr] E0628 00:44:08.230316 188347 log.go:398] failed to check terminal shell support: internal: internal error

2026-06-28 00:44:08.232 [error] [LS Main stderr] E0628 00:44:08.232373 188347 log.go:398] failed to check terminal shell support: internal: internal error

2026-06-28 00:44:08.234 [error] [LS Main stderr] E0628 00:44:08.234418 188347 log.go:398] failed to check terminal shell support: internal: internal error

2026-06-28 00:44:08.237 [error] [LS Main stderr] E0628 00:44:08.236333 188347 log.go:398] failed to check terminal shell support: internal: internal error

2026-06-28 00:44:08.238 [error] [LS Main stderr] E0628 00:44:08.238423 188347 log.go:398] failed to check terminal shell support: internal: internal error

2026-06-28 00:44:08.240 [error] [LS Main stderr] E0628 00:44:08.240157 188347 log.go:398] failed to check terminal shell support: internal: internal error

2026-06-28 00:44:08.242 [error] [LS Main stderr] E0628 00:44:08.242379 188347 log.go:398] failed to check terminal shell support: internal: internal error

2026-06-28 00:44:08.244 [error] [LS Main stderr] E0628 00:44:08.244058 188347 log.go:398] failed to check terminal shell support: internal: internal error

2026-06-28 00:44:08.245 [error] [LS Main stderr] E0628 00:44:08.245393 188347 log.go:398] failed to check terminal shell support: internal: internal error

2026-06-28 00:44:08.247 [error] [LS Main stderr] E0628 00:44:08.247099 188347 log.go:398] failed to check terminal shell support: internal: internal error

2026-06-28 00:44:08.248 [error] [LS Main stderr] E0628 00:44:08.248892 188347 log.go:398] failed to check terminal shell support: internal: internal error

2026-06-28 00:44:08.250 [error] [LS Main stderr] E0628 00:44:08.250323 188347 log.go:398] failed to check terminal shell support: internal: internal error

2026-06-28 00:44:08.252 [error] [LS Main stderr] E0628 00:44:08.251985 188347 log.go:398] failed to check terminal shell support: internal: internal error

2026-06-28 00:44:08.254 [error] [LS Main stderr] E0628 00:44:08.254099 188347 log.go:398] failed to check terminal shell support: internal: internal error

2026-06-28 00:44:08.255 [error] [LS Main stderr] E0628 00:44:08.255868 188347 log.go:398] failed to check terminal shell support: internal: internal error

2026-06-28 00:44:08.257 [error] [LS Main stderr] E0628 00:44:08.257122 188347 log.go:398] failed to check terminal shell support: internal: internal error

2026-06-28 00:44:08.258 [error] [LS Main stderr] E0628 00:44:08.258762 188347 log.go:398] failed to check terminal shell support: internal: internal error

2026-06-28 00:44:08.261 [error] [LS Main stderr] E0628 00:44:08.261077 188347 log.go:398] failed to check terminal shell support: internal: internal error

2026-06-28 00:44:08.262 [error] [LS Main stderr] E0628 00:44:08.262619 188347 log.go:398] failed to check terminal shell support: internal: internal error

2026-06-28 00:44:08.264 [error] [LS Main stderr] E0628 00:44:08.264015 188347 log.go:398] failed to check terminal shell support: internal: internal error

2026-06-28 00:44:08.265 [error] [LS Main stderr] E0628 00:44:08.265171 188347 log.go:398] failed to check terminal shell support: internal: internal error

2026-06-28 00:44:08.266 [error] [LS Main stderr] E0628 00:44:08.266618 188347 log.go:398] failed to check terminal shell support: internal: internal error

2026-06-28 00:44:08.268 [error] [LS Main stderr] E0628 00:44:08.268313 188347 log.go:398] failed to check terminal shell support: internal: internal error

2026-06-28 00:44:08.270 [error] [LS Main stderr] E0628 00:44:08.270012 188347 log.go:398] failed to check terminal shell support: internal: internal error

2026-06-28 00:44:08.272 [error] [LS Main stderr] E0628 00:44:08.271954 188347 log.go:398] failed to check terminal shell support: internal: internal error

2026-06-28 00:44:09.612 [error] [LS Main stderr] I0628 00:44:09.611828 188347 http_helpers.go:183] URL: https://daily-cloudcode-pa.googleapis.com/v1internal:loadCodeAssist Trace: 0x8aacd8691fb3ad3e

2026-06-28 00:44:12.579 [error] [LS Main stderr] I0628 00:44:12.579473 188347 http_helpers.go:183] URL: https://daily-cloudcode-pa.googleapis.com/v1internal:loadCodeAssist Trace: 0xffa2b0e224c8fc46

2026-06-28 00:44:13.632 [error] [LS Main stderr] I0628 00:44:13.632253 188347 http_helpers.go:183] URL: https://daily-cloudcode-pa.googleapis.com/v1internal:fetchAvailableModels Trace: 0x749a7746b96ea6ab

2026-06-28 00:44:45.735 [error] [LS Main stderr] E0628 00:44:45.735241 188347 log.go:398] failed to check terminal shell support: internal: internal error

2026-06-28 00:44:45.737 [error] [LS Main stderr] E0628 00:44:45.736867 188347 log.go:398] failed to check terminal shell support: internal: internal error

2026-06-28 00:44:48.833 [error] [LS Main stderr] I0628 00:44:48.833567 188347 http_helpers.go:183] URL: https://daily-cloudcode-pa.googleapis.com/v1internal:loadCodeAssist Trace: 0x9d307254a9746f7

2026-06-28 00:44:49.597 [error] [LS Main stderr] I0628 00:44:49.597012 188347 http_helpers.go:183] URL: https://daily-cloudcode-pa.googleapis.com/v1internal:fetchAvailableModels Trace: 0x52b2727229e0fc6e

2026-06-28 00:44:53.158 [error] [LS Main stderr] I0628 00:44:53.158180 188347 http_helpers.go:183] URL: https://daily-cloudcode-pa.googleapis.com/v1internal:loadCodeAssist Trace: 0xc5d6a2ae3a4e712f

2026-06-28 00:44:54.390 [error] [LS Main stderr] I0628 00:44:54.389775 188347 http_helpers.go:183] URL: https://daily-cloudcode-pa.googleapis.com/v1internal:fetchAvailableModels Trace: 0x17e533ac61c6525a

2026-06-28 00:44:54.677 [error] [LS Main stderr] E0628 00:44:54.675580 188347 log.go:398] failed to check terminal shell support: internal: internal error

2026-06-28 00:44:54.677 [error] [LS Main stderr] E0628 00:44:54.677558 188347 log.go:398] failed to check terminal shell support: internal: internal error

2026-06-28 00:44:55.757 [error] [LS Main stderr] E0628 00:44:55.756596 188347 log.go:398] failed to check terminal shell support: internal: internal error

2026-06-28 00:44:55.766 [error] [LS Main stderr] E0628 00:44:55.764917 188347 log.go:398] failed to check terminal shell support: internal: internal error

2026-06-28 00:45:00.250 [error] [LS Main stderr] E0628 00:45:00.250361 188347 log.go:398] failed to check terminal shell support: internal: internal error

2026-06-28 00:45:00.252 [error] [LS Main stderr] E0628 00:45:00.252215 188347 log.go:398] failed to check terminal shell support: internal: internal error

2026-06-28 00:45:01.095 [error] [LS Main stderr] E0628 00:45:01.093443 188347 log.go:398] failed to check terminal shell support: internal: internal error

2026-06-28 00:45:01.097 [error] [LS Main stderr] E0628 00:45:01.097223 188347 log.go:398] failed to check terminal shell support: internal: internal error

2026-06-28 00:45:03.725 [error] [LS Main stderr] E0628 00:45:03.725848 188347 log.go:398] failed to check terminal shell support: internal: internal error

2026-06-28 00:45:03.728 [error] [LS Main stderr] E0628 00:45:03.727260 188347 log.go:398] failed to check terminal shell support: internal: internal error

2026-06-28 00:45:03.730 [error] [LS Main stderr] E0628 00:45:03.729831 188347 log.go:398] failed to check terminal shell support: internal: internal error

2026-06-28 00:45:03.732 [error] [LS Main stderr] E0628 00:45:03.731562 188347 log.go:398] failed to check terminal shell support: internal: internal error

2026-06-28 00:45:03.821 [error] [LS Main stderr] E0628 00:45:03.821402 188347 log.go:398] failed to check terminal shell support: internal: internal error

2026-06-28 00:45:03.823 [error] [LS Main stderr] E0628 00:45:03.823031 188347 log.go:398] failed to check terminal shell support: internal: internal error

2026-06-28 00:45:03.839 [error] [LS Main stderr] E0628 00:45:03.839351 188347 log.go:398] failed to check terminal shell support: internal: internal error

2026-06-28 00:45:03.842 [error] [LS Main stderr] E0628 00:45:03.841786 188347 log.go:398] failed to check terminal shell support: internal: internal error

2026-06-28 00:45:07.194 [error] [LS Main stderr] E0628 00:45:07.193604 188347 log.go:398] failed to check terminal shell support: internal: internal error

2026-06-28 00:45:07.197 [error] [LS Main stderr] E0628 00:45:07.196733 188347 log.go:398] failed to check terminal shell support: internal: internal error

2026-06-28 00:45:24.427 [error] [LS Main stderr] E0628 00:45:24.427196 188347 log.go:398] failed to check terminal shell support: internal: internal error

2026-06-28 00:45:24.430 [error] [LS Main stderr] E0628 00:45:24.430175 188347 log.go:398] failed to check terminal shell support: internal: internal error

2026-06-28 00:45:24.551 [error] [LS Main stderr] E0628 00:45:24.550485 188347 log.go:398] failed to check terminal shell support: internal: internal error

2026-06-28 00:45:24.552 [error] [LS Main stderr] E0628 00:45:24.552718 188347 log.go:398] failed to check terminal shell support: internal: internal error

2026-06-28 00:45:24.556 [error] [LS Main stderr] E0628 00:45:24.556440 188347 log.go:398] failed to check terminal shell support: internal: internal error

2026-06-28 00:45:24.559 [error] [LS Main stderr] E0628 00:45:24.559452 188347 log.go:398] failed to check terminal shell support: internal: internal error

2026-06-28 00:45:24.561 [error] [LS Main stderr] E0628 00:45:24.561713 188347 log.go:398] failed to check terminal shell support: internal: internal error

2026-06-28 00:45:24.574 [error] [LS Main stderr] E0628 00:45:24.571583 188347 log.go:398] failed to check terminal shell support: internal: internal error

2026-06-28 00:45:24.574 [error] [LS Main stderr] E0628 00:45:24.574351 188347 log.go:398] failed to check terminal shell support: internal: internal error

2026-06-28 00:45:24.719 [error] [LS Main stderr] E0628 00:45:24.718770 188347 log.go:398] failed to check terminal shell support: internal: internal error

2026-06-28 00:45:24.722 [error] [LS Main stderr] E0628 00:45:24.721826 188347 log.go:398] failed to check terminal shell support: internal: internal error

2026-06-28 00:45:24.745 [error] [LS Main stderr] E0628 00:45:24.744845 188347 log.go:398] failed to check terminal shell support: internal: internal error

2026-06-28 00:45:24.747 [error] [LS Main stderr] E0628 00:45:24.747351 188347 log.go:398] failed to check terminal shell support: internal: internal error

2026-06-28 00:45:24.803 [error] [LS Main stderr] E0628 00:45:24.803655 188347 log.go:398] failed to check terminal shell support: internal: internal error

2026-06-28 00:45:24.805 [error] [LS Main stderr] E0628 00:45:24.805115 188347 log.go:398] failed to check terminal shell support: internal: internal error

2026-06-28 00:45:31.664 [error] [LS Main stderr] I0628 00:45:31.664148 188347 http_helpers.go:183] URL: https://daily-cloudcode-pa.googleapis.com/v1internal:streamGenerateContent?alt=sse Trace: 0x209ebd2c00f0d305

2026-06-28 00:45:31.720 [error] [LS Main stderr] E0628 00:45:31.720509 188347 log.go:398] failed to check terminal shell support: internal: internal error

2026-06-28 00:45:31.725 [error] [LS Main stderr] E0628 00:45:31.725085 188347 log.go:398] failed to check terminal shell support: internal: internal error

2026-06-28 00:45:32.530 [error] [LS Main stderr] E0628 00:45:32.529351 188347 log.go:398] failed to check terminal shell support: internal: internal error

2026-06-28 00:45:32.531 [error] [LS Main stderr] E0628 00:45:32.531394 188347 log.go:398] failed to check terminal shell support: internal: internal error

2026-06-28 00:45:32.624 [error] [LS Main stderr] E0628 00:45:32.624340 188347 log.go:398] failed to check terminal shell support: internal: internal error

2026-06-28 00:45:32.628 [error] [LS Main stderr] E0628 00:45:32.627416 188347 log.go:398] failed to check terminal shell support: internal: internal error

2026-06-28 00:45:33.426 [error] [LS Main stderr] E0628 00:45:33.425627 188347 log.go:398] failed to check terminal shell support: internal: internal error

2026-06-28 00:45:33.427 [error] [LS Main stderr] E0628 00:45:33.427392 188347 log.go:398] failed to check terminal shell support: internal: internal error

2026-06-28 00:45:33.484 [error] [LS Main stderr] E0628 00:45:33.483989 188347 log.go:398] agent executor error: RESOURCE_EXHAUSTED (code 429): Individual quota reached. Please upgrade your subscription to increase your limits. Resets in 1h2m14s.: RESOURCE_EXHAUSTED (code 429): Individual quota reached. Please upgrade your subscription to increase your limits. Resets in 1h2m14s.

2026-06-28 00:45:33.507 [error] [LS Main stderr] E0628 00:45:33.506885 188347 log.go:398] failed to check terminal shell support: internal: internal error

2026-06-28 00:45:33.509 [error] [LS Main stderr] E0628 00:45:33.509411 188347 log.go:398] failed to check terminal shell support: internal: internal error

2026-06-28 00:45:33.600 [error] [LS Main stderr] E0628 00:45:33.599859 188347 log.go:398] RESOURCE_EXHAUSTED (code 429): Individual quota reached. Please upgrade your subscription to increase your limits. Resets in 1h2m14s.: RESOURCE_EXHAUSTED (code 429): Individual quota reached. Please upgrade your subscription to increase your limits. Resets in 1h2m14s.

2026-06-28 00:45:33.638 [error] [LS Main stderr] E0628 00:45:33.638272 188347 log.go:398] failed to check terminal shell support: internal: internal error

2026-06-28 00:45:33.643 [error] [LS Main stderr] E0628 00:45:33.643765 188347 log.go:398] failed to check terminal shell support: internal: internal error

2026-06-28 00:45:33.819 [error] [LS Main stderr] E0628 00:45:33.819128 188347 log.go:398] failed to check terminal shell support: internal: internal error

2026-06-28 00:45:33.824 [error] [LS Main stderr] E0628 00:45:33.823898 188347 log.go:398] failed to check terminal shell support: internal: internal error

2026-06-28 00:46:56.345 [error] [LS Main stderr] I0628 00:46:56.345136 188347 http_helpers.go:183] URL: https://daily-cloudcode-pa.googleapis.com/v1internal:streamGenerateContent?alt=sse Trace: 0xb3bd25ef4ffe146b

2026-06-28 00:46:56.754 [error] [LS Main stderr] I0628 00:46:56.754590 188347 http_helpers.go:183] URL: https://daily-cloudcode-pa.googleapis.com/v1internal:streamGenerateContent?alt=sse Trace: 0x477d4f39a5fabd9

2026-06-28 00:49:01.844 [error] [LS Main stderr] I0628 00:49:01.844146 188347 http_helpers.go:183] URL: https://daily-cloudcode-pa.googleapis.com/v1internal:loadCodeAssist Trace: 0x63af7ca77cb70799

2026-06-28 00:49:02.681 [error] [LS Main stderr] I0628 00:49:02.681540 188347 http_helpers.go:183] URL: https://daily-cloudcode-pa.googleapis.com/v1internal:fetchAvailableModels Trace: 0x23c74275d33c0b32

2026-06-28 00:49:02.688 [error] [LS Main stderr] E0628 00:49:02.688461 188347 log.go:398] failed to check terminal shell support: internal: internal error

2026-06-28 00:49:02.690 [error] [LS Main stderr] E0628 00:49:02.690256 188347 log.go:398] failed to check terminal shell support: internal: internal error

2026-06-28 00:49:02.691 [error] [LS Main stderr] E0628 00:49:02.691580 188347 log.go:398] failed to check terminal shell support: internal: internal error

2026-06-28 00:49:02.693 [error] [LS Main stderr] E0628 00:49:02.693149 188347 log.go:398] failed to check terminal shell support: internal: internal error

2026-06-28 00:49:03.803 [error] [LS Main stderr] I0628 00:49:03.802878 188347 http_helpers.go:183] URL: https://daily-cloudcode-pa.googleapis.com/v1internal:streamGenerateContent?alt=sse Trace: 0x2208a417d82f7717

2026-06-28 00:49:04.165 [error] [LS Main stderr] I0628 00:49:04.165066 188347 http_helpers.go:183] URL: https://daily-cloudcode-pa.googleapis.com/v1internal:streamGenerateContent?alt=sse Trace: 0x1c7b20785ab19ff8

2026-06-28 00:49:30.737 [error] [LS Main stderr] E0628 00:49:30.736678 188347 log.go:398] invalid offset 3482

2026-06-28 00:53:58.965 [error] [LS Main stderr] I0628 00:53:58.965192 188347 http_helpers.go:183] URL: https://daily-cloudcode-pa.googleapis.com/v1internal:streamGenerateContent?alt=sse Trace: 0xe047b5b47ac68cd3

2026-06-28 00:53:58.973 [error] [LS Main stderr] I0628 00:53:58.973059 188347 http_helpers.go:183] URL: https://daily-cloudcode-pa.googleapis.com/v1internal:streamGenerateContent?alt=sse Trace: 0xb3afa4fd2355bde5

2026-06-28 00:54:01.487 [error] [LS Main stderr] I0628 00:54:01.487768 188347 http_helpers.go:183] URL: https://daily-cloudcode-pa.googleapis.com/v1internal:loadCodeAssist Trace: 0x751bb08f2f5dc368

2026-06-28 00:54:02.273 [error] [LS Main stderr] I0628 00:54:02.273102 188347 http_helpers.go:183] URL: https://daily-cloudcode-pa.googleapis.com/v1internal:fetchAvailableModels Trace: 0x17dc5c060d8cc949

2026-06-28 00:54:02.286 [error] [LS Main stderr] E0628 00:54:02.285205 188347 log.go:398] failed to check terminal shell support: internal: internal error

2026-06-28 00:54:02.288 [error] [LS Main stderr] E0628 00:54:02.288752 188347 log.go:398] failed to check terminal shell support: internal: internal error

2026-06-28 00:54:03.267 [error] [LS Main stderr] I0628 00:54:03.267066 188347 http_helpers.go:183] URL: https://daily-cloudcode-pa.googleapis.com/v1internal:streamGenerateContent?alt=sse Trace: 0x85bbe2709a6d1e23

2026-06-28 00:54:10.568 [error] [LS Main stderr] I0628 00:54:10.567924 188347 http_helpers.go:183] URL: https://daily-cloudcode-pa.googleapis.com/v1internal:streamGenerateContent?alt=sse Trace: 0xb951a1000d7dd9b

2026-06-28 00:54:13.644 [error] [LS Main stderr] I0628 00:54:13.644693 188347 http_helpers.go:183] URL: https://daily-cloudcode-pa.googleapis.com/v1internal:streamGenerateContent?alt=sse Trace: 0x8ff617db47b04cda

2026-06-28 00:54:13.813 [error] [LS Main stderr] I0628 00:54:13.813146 188347 http_helpers.go:183] URL: https://daily-cloudcode-pa.googleapis.com/v1internal:streamGenerateContent?alt=sse Trace: 0xa8739c4d29095383

2026-06-28 00:54:14.941 [error] [LS Main stderr] I0628 00:54:14.940654 188347 http_helpers.go:183] URL: https://daily-cloudcode-pa.googleapis.com/v1internal:streamGenerateContent?alt=sse Trace: 0xc7acd70f2e9ed612

2026-06-28 00:54:17.706 [error] [LS Main stderr] I0628 00:54:17.705697 188347 http_helpers.go:183] URL: https://daily-cloudcode-pa.googleapis.com/v1internal:streamGenerateContent?alt=sse Trace: 0xcae5e11065879c4e

2026-06-28 00:54:19.246 [error] [LS Main stderr] I0628 00:54:19.246106 188347 http_helpers.go:183] URL: https://daily-cloudcode-pa.googleapis.com/v1internal:streamGenerateContent?alt=sse Trace: 0x74cf794aa03c537d

2026-06-28 00:54:19.570 [error] [LS Main stderr] I0628 00:54:19.570016 188347 http_helpers.go:183] URL: https://daily-cloudcode-pa.googleapis.com/v1internal:streamGenerateContent?alt=sse Trace: 0x55b0d129c3fa686e

2026-06-28 00:54:20.883 [error] [LS Main stderr] I0628 00:54:20.882620 188347 http_helpers.go:183] URL: https://daily-cloudcode-pa.googleapis.com/v1internal:streamGenerateContent?alt=sse Trace: 0x4c38995593917347

2026-06-28 00:54:24.533 [error] [LS Main stderr] I0628 00:54:24.533521 188347 http_helpers.go:183] URL: https://daily-cloudcode-pa.googleapis.com/v1internal:streamGenerateContent?alt=sse Trace: 0xd453a2d695b337d5

2026-06-28 00:54:24.709 [error] [LS Main stderr] I0628 00:54:24.709047 188347 http_helpers.go:183] URL: https://daily-cloudcode-pa.googleapis.com/v1internal:streamGenerateContent?alt=sse Trace: 0x6a0c0f20e5e09f96

2026-06-28 00:54:29.378 [error] [LS Main stderr] I0628 00:54:29.378554 188347 http_helpers.go:183] URL: https://daily-cloudcode-pa.googleapis.com/v1internal:streamGenerateContent?alt=sse Trace: 0x26ec72c59bb676ed
I0628 00:54:29.378729 188347 http_helpers.go:183] URL: https://daily-cloudcode-pa.googleapis.com/v1internal:streamGenerateContent?alt=sse Trace: 0xd57c766d6b2158b8

2026-06-28 00:54:31.784 [error] [LS Main stderr] I0628 00:54:31.783591 188347 http_helpers.go:183] URL: https://daily-cloudcode-pa.googleapis.com/v1internal:streamGenerateContent?alt=sse Trace: 0x12b80546087056c

2026-06-28 00:54:31.958 [error] [LS Main stderr] I0628 00:54:31.957691 188347 http_helpers.go:183] URL: https://daily-cloudcode-pa.googleapis.com/v1internal:streamGenerateContent?alt=sse Trace: 0x221d28bfef7d48a9

2026-06-28 00:54:33.269 [error] [LS Main stderr] I0628 00:54:33.269488 188347 http_helpers.go:183] URL: https://daily-cloudcode-pa.googleapis.com/v1internal:streamGenerateContent?alt=sse Trace: 0x6cc5603752563c41

2026-06-28 00:54:34.398 [error] [LS Main stderr] I0628 00:54:34.398162 188347 http_helpers.go:183] URL: https://daily-cloudcode-pa.googleapis.com/v1internal:streamGenerateContent?alt=sse Trace: 0x4005ffbb18b7fda5

2026-06-28 00:54:34.571 [error] [LS Main stderr] I0628 00:54:34.571239 188347 http_helpers.go:183] URL: https://daily-cloudcode-pa.googleapis.com/v1internal:streamGenerateContent?alt=sse Trace: 0xda33377b7c048570

2026-06-28 00:54:35.625 [error] [LS Main stderr] I0628 00:54:35.625016 188347 http_helpers.go:183] URL: https://daily-cloudcode-pa.googleapis.com/v1internal:streamGenerateContent?alt=sse Trace: 0xe88d390ec5b8a273

2026-06-28 00:54:39.989 [error] [LS Main stderr] I0628 00:54:39.989567 188347 http_helpers.go:183] URL: https://daily-cloudcode-pa.googleapis.com/v1internal:streamGenerateContent?alt=sse Trace: 0xf4ba1069c143881b

2026-06-28 00:54:42.976 [error] [LS Main stderr] I0628 00:54:42.976069 188347 http_helpers.go:183] URL: https://daily-cloudcode-pa.googleapis.com/v1internal:streamGenerateContent?alt=sse Trace: 0xa8c279f1d1df727f

2026-06-28 00:54:43.147 [error] [LS Main stderr] I0628 00:54:43.146762 188347 http_helpers.go:183] URL: https://daily-cloudcode-pa.googleapis.com/v1internal:streamGenerateContent?alt=sse Trace: 0xaa37798173cce141

2026-06-28 00:54:44.432 [error] [LS Main stderr] I0628 00:54:44.432226 188347 http_helpers.go:183] URL: https://daily-cloudcode-pa.googleapis.com/v1internal:streamGenerateContent?alt=sse Trace: 0x368684b68f445ac6

2026-06-28 00:56:07.173 [error] [LS Main stderr] I0628 00:56:07.173454 188347 http_helpers.go:183] URL: https://daily-cloudcode-pa.googleapis.com/v1internal:streamGenerateContent?alt=sse Trace: 0x828f2144f4055d9b

2026-06-28 00:56:07.233 [error] [LS Main stderr] I0628 00:56:07.233005 188347 http_helpers.go:183] URL: https://daily-cloudcode-pa.googleapis.com/v1internal:streamGenerateContent?alt=sse Trace: 0x808d5a22d879c3e0

2026-06-28 00:56:08.710 [error] [LS Main stderr] I0628 00:56:08.710154 188347 http_helpers.go:183] URL: https://daily-cloudcode-pa.googleapis.com/v1internal:streamGenerateContent?alt=sse Trace: 0xac65a05a86cab411

2026-06-28 00:59:02.387 [error] [LS Main stderr] I0628 00:59:02.387066 188347 http_helpers.go:183] URL: https://daily-cloudcode-pa.googleapis.com/v1internal:loadCodeAssist Trace: 0xf2ab4d9a92500a61

2026-06-28 00:59:03.204 [error] [LS Main stderr] I0628 00:59:03.204625 188347 http_helpers.go:183] URL: https://daily-cloudcode-pa.googleapis.com/v1internal:fetchAvailableModels Trace: 0x5c5066651078c452

2026-06-28 00:59:03.207 [error] [LS Main stderr] E0628 00:59:03.207157 188347 log.go:398] failed to check terminal shell support: internal: internal error

2026-06-28 00:59:03.209 [error] [LS Main stderr] E0628 00:59:03.208917 188347 log.go:398] failed to check terminal shell support: internal: internal error

2026-06-28 00:59:08.526 [error] [LS Main stderr] E0628 00:59:08.526547 188347 log.go:398] Failed to set trajectory start index for sync refresh: could not convert a single message before hitting truncation; the most recent step (run_command) is too large to fit in the available context. It has ~2846 tokens (text: 2846, image: 0), exceeding the cascade_config.checkpoint_config.max_token_limit (1920). Consider reducing the size of the system instructions, or adjusting tool implementations to return smaller outputs

2026-06-28 00:59:08.529 [error] [LS Main stderr] E0628 00:59:08.529008 188347 log.go:398] Failed to set trajectory start index for async refresh: could not convert a single message before hitting truncation; the most recent step (run_command) is too large to fit in the available context. It has ~2846 tokens (text: 2846, image: 0), exceeding the cascade_config.checkpoint_config.max_token_limit (1920). Consider reducing the size of the system instructions, or adjusting tool implementations to return smaller outputs

2026-06-28 00:59:09.656 [error] [LS Main stderr] I0628 00:59:09.655938 188347 http_helpers.go:183] URL: https://daily-cloudcode-pa.googleapis.com/v1internal:streamGenerateContent?alt=sse Trace: 0xbf437235708a9451

2026-06-28 00:59:09.797 [error] [LS Main stderr] I0628 00:59:09.797377 188347 http_helpers.go:183] URL: https://daily-cloudcode-pa.googleapis.com/v1internal:streamGenerateContent?alt=sse Trace: 0xa0cac0bd7c1579e

2026-06-28 00:59:24.788 [error] [LS Main stderr] E0628 00:59:24.788117 188347 log.go:398] Failed to set trajectory start index for sync refresh: could not convert a single message before hitting truncation; the most recent step (run_command) is too large to fit in the available context. It has ~2846 tokens (text: 2846, image: 0), exceeding the cascade_config.checkpoint_config.max_token_limit (1920). Consider reducing the size of the system instructions, or adjusting tool implementations to return smaller outputs

2026-06-28 00:59:24.791 [error] [LS Main stderr] E0628 00:59:24.791632 188347 log.go:398] Failed to set trajectory start index for async refresh: could not convert a single message before hitting truncation; the most recent step (run_command) is too large to fit in the available context. It has ~2846 tokens (text: 2846, image: 0), exceeding the cascade_config.checkpoint_config.max_token_limit (1920). Consider reducing the size of the system instructions, or adjusting tool implementations to return smaller outputs

2026-06-28 00:59:26.040 [error] [LS Main stderr] I0628 00:59:26.039987 188347 http_helpers.go:183] URL: https://daily-cloudcode-pa.googleapis.com/v1internal:streamGenerateContent?alt=sse Trace: 0x63cf787caaf104d0

2026-06-28 00:59:26.656 [error] [LS Main stderr] I0628 00:59:26.655995 188347 http_helpers.go:183] URL: https://daily-cloudcode-pa.googleapis.com/v1internal:streamGenerateContent?alt=sse Trace: 0x5b9138a076d6f56d

2026-06-28 00:59:38.576 [error] [LS Main stderr] E0628 00:59:38.576090 188347 log.go:398] Failed to set trajectory start index for sync refresh: could not convert a single message before hitting truncation; the most recent step (run_command) is too large to fit in the available context. It has ~2846 tokens (text: 2846, image: 0), exceeding the cascade_config.checkpoint_config.max_token_limit (1920). Consider reducing the size of the system instructions, or adjusting tool implementations to return smaller outputs

2026-06-28 00:59:38.583 [error] [LS Main stderr] E0628 00:59:38.582723 188347 log.go:398] Failed to set trajectory start index for async refresh: could not convert a single message before hitting truncation; the most recent step (run_command) is too large to fit in the available context. It has ~2846 tokens (text: 2846, image: 0), exceeding the cascade_config.checkpoint_config.max_token_limit (1920). Consider reducing the size of the system instructions, or adjusting tool implementations to return smaller outputs

2026-06-28 00:59:39.761 [error] [LS Main stderr] I0628 00:59:39.761272 188347 http_helpers.go:183] URL: https://daily-cloudcode-pa.googleapis.com/v1internal:streamGenerateContent?alt=sse Trace: 0x10c3560ba48061c9

2026-06-28 00:59:40.433 [error] [LS Main stderr] I0628 00:59:40.432988 188347 http_helpers.go:183] URL: https://daily-cloudcode-pa.googleapis.com/v1internal:streamGenerateContent?alt=sse Trace: 0x27b9ce55851ab4a2

2026-06-28 01:00:03.453 [error] [LS Main stderr] E0628 01:00:03.453125 188347 log.go:398] Failed to set trajectory start index for sync refresh: could not convert a single message before hitting truncation; the most recent step (run_command) is too large to fit in the available context. It has ~2846 tokens (text: 2846, image: 0), exceeding the cascade_config.checkpoint_config.max_token_limit (1920). Consider reducing the size of the system instructions, or adjusting tool implementations to return smaller outputs

2026-06-28 01:00:03.455 [error] [LS Main stderr] E0628 01:00:03.455611 188347 log.go:398] Failed to set trajectory start index for async refresh: could not convert a single message before hitting truncation; the most recent step (run_command) is too large to fit in the available context. It has ~2846 tokens (text: 2846, image: 0), exceeding the cascade_config.checkpoint_config.max_token_limit (1920). Consider reducing the size of the system instructions, or adjusting tool implementations to return smaller outputs

2026-06-28 01:00:04.850 [error] [LS Main stderr] I0628 01:00:04.849936 188347 http_helpers.go:183] URL: https://daily-cloudcode-pa.googleapis.com/v1internal:streamGenerateContent?alt=sse Trace: 0x160bcca6283f0b61

2026-06-28 01:00:04.912 [error] [LS Main stderr] I0628 01:00:04.912582 188347 http_helpers.go:183] URL: https://daily-cloudcode-pa.googleapis.com/v1internal:streamGenerateContent?alt=sse Trace: 0x882802a8da5e4c18

2026-06-28 01:00:10.666 [error] [LS Main stderr] E0628 01:00:10.666154 188347 log.go:398] Failed to set trajectory start index for sync refresh: could not convert a single message before hitting truncation; the most recent step (run_command) is too large to fit in the available context. It has ~2846 tokens (text: 2846, image: 0), exceeding the cascade_config.checkpoint_config.max_token_limit (1920). Consider reducing the size of the system instructions, or adjusting tool implementations to return smaller outputs

2026-06-28 01:00:10.671 [error] [LS Main stderr] E0628 01:00:10.671046 188347 log.go:398] Failed to set trajectory start index for async refresh: could not convert a single message before hitting truncation; the most recent step (run_command) is too large to fit in the available context. It has ~2846 tokens (text: 2846, image: 0), exceeding the cascade_config.checkpoint_config.max_token_limit (1920). Consider reducing the size of the system instructions, or adjusting tool implementations to return smaller outputs

2026-06-28 01:00:12.120 [error] [LS Main stderr] I0628 01:00:12.120715 188347 http_helpers.go:183] URL: https://daily-cloudcode-pa.googleapis.com/v1internal:streamGenerateContent?alt=sse Trace: 0x86c53fc03ccf03ca

2026-06-28 01:00:12.324 [error] [LS Main stderr] I0628 01:00:12.324310 188347 http_helpers.go:183] URL: https://daily-cloudcode-pa.googleapis.com/v1internal:streamGenerateContent?alt=sse Trace: 0xea834f3f7c2f101b

2026-06-28 01:02:06.321 [error] [LS Main stderr] E0628 01:02:06.321179 188347 log.go:398] Failed to set trajectory start index for sync refresh: could not convert a single message before hitting truncation; the most recent step (run_command) is too large to fit in the available context. It has ~2846 tokens (text: 2846, image: 0), exceeding the cascade_config.checkpoint_config.max_token_limit (1920). Consider reducing the size of the system instructions, or adjusting tool implementations to return smaller outputs

2026-06-28 01:02:06.326 [error] [LS Main stderr] E0628 01:02:06.326787 188347 log.go:398] Failed to set trajectory start index for async refresh: could not convert a single message before hitting truncation; the most recent step (run_command) is too large to fit in the available context. It has ~2846 tokens (text: 2846, image: 0), exceeding the cascade_config.checkpoint_config.max_token_limit (1920). Consider reducing the size of the system instructions, or adjusting tool implementations to return smaller outputs

2026-06-28 01:02:07.745 [error] [LS Main stderr] I0628 01:02:07.745112 188347 http_helpers.go:183] URL: https://daily-cloudcode-pa.googleapis.com/v1internal:streamGenerateContent?alt=sse Trace: 0x5dc99714ca6bb358

2026-06-28 01:02:07.936 [error] [LS Main stderr] I0628 01:02:07.935887 188347 http_helpers.go:183] URL: https://daily-cloudcode-pa.googleapis.com/v1internal:streamGenerateContent?alt=sse Trace: 0x410da5c1d3b49db8

2026-06-28 01:04:01.634 [error] [LS Main stderr] I0628 01:04:01.634216 188347 http_helpers.go:183] URL: https://daily-cloudcode-pa.googleapis.com/v1internal:loadCodeAssist Trace: 0xc9004e5fc3ead83e

2026-06-28 01:04:02.654 [error] [LS Main stderr] I0628 01:04:02.654731 188347 http_helpers.go:183] URL: https://daily-cloudcode-pa.googleapis.com/v1internal:fetchAvailableModels Trace: 0x65f63c1c4fac07a

2026-06-28 01:04:02.662 [error] [LS Main stderr] E0628 01:04:02.662380 188347 log.go:398] failed to check terminal shell support: internal: internal error

2026-06-28 01:04:02.665 [error] [LS Main stderr] E0628 01:04:02.665174 188347 log.go:398] failed to check terminal shell support: internal: internal error

2026-06-28 01:04:44.201 [error] [LS Main stderr] I0628 01:04:44.200764 188347 http_helpers.go:183] URL: https://daily-cloudcode-pa.googleapis.com/v1internal:streamGenerateContent?alt=sse Trace: 0x81476bf422e07129

2026-06-28 01:04:44.610 [error] [LS Main stderr] I0628 01:04:44.610141 188347 http_helpers.go:183] URL: https://daily-cloudcode-pa.googleapis.com/v1internal:streamGenerateContent?alt=sse Trace: 0xae5f0e9fb7466b61

2026-06-28 01:04:45.634 [error] [LS Main stderr] I0628 01:04:45.634378 188347 http_helpers.go:183] URL: https://daily-cloudcode-pa.googleapis.com/v1internal:streamGenerateContent?alt=sse Trace: 0x6ea42016ea6182ae

2026-06-28 01:04:58.332 [error] [LS Main stderr] I0628 01:04:58.332179 188347 http_helpers.go:183] URL: https://daily-cloudcode-pa.googleapis.com/v1internal:streamGenerateContent?alt=sse Trace: 0xeb3ed5bb34425cd0

2026-06-28 01:04:58.491 [error] [LS Main stderr] I0628 01:04:58.491176 188347 http_helpers.go:183] URL: https://daily-cloudcode-pa.googleapis.com/v1internal:streamGenerateContent?alt=sse Trace: 0x5586b288b6637d51

2026-06-28 01:05:00.790 [error] [LS Main stderr] I0628 01:05:00.789735 188347 http_helpers.go:183] URL: https://daily-cloudcode-pa.googleapis.com/v1internal:streamGenerateContent?alt=sse Trace: 0x528c2137919bd121

2026-06-28 01:05:03.042 [error] [LS Main stderr] I0628 01:05:03.042213 188347 http_helpers.go:183] URL: https://daily-cloudcode-pa.googleapis.com/v1internal:streamGenerateContent?alt=sse Trace: 0x323bdc16e548dbba

2026-06-28 01:05:03.042 [error] [LS Main stderr] I0628 01:05:03.042325 188347 http_helpers.go:183] URL: https://daily-cloudcode-pa.googleapis.com/v1internal:streamGenerateContent?alt=sse Trace: 0x7fa5340b5855bea8

2026-06-28 01:07:13.603 [error] [LS Main stderr] I0628 01:07:13.603659 188347 http_helpers.go:183] URL: https://daily-cloudcode-pa.googleapis.com/v1internal:streamGenerateContent?alt=sse Trace: 0x32a6fe6f4d177e6f

2026-06-28 01:07:13.682 [error] [LS Main stderr] I0628 01:07:13.682273 188347 http_helpers.go:183] URL: https://daily-cloudcode-pa.googleapis.com/v1internal:streamGenerateContent?alt=sse Trace: 0x88ffbe0bd1dad768

2026-06-28 01:07:15.345 [error] [LS Main stderr] I0628 01:07:15.344841 188347 http_helpers.go:183] URL: https://daily-cloudcode-pa.googleapis.com/v1internal:streamGenerateContent?alt=sse Trace: 0x5cf5d12fe406d6a8

2026-06-28 01:09:02.661 [error] [LS Main stderr] I0628 01:09:02.661233 188347 http_helpers.go:183] URL: https://daily-cloudcode-pa.googleapis.com/v1internal:loadCodeAssist Trace: 0xfbefa1937d07b1c9

2026-06-28 01:09:03.481 [error] [LS Main stderr] I0628 01:09:03.481114 188347 http_helpers.go:183] URL: https://daily-cloudcode-pa.googleapis.com/v1internal:fetchAvailableModels Trace: 0x69152fa5dcb9e0ad

2026-06-28 01:09:03.485 [error] [LS Main stderr] E0628 01:09:03.485543 188347 log.go:398] failed to check terminal shell support: internal: internal error

2026-06-28 01:09:03.486 [error] [LS Main stderr] E0628 01:09:03.486928 188347 log.go:398] failed to check terminal shell support: internal: internal error

2026-06-28 01:11:36.352 [error] [LS Main stderr] I0628 01:11:36.352009 188347 http_helpers.go:183] URL: https://daily-cloudcode-pa.googleapis.com/v1internal:loadCodeAssist Trace: 0x7a86d45ed239e52d

2026-06-28 01:11:37.369 [error] [LS Main stderr] I0628 01:11:37.369609 188347 http_helpers.go:183] URL: https://daily-cloudcode-pa.googleapis.com/v1internal:fetchAvailableModels Trace: 0x6caf320b33664a79

