2026-06-28 02:49:55.891 [info] Extension host with pid 571444 started
2026-06-28 02:49:55.891 [info] Skipping acquiring lock for /home/ladybug-me/.config/Antigravity IDE/User/workspaceStorage/48dee0af0a7ade50dd6f2f28e680cb1c.
2026-06-28 02:49:55.990 [info] ExtensionService#_doActivateExtension vscode.emmet, startup: false, activationEvent: 'onLanguage'
2026-06-28 02:49:56.015 [info] ExtensionService#_doActivateExtension vscode.extension-editing, startup: false, activationEvent: 'onLanguage:markdown'
2026-06-28 02:49:56.205 [info] ExtensionService#_doActivateExtension vscode.markdown-language-features, startup: false, activationEvent: 'onLanguage:markdown'
2026-06-28 02:49:56.578 [info] ExtensionService#_doActivateExtension vscode.git-base, startup: true, activationEvent: '*', root cause: google.antigravity
2026-06-28 02:49:56.585 [info] ExtensionService#_doActivateExtension vscode.markdown-math, startup: false, activationEvent: 'api', root cause: vscode.markdown-language-features
2026-06-28 02:49:56.675 [info] ExtensionService#_doActivateExtension vscode.terminal-suggest, startup: false, activationEvent: 'onTerminalShellIntegration:*'
2026-06-28 02:49:56.751 [info] ExtensionService#_doActivateExtension vscode.git, startup: true, activationEvent: '*', root cause: google.antigravity
2026-06-28 02:49:56.815 [info] ExtensionService#_doActivateExtension vscode.github, startup: true, activationEvent: '*'
2026-06-28 02:49:56.936 [info] ExtensionService#_doActivateExtension google.antigravity, startup: true, activationEvent: '*'
2026-06-28 02:49:57.026 [warning] [Decorations] CAPPING events from decorations provider vscode.git 708
2026-06-28 02:49:57.322 [warning] [Decorations] CAPPING events from decorations provider vscode.git 708
2026-06-28 02:49:57.342 [info] ExtensionService#_doActivateExtension vscode.github-authentication, startup: false, activationEvent: 'onAuthenticationRequest:github'
2026-06-28 02:50:03.403 [info] Eager extensions activated
2026-06-28 02:50:03.449 [info] ExtensionService#_doActivateExtension google.antigravity-dev-containers, startup: false, activationEvent: 'onStartupFinished'
2026-06-28 02:50:03.455 [info] ExtensionService#_doActivateExtension vscode.debug-auto-launch, startup: false, activationEvent: 'onStartupFinished'
2026-06-28 02:50:03.457 [info] ExtensionService#_doActivateExtension vscode.merge-conflict, startup: false, activationEvent: 'onStartupFinished'
2026-06-28 02:50:04.445 [error] l: Language server has not been started!
	at get client (file:///opt/antigravity-ide/resources/app/extensions/antigravity/dist/extension.js:2:956087)
	at file:///opt/antigravity-ide/resources/app/extensions/antigravity/dist/extension.js:2:870550
2026-06-28 02:50:05.449 [error] ExtensionError: Error in extension google.antigravity: FAILED to handle event
	at PR.value (file:///opt/antigravity-ide/resources/app/out/vs/workbench/api/node/extensionHostProcess.js:228:136952)
	at Y._deliver (file:///opt/antigravity-ide/resources/app/out/vs/workbench/api/node/extensionHostProcess.js:27:2904)
	at Y._deliverQueue (file:///opt/antigravity-ide/resources/app/out/vs/workbench/api/node/extensionHostProcess.js:27:2995)
	at Y.fire (file:///opt/antigravity-ide/resources/app/out/vs/workbench/api/node/extensionHostProcess.js:27:3331)
	at PR.value (file:///opt/antigravity-ide/resources/app/out/vs/workbench/api/node/extensionHostProcess.js:228:82029)
	at Y._deliver (file:///opt/antigravity-ide/resources/app/out/vs/workbench/api/node/extensionHostProcess.js:27:2904)
	at Y.fire (file:///opt/antigravity-ide/resources/app/out/vs/workbench/api/node/extensionHostProcess.js:27:3224)
	at e9.acceptDocumentsAndEditorsDelta (file:///opt/antigravity-ide/resources/app/out/vs/workbench/api/node/extensionHostProcess.js:139:15710)
	at e9.$acceptDocumentsAndEditorsDelta (file:///opt/antigravity-ide/resources/app/out/vs/workbench/api/node/extensionHostProcess.js:139:13935)
	at fU._doInvokeHandler (file:///opt/antigravity-ide/resources/app/out/vs/workbench/api/node/extensionHostProcess.js:43:135585)
	at fU._invokeHandler (file:///opt/antigravity-ide/resources/app/out/vs/workbench/api/node/extensionHostProcess.js:43:135329)
	at fU._receiveRequest (file:///opt/antigravity-ide/resources/app/out/vs/workbench/api/node/extensionHostProcess.js:43:134094)
	at fU._receiveOneMessage (file:///opt/antigravity-ide/resources/app/out/vs/workbench/api/node/extensionHostProcess.js:43:132920)
	at PR.value (file:///opt/antigravity-ide/resources/app/out/vs/workbench/api/node/extensionHostProcess.js:43:131018)
	at Y._deliver (file:///opt/antigravity-ide/resources/app/out/vs/workbench/api/node/extensionHostProcess.js:27:2904)
	at Y.fire (file:///opt/antigravity-ide/resources/app/out/vs/workbench/api/node/extensionHostProcess.js:27:3224)
	at bc.fire (file:///opt/antigravity-ide/resources/app/out/vs/workbench/api/node/extensionHostProcess.js:43:10941)
	at PR.value (file:///opt/antigravity-ide/resources/app/out/vs/workbench/api/node/extensionHostProcess.js:420:10015)
	at Y._deliver (file:///opt/antigravity-ide/resources/app/out/vs/workbench/api/node/extensionHostProcess.js:27:2904)
	at Y.fire (file:///opt/antigravity-ide/resources/app/out/vs/workbench/api/node/extensionHostProcess.js:27:3224)
	at bc.fire (file:///opt/antigravity-ide/resources/app/out/vs/workbench/api/node/extensionHostProcess.js:43:10941)
	at MessagePortMain.<anonymous> (file:///opt/antigravity-ide/resources/app/out/vs/workbench/api/node/extensionHostProcess.js:420:8163)
	at MessagePortMain.emit (node:events:519:28)
	at MessagePortMain._internalPort.emit (node:electron/js2c/utility_init:2:2949)
2026-06-28 02:50:05.966 [error] l: Language server has not been started!
	at get client (file:///opt/antigravity-ide/resources/app/extensions/antigravity/dist/extension.js:2:956087)
	at i.debounce.leading (file:///opt/antigravity-ide/resources/app/extensions/antigravity/dist/extension.js:2:557678)
	at h (file:///opt/antigravity-ide/resources/app/extensions/antigravity/dist/extension.js:2:84708)
	at m (file:///opt/antigravity-ide/resources/app/extensions/antigravity/dist/extension.js:2:84915)
	at Timeout.b [as _onTimeout] (file:///opt/antigravity-ide/resources/app/extensions/antigravity/dist/extension.js:2:84817)
	at listOnTimeout (node:internal/timers:588:17)
	at process.processTimers (node:internal/timers:523:7)
2026-06-28 02:50:06.592 [error] l: Language server has not been started!
	at get client (file:///opt/antigravity-ide/resources/app/extensions/antigravity/dist/extension.js:2:956087)
	at W._getSupercompleteItems (file:///opt/antigravity-ide/resources/app/extensions/antigravity/dist/extension.js:2:415028)
2026-06-28 02:50:06.592 [error] l: Language server has not been started!
	at get client (file:///opt/antigravity-ide/resources/app/extensions/antigravity/dist/extension.js:2:956087)
	at X._getTabJumpItems (file:///opt/antigravity-ide/resources/app/extensions/antigravity/dist/extension.js:2:542724)
2026-06-28 02:51:24.520 [warning] [Decorations] CAPPING events from decorations provider vscode.git 708
2026-06-28 02:51:37.800 [warning] [Decorations] CAPPING events from decorations provider vscode.git 708
2026-06-28 02:52:11.057 [warning] [Decorations] CAPPING events from decorations provider vscode.git 708
2026-06-28 02:52:29.312 [error] ConnectError: [unknown] run state not found
	at d (file:///opt/antigravity-ide/resources/app/extensions/antigravity/dist/extension.js:2:1738034)
	at u (file:///opt/antigravity-ide/resources/app/extensions/antigravity/dist/extension.js:2:1738430)
	at next (file:///opt/antigravity-ide/resources/app/extensions/antigravity/dist/extension.js:2:1424426)
	at process.processTicksAndRejections (node:internal/process/task_queues:105:5)
	at async file:///opt/antigravity-ide/resources/app/extensions/antigravity/dist/extension.js:2:1327068
	at async file:///opt/antigravity-ide/resources/app/extensions/antigravity/dist/extension.js:2:1326927
	at async Object.unary (file:///opt/antigravity-ide/resources/app/extensions/antigravity/dist/extension.js:2:1423397)
	at async Object.acknowledgeCodeActionStep (file:///opt/antigravity-ide/resources/app/extensions/antigravity/dist/extension.js:2:1766536)
2026-06-28 02:54:16.567 [warning] [Decorations] CAPPING events from decorations provider vscode.git 708
2026-06-28 02:57:41.352 [warning] [Decorations] CAPPING events from decorations provider vscode.git 708
2026-06-28 02:58:37.841 [warning] [Decorations] CAPPING events from decorations provider vscode.git 714
2026-06-28 02:58:42.873 [warning] [Decorations] CAPPING events from decorations provider vscode.git 710
2026-06-28 02:59:23.787 [info] Extension host terminating: renderer closed the MessagePort
2026-06-28 02:59:23.809 [info] Extension host with pid 571444 exiting with code 0
