2026-06-28 02:59:38.763 [info] [LS Main] Starting language server from: /opt/antigravity-ide/resources/app/extensions/antigravity/bin/language_server_linux_x64
2026-06-28 02:59:38.997 [info] [LS Main] Args: --csrf_token a4222f5c-2aa6-4180-9ba1-b55190799577 --extension_server_port 44489 --extension_server_csrf_token 15c1228a-25f2-4110-9f3a-5e11878db06b --app_data_dir antigravity-ide --subclient_type ide --cloud_code_endpoint https://cloudcode-pa.googleapis.com
2026-06-28 02:59:39.059 [info] [LS Main] Process spawned with PID: 598330
2026-06-28 02:59:39.285 [error] [LS Main stderr] I0628 02:59:39.285025 598330 server.go:1296] Starting language server process with pid 598330
I0628 02:59:39.285099 598330 server.go:336] Setting GOMAXPROCS to 4

2026-06-28 02:59:39.286 [error] [LS Main stderr] I0628 02:59:39.286057 598330 server.go:479] Language server will attempt to listen on host localhost

2026-06-28 02:59:39.288 [error] [LS Main stderr] I0628 02:59:39.288278 598330 server.go:493] Language server listening on random port at 43425 for HTTPS (gRPC)

2026-06-28 02:59:39.288 [error] [LS Main stderr] I0628 02:59:39.288660 598330 server.go:500] Language server listening on random port at 41371 for HTTP

2026-06-28 02:59:39.813 [error] [LS Main stderr] I0628 02:59:39.812962 598330 server.go:472] Created extension server client at port 44489

2026-06-28 02:59:39.867 [error] [LS Main stderr] I0628 02:59:39.867109 598330 manager.go:92] Creating trajectory store manager with proto store and SQLite store

2026-06-28 02:59:40.267 [error] No LS client info found for local authority
2026-06-28 02:59:42.867 [error] [LS Main stderr] E0628 02:59:42.867709 598330 log.go:398] WaitForReady failed: context deadline exceeded

2026-06-28 02:59:42.868 [error] [LS Main stderr] I0628 02:59:42.867954 598330 server.go:2283] Auth succeeded, refreshing features and managers

2026-06-28 02:59:43.081 [error] [LS Main stderr] I0628 02:59:43.080839 598330 http_helpers.go:183] URL: https://cloudcode-pa.googleapis.com/v1internal:loadCodeAssist Trace: 0xf237732cf7bade14

2026-06-28 02:59:44.571 [error] [LS Main stderr] I0628 02:59:44.571245 598330 http_helpers.go:183] URL: https://cloudcode-pa.googleapis.com/v1internal:fetchAvailableModels Trace: 0x8c827b72c0e98825

2026-06-28 02:59:44.577 [error] [LS Main stderr] I0628 02:59:44.577589 598330 server.go:2289] State refresh took 1709ms

2026-06-28 02:59:44.584 [info] [LS Main] LS started on port 43425
2026-06-28 02:59:44.589 [error] [LS Main stderr] I0628 02:59:44.589377 598330 server.go:1944] initialized server successfully in 5.304256216s

2026-06-28 02:59:44.601 [error] [LS Main stderr] 2026/06/28 02:59:44 http: TLS handshake error from 127.0.0.1:51898: remote error: tls: unknown certificate
2026/06/28 02:59:44 http: TLS handshake error from 127.0.0.1:51884: remote error: tls: unknown certificate

2026-06-28 02:59:44.602 [error] [LS Main stderr] 2026/06/28 02:59:44 http: TLS handshake error from 127.0.0.1:51914: remote error: tls: unknown certificate
2026/06/28 02:59:44 http: TLS handshake error from 127.0.0.1:51926: remote error: tls: unknown certificate

2026-06-28 02:59:44.697 [error] [LS Main stderr] E0628 02:59:44.692849 598330 interceptor.go:74] /exa.language_server_pb.LanguageServerService/GetSlashCommands (unknown): failed to resolve cascade config: neither PlanModel nor RequestedModel specified. You must specify a valid model.
E0628 02:59:44.693067 598330 interceptor.go:74] /exa.language_server_pb.LanguageServerService/GetSlashCommands (unknown): failed to resolve cascade config: neither PlanModel nor RequestedModel specified. You must specify a valid model.

2026-06-28 02:59:44.747 [error] [LS Main stderr] E0628 02:59:44.747073 598330 interceptor.go:74] /exa.language_server_pb.LanguageServerService/GetSlashCommands (unknown): failed to resolve cascade config: neither PlanModel nor RequestedModel specified. You must specify a valid model.

2026-06-28 02:59:44.747 [error] [LS Main stderr] E0628 02:59:44.747357 598330 interceptor.go:74] /exa.language_server_pb.LanguageServerService/GetSlashCommands (unknown): failed to resolve cascade config: neither PlanModel nor RequestedModel specified. You must specify a valid model.
E0628 02:59:44.747427 598330 interceptor.go:74] /exa.language_server_pb.LanguageServerService/GetSlashCommands (unknown): failed to resolve cascade config: neither PlanModel nor RequestedModel specified. You must specify a valid model.

2026-06-28 02:59:44.747 [error] [LS Main stderr] E0628 02:59:44.747747 598330 interceptor.go:74] /exa.language_server_pb.LanguageServerService/GetSlashCommands (unknown): failed to resolve cascade config: neither PlanModel nor RequestedModel specified. You must specify a valid model.

2026-06-28 02:59:44.748 [error] [LS Main stderr] E0628 02:59:44.747862 598330 interceptor.go:74] /exa.language_server_pb.LanguageServerService/GetSlashCommands (unknown): failed to resolve cascade config: neither PlanModel nor RequestedModel specified. You must specify a valid model.

2026-06-28 02:59:44.751 [error] [LS Main stderr] E0628 02:59:44.751242 598330 interceptor.go:74] /exa.language_server_pb.LanguageServerService/GetSlashCommands (unknown): failed to resolve cascade config: neither PlanModel nor RequestedModel specified. You must specify a valid model.

2026-06-28 02:59:44.751 [error] [LS Main stderr] E0628 02:59:44.751586 598330 interceptor.go:74] /exa.language_server_pb.LanguageServerService/GetSlashCommands (unknown): failed to resolve cascade config: neither PlanModel nor RequestedModel specified. You must specify a valid model.

2026-06-28 02:59:44.752 [error] [LS Main stderr] E0628 02:59:44.752108 598330 interceptor.go:74] /exa.language_server_pb.LanguageServerService/GetSlashCommands (unknown): failed to resolve cascade config: neither PlanModel nor RequestedModel specified. You must specify a valid model.

2026-06-28 02:59:47.425 [error] [LS Main stderr] I0628 02:59:47.425463 598330 http_helpers.go:183] URL: https://daily-cloudcode-pa.googleapis.com/v1internal:loadCodeAssist Trace: 0x88d4961322c45d47

2026-06-28 02:59:48.149 [error] [LS Main stderr] I0628 02:59:48.149194 598330 http_helpers.go:183] URL: https://daily-cloudcode-pa.googleapis.com/v1internal:fetchAvailableModels Trace: 0x189004dc0fee2fd3

2026-06-28 02:59:48.161 [error] [LS Main stderr] E0628 02:59:48.160705 598330 log.go:398] failed to check terminal shell support: internal: internal error

2026-06-28 02:59:48.163 [error] [LS Main stderr] E0628 02:59:48.163501 598330 log.go:398] failed to check terminal shell support: internal: internal error

2026-06-28 02:59:48.167 [error] [LS Main stderr] E0628 02:59:48.167184 598330 log.go:398] failed to check terminal shell support: internal: internal error

2026-06-28 02:59:48.169 [error] [LS Main stderr] E0628 02:59:48.169710 598330 log.go:398] failed to check terminal shell support: internal: internal error

2026-06-28 02:59:48.171 [error] [LS Main stderr] E0628 02:59:48.171510 598330 log.go:398] failed to check terminal shell support: internal: internal error

2026-06-28 02:59:48.173 [error] [LS Main stderr] E0628 02:59:48.173254 598330 log.go:398] failed to check terminal shell support: internal: internal error

2026-06-28 02:59:48.175 [error] [LS Main stderr] E0628 02:59:48.175420 598330 log.go:398] failed to check terminal shell support: internal: internal error

2026-06-28 02:59:48.177 [error] [LS Main stderr] E0628 02:59:48.177341 598330 log.go:398] failed to check terminal shell support: internal: internal error

2026-06-28 02:59:48.179 [error] [LS Main stderr] E0628 02:59:48.178826 598330 log.go:398] failed to check terminal shell support: internal: internal error

2026-06-28 02:59:48.180 [error] [LS Main stderr] E0628 02:59:48.180244 598330 log.go:398] failed to check terminal shell support: internal: internal error

2026-06-28 02:59:48.181 [error] [LS Main stderr] E0628 02:59:48.181428 598330 log.go:398] failed to check terminal shell support: internal: internal error

2026-06-28 02:59:48.183 [error] [LS Main stderr] E0628 02:59:48.183142 598330 log.go:398] failed to check terminal shell support: internal: internal error

2026-06-28 02:59:48.184 [error] [LS Main stderr] E0628 02:59:48.184474 598330 log.go:398] failed to check terminal shell support: internal: internal error

2026-06-28 02:59:48.188 [error] [LS Main stderr] E0628 02:59:48.187492 598330 log.go:398] failed to check terminal shell support: internal: internal error

2026-06-28 02:59:48.191 [error] [LS Main stderr] E0628 02:59:48.190375 598330 log.go:398] failed to check terminal shell support: internal: internal error

2026-06-28 02:59:48.193 [error] [LS Main stderr] E0628 02:59:48.192860 598330 log.go:398] failed to check terminal shell support: internal: internal error

2026-06-28 02:59:48.195 [error] [LS Main stderr] E0628 02:59:48.194834 598330 log.go:398] failed to check terminal shell support: internal: internal error

2026-06-28 02:59:48.197 [error] [LS Main stderr] E0628 02:59:48.197359 598330 log.go:398] failed to check terminal shell support: internal: internal error

2026-06-28 02:59:48.200 [error] [LS Main stderr] E0628 02:59:48.200258 598330 log.go:398] failed to check terminal shell support: internal: internal error

2026-06-28 02:59:48.202 [error] [LS Main stderr] E0628 02:59:48.201980 598330 log.go:398] failed to check terminal shell support: internal: internal error

2026-06-28 02:59:48.204 [error] [LS Main stderr] E0628 02:59:48.204351 598330 log.go:398] failed to check terminal shell support: internal: internal error

2026-06-28 02:59:48.206 [error] [LS Main stderr] E0628 02:59:48.206342 598330 log.go:398] failed to check terminal shell support: internal: internal error

2026-06-28 02:59:48.208 [error] [LS Main stderr] E0628 02:59:48.207955 598330 log.go:398] failed to check terminal shell support: internal: internal error

2026-06-28 02:59:48.210 [error] [LS Main stderr] E0628 02:59:48.209369 598330 log.go:398] failed to check terminal shell support: internal: internal error
E0628 02:59:48.210859 598330 log.go:398] failed to check terminal shell support: internal: internal error

2026-06-28 02:59:48.213 [error] [LS Main stderr] E0628 02:59:48.212841 598330 log.go:398] failed to check terminal shell support: internal: internal error

2026-06-28 02:59:48.215 [error] [LS Main stderr] E0628 02:59:48.215080 598330 log.go:398] failed to check terminal shell support: internal: internal error

2026-06-28 02:59:48.219 [error] [LS Main stderr] E0628 02:59:48.218461 598330 log.go:398] failed to check terminal shell support: internal: internal error

2026-06-28 02:59:48.220 [error] [LS Main stderr] E0628 02:59:48.220368 598330 log.go:398] failed to check terminal shell support: internal: internal error

2026-06-28 02:59:48.222 [error] [LS Main stderr] E0628 02:59:48.222047 598330 log.go:398] failed to check terminal shell support: internal: internal error

2026-06-28 02:59:48.224 [error] [LS Main stderr] E0628 02:59:48.223931 598330 log.go:398] failed to check terminal shell support: internal: internal error

2026-06-28 02:59:48.225 [error] [LS Main stderr] E0628 02:59:48.225199 598330 log.go:398] failed to check terminal shell support: internal: internal error

2026-06-28 02:59:48.227 [error] [LS Main stderr] E0628 02:59:48.227257 598330 log.go:398] failed to check terminal shell support: internal: internal error

2026-06-28 02:59:48.229 [error] [LS Main stderr] E0628 02:59:48.229130 598330 log.go:398] failed to check terminal shell support: internal: internal error

2026-06-28 02:59:48.231 [error] [LS Main stderr] E0628 02:59:48.231366 598330 log.go:398] failed to check terminal shell support: internal: internal error

2026-06-28 02:59:48.233 [error] [LS Main stderr] E0628 02:59:48.232778 598330 log.go:398] failed to check terminal shell support: internal: internal error

2026-06-28 02:59:48.234 [error] [LS Main stderr] E0628 02:59:48.234913 598330 log.go:398] failed to check terminal shell support: internal: internal error

2026-06-28 02:59:48.236 [error] [LS Main stderr] E0628 02:59:48.236300 598330 log.go:398] failed to check terminal shell support: internal: internal error

2026-06-28 02:59:48.238 [error] [LS Main stderr] E0628 02:59:48.238339 598330 log.go:398] failed to check terminal shell support: internal: internal error

2026-06-28 02:59:48.240 [error] [LS Main stderr] E0628 02:59:48.240332 598330 log.go:398] failed to check terminal shell support: internal: internal error

2026-06-28 02:59:48.243 [error] [LS Main stderr] E0628 02:59:48.242060 598330 log.go:398] failed to check terminal shell support: internal: internal error

2026-06-28 02:59:48.244 [error] [LS Main stderr] E0628 02:59:48.243208 598330 log.go:398] failed to check terminal shell support: internal: internal error

2026-06-28 02:59:48.246 [error] [LS Main stderr] E0628 02:59:48.244824 598330 log.go:398] failed to check terminal shell support: internal: internal error

2026-06-28 02:59:48.248 [error] [LS Main stderr] E0628 02:59:48.246759 598330 log.go:398] failed to check terminal shell support: internal: internal error

2026-06-28 02:59:48.252 [error] [LS Main stderr] E0628 02:59:48.249051 598330 log.go:398] failed to check terminal shell support: internal: internal error

2026-06-28 02:59:48.256 [error] [LS Main stderr] E0628 02:59:48.252947 598330 log.go:398] failed to check terminal shell support: internal: internal error

2026-06-28 02:59:48.257 [error] [LS Main stderr] E0628 02:59:48.257398 598330 log.go:398] failed to check terminal shell support: internal: internal error

2026-06-28 02:59:48.259 [error] [LS Main stderr] E0628 02:59:48.258867 598330 log.go:398] failed to check terminal shell support: internal: internal error

2026-06-28 02:59:48.261 [error] [LS Main stderr] E0628 02:59:48.261010 598330 log.go:398] failed to check terminal shell support: internal: internal error

2026-06-28 02:59:48.263 [error] [LS Main stderr] E0628 02:59:48.262914 598330 log.go:398] failed to check terminal shell support: internal: internal error

2026-06-28 02:59:48.265 [error] [LS Main stderr] E0628 02:59:48.265376 598330 log.go:398] failed to check terminal shell support: internal: internal error

2026-06-28 02:59:48.266 [error] [LS Main stderr] E0628 02:59:48.266618 598330 log.go:398] failed to check terminal shell support: internal: internal error

2026-06-28 02:59:48.268 [error] [LS Main stderr] E0628 02:59:48.268195 598330 log.go:398] failed to check terminal shell support: internal: internal error

2026-06-28 02:59:48.269 [error] [LS Main stderr] E0628 02:59:48.269880 598330 log.go:398] failed to check terminal shell support: internal: internal error

2026-06-28 02:59:48.271 [error] [LS Main stderr] E0628 02:59:48.271335 598330 log.go:398] failed to check terminal shell support: internal: internal error

2026-06-28 02:59:48.273 [error] [LS Main stderr] E0628 02:59:48.273360 598330 log.go:398] failed to check terminal shell support: internal: internal error

