2026-06-27 22:55:15.127 [info] Extension host with pid 1707 started
2026-06-27 22:55:15.127 [info] Skipping acquiring lock for /home/ladybug-me/.config/Antigravity IDE/User/workspaceStorage/48dee0af0a7ade50dd6f2f28e680cb1c.
2026-06-27 22:55:15.389 [info] ExtensionService#_doActivateExtension vscode.emmet, startup: false, activationEvent: 'onLanguage'
2026-06-27 22:55:15.416 [info] ExtensionService#_doActivateExtension vscode.extension-editing, startup: false, activationEvent: 'onLanguage:markdown'
2026-06-27 22:55:15.438 [info] ExtensionService#_doActivateExtension vscode.markdown-language-features, startup: false, activationEvent: 'onLanguage:markdown'
2026-06-27 22:55:15.546 [info] ExtensionService#_doActivateExtension vscode.terminal-suggest, startup: false, activationEvent: 'onTerminalShellIntegration:*'
2026-06-27 22:55:15.790 [info] ExtensionService#_doActivateExtension vscode.git-base, startup: true, activationEvent: '*', root cause: google.antigravity
2026-06-27 22:55:15.803 [info] ExtensionService#_doActivateExtension vscode.git, startup: true, activationEvent: '*', root cause: google.antigravity
2026-06-27 22:55:15.851 [info] ExtensionService#_doActivateExtension vscode.github, startup: true, activationEvent: '*'
2026-06-27 22:55:15.915 [info] ExtensionService#_doActivateExtension google.antigravity, startup: true, activationEvent: '*'
2026-06-27 22:55:16.232 [warning] [Decorations] CAPPING events from decorations provider vscode.git 3376
2026-06-27 22:55:16.523 [warning] [Decorations] CAPPING events from decorations provider vscode.git 3376
2026-06-27 22:55:16.544 [info] ExtensionService#_doActivateExtension vscode.github-authentication, startup: false, activationEvent: 'onAuthenticationRequest:github'
2026-06-27 22:55:22.761 [info] Eager extensions activated
2026-06-27 22:55:22.790 [info] ExtensionService#_doActivateExtension google.antigravity-dev-containers, startup: false, activationEvent: 'onStartupFinished'
2026-06-27 22:55:22.796 [info] ExtensionService#_doActivateExtension vscode.debug-auto-launch, startup: false, activationEvent: 'onStartupFinished'
2026-06-27 22:55:22.798 [info] ExtensionService#_doActivateExtension vscode.merge-conflict, startup: false, activationEvent: 'onStartupFinished'
2026-06-27 22:55:23.789 [error] l: Language server has not been started!
	at get client (file:///opt/antigravity-ide/resources/app/extensions/antigravity/dist/extension.js:2:956087)
	at file:///opt/antigravity-ide/resources/app/extensions/antigravity/dist/extension.js:2:870550
2026-06-27 22:57:40.357 [warning] [Decorations] CAPPING events from decorations provider vscode.git 5553
2026-06-27 22:57:45.443 [warning] [Decorations] CAPPING events from decorations provider vscode.git 5554
2026-06-27 22:57:50.554 [warning] [Decorations] CAPPING events from decorations provider vscode.git 5554
2026-06-27 22:57:55.718 [warning] [Decorations] CAPPING events from decorations provider vscode.git 5554
2026-06-27 22:58:00.871 [warning] [Decorations] CAPPING events from decorations provider vscode.git 5554
2026-06-27 22:58:06.033 [warning] [Decorations] CAPPING events from decorations provider vscode.git 5554
2026-06-27 22:58:11.104 [warning] [Decorations] CAPPING events from decorations provider vscode.git 5554
2026-06-27 22:58:28.398 [warning] [Decorations] CAPPING events from decorations provider vscode.git 5554
2026-06-27 22:58:33.469 [warning] [Decorations] CAPPING events from decorations provider vscode.git 5554
2026-06-27 22:59:41.964 [warning] [Decorations] CAPPING events from decorations provider vscode.git 5554
2026-06-27 22:59:49.534 [warning] [Decorations] CAPPING events from decorations provider vscode.git 5554
2026-06-27 23:00:00.274 [warning] [Decorations] CAPPING events from decorations provider vscode.git 5554
2026-06-27 23:00:58.082 [warning] [Decorations] CAPPING events from decorations provider vscode.git 5554
