2026-06-28 00:44:01.593 [info] I0628 00:44:01.584144 188871 server.go:1296] Starting language server process with pid 188871
2026-06-28 00:44:01.593 [info] I0628 00:44:01.584244 188871 server.go:336] Setting GOMAXPROCS to 4
2026-06-28 00:44:01.593 [info] I0628 00:44:01.587462 188871 server.go:479] Language server will attempt to listen on host localhost
2026-06-28 00:44:01.593 [info] I0628 00:44:01.588511 188871 server.go:493] Language server listening on random port at 45851 for HTTPS (gRPC)
2026-06-28 00:44:01.593 [info] I0628 00:44:01.588936 188871 server.go:500] Language server listening on random port at 45315 for HTTP
2026-06-28 00:44:02.005 [info] I0628 00:44:01.999363 188871 server.go:472] Created extension server client at port 42595
2026-06-28 00:44:02.024 [info] I0628 00:44:02.024561 188871 manager.go:92] Creating trajectory store manager with proto store and SQLite store
2026-06-28 00:44:05.026 [info] E0628 00:44:05.025750 188871 log.go:398] WaitForReady failed: context deadline exceeded
2026-06-28 00:44:05.027 [info] I0628 00:44:05.026784 188871 server.go:2283] Auth succeeded, refreshing features and managers
2026-06-28 00:44:05.423 [info] I0628 00:44:05.423204 188871 http_helpers.go:183] URL: https://daily-cloudcode-pa.googleapis.com/v1internal:loadCodeAssist Trace: 0x5b5d8324679957b1
2026-06-28 00:44:06.710 [info] I0628 00:44:06.709513 188871 http_helpers.go:183] URL: https://daily-cloudcode-pa.googleapis.com/v1internal:fetchAvailableModels Trace: 0x7bf8093a684e74b0
2026-06-28 00:44:06.724 [info] I0628 00:44:06.723828 188871 server.go:2289] State refresh took 1697ms
2026-06-28 00:44:06.736 [info] (Antigravity IDE) 2026-06-28 00:44:06.735 [INFO]: Language server started
2026-06-28 00:44:06.752 [info] I0628 00:44:06.749634 188871 server.go:1944] initialized server successfully in 5.16535894s
2026-06-28 00:44:06.771 [info] (Antigravity IDE) 2026-06-28 00:44:06.770 [INFO]: LS lspClient started successfully
2026-06-28 00:45:04.634 [info] I0628 00:45:04.633838 188871 http_helpers.go:183] URL: https://daily-cloudcode-pa.googleapis.com/v1internal:loadCodeAssist Trace: 0x50aa24ab5c93e6b8
2026-06-28 00:45:05.446 [info] I0628 00:45:05.445928 188871 http_helpers.go:183] URL: https://daily-cloudcode-pa.googleapis.com/v1internal:fetchAvailableModels Trace: 0xa203cfb250a91726
2026-06-28 00:45:53.310 [info] (Antigravity IDE) 2026-06-28 00:45:53.310 [INFO]: [Terminal] Command completed:  exit code 1
2026-06-28 00:46:06.092 [info] (Antigravity IDE) 2026-06-28 00:46:06.092 [INFO]: [Terminal] Command completed:  exit code 0
2026-06-28 00:51:03.855 [info] I0628 00:51:03.854354 188871 http_helpers.go:183] URL: https://daily-cloudcode-pa.googleapis.com/v1internal:fetchAvailableModels Trace: 0xb3929fbffbc2498d
2026-06-28 00:51:05.701 [info] I0628 00:51:05.701251 188871 http_helpers.go:183] URL: https://daily-cloudcode-pa.googleapis.com/v1internal:loadCodeAssist Trace: 0x8f349baad7818659
2026-06-28 00:51:55.817 [info] (Antigravity IDE) 2026-06-28 00:51:55.817 [INFO]: [Terminal] Command completed:  exit code 1
2026-06-28 00:55:53.606 [info] (Antigravity IDE) 2026-06-28 00:55:53.606 [INFO]: [Terminal] Command completed:  exit code 130
2026-06-28 00:57:03.086 [info] I0628 00:57:03.085783 188871 http_helpers.go:183] URL: https://daily-cloudcode-pa.googleapis.com/v1internal:fetchAvailableModels Trace: 0x31a5c7a90bbc1662
2026-06-28 00:57:05.135 [info] I0628 00:57:05.135661 188871 http_helpers.go:183] URL: https://daily-cloudcode-pa.googleapis.com/v1internal:loadCodeAssist Trace: 0xa7d196d0d62b2e45
2026-06-28 00:58:22.625 [info] (Antigravity IDE) 2026-06-28 00:58:22.624 [INFO]: [Terminal] Command completed:  exit code 130
2026-06-28 01:02:23.405 [info] (Antigravity IDE) 2026-06-28 01:02:23.404 [INFO]: [Terminal] Command completed:  exit code 0
2026-06-28 01:03:03.438 [info] I0628 01:03:03.438060 188871 http_helpers.go:183] URL: https://daily-cloudcode-pa.googleapis.com/v1internal:fetchAvailableModels Trace: 0xef05083af3bc1b12
2026-06-28 01:03:05.486 [info] I0628 01:03:05.486352 188871 http_helpers.go:183] URL: https://daily-cloudcode-pa.googleapis.com/v1internal:loadCodeAssist Trace: 0x90054339441556b2
2026-06-28 01:09:03.795 [info] I0628 01:09:03.794616 188871 http_helpers.go:183] URL: https://daily-cloudcode-pa.googleapis.com/v1internal:fetchAvailableModels Trace: 0x2a1e05ab23459cf5
2026-06-28 01:09:05.717 [info] I0628 01:09:05.716727 188871 http_helpers.go:183] URL: https://daily-cloudcode-pa.googleapis.com/v1internal:loadCodeAssist Trace: 0x6c91cbece5488258
2026-06-28 01:13:18.250 [info] (Antigravity IDE) 2026-06-28 01:13:18.250 [INFO]: [Terminal] Command completed:  exit code 0
