2026-06-28 01:18:26.935 [info] Reading sessions from keychain...
2026-06-28 01:18:26.935 [info] Getting sessions for all scopes...
2026-06-28 01:18:26.954 [info] Got stored sessions!
2026-06-28 01:18:26.954 [info] Got 1 verified sessions.
2026-06-28 01:18:26.955 [info] Got 1 sessions for ...
2026-06-28 01:18:26.955 [info] Getting sessions for all scopes...
2026-06-28 01:18:26.955 [info] Got 1 sessions for ...
2026-06-28 01:18:26.955 [info] Getting sessions for all scopes...
2026-06-28 01:18:26.955 [info] Got 1 sessions for ...
2026-06-28 01:18:26.956 [info] Getting sessions for read:user,repo,user:email,workflow...
2026-06-28 01:18:26.956 [info] Got 1 sessions for read:user,repo,user:email,workflow...
2026-06-28 01:18:26.993 [info] Getting sessions for all scopes...
2026-06-28 01:18:26.993 [info] Got 1 sessions for ...
2026-06-28 01:18:27.212 [info] Getting sessions for all scopes...
2026-06-28 01:18:27.212 [info] Got 1 sessions for ...
2026-06-28 01:18:27.247 [info] Getting sessions for all scopes...
2026-06-28 01:18:27.247 [info] Got 1 sessions for ...
2026-06-28 01:18:29.249 [info] FetcherService: Electron fetch failed with status: 401 
2026-06-28 01:18:30.517 [info] FetcherService: Node fetch failed with status: 401 Unauthorized
2026-06-28 01:18:31.801 [info] FetcherService: Node http/s failed with status: 401 Unauthorized
2026-06-28 01:19:17.911 [info] Getting sessions for all scopes...
2026-06-28 01:19:17.911 [info] Got 1 sessions for ...
2026-06-28 01:23:28.234 [info] Getting sessions for all scopes...
2026-06-28 01:23:28.234 [info] Got 1 sessions for ...
2026-06-28 02:08:37.863 [info] Getting sessions for all scopes...
2026-06-28 02:08:37.863 [info] Got 1 sessions for ...
2026-06-28 02:29:56.006 [info] Getting sessions for all scopes...
2026-06-28 02:29:56.006 [info] Got 1 sessions for ...
