2026-06-28 01:18:25.396 [info] [main] Log level: Info
2026-06-28 01:18:25.396 [info] [main] Validating found git in: "git"
2026-06-28 01:18:25.396 [info] [main] Using git "2.54.0" from "git"
2026-06-28 01:18:25.396 [info] [Model][doInitialScan] Initial repository scan started
2026-06-28 01:18:25.396 [info] > git rev-parse --show-toplevel [3ms]
2026-06-28 01:18:25.396 [info] > git rev-parse --git-dir --git-common-dir --show-superproject-working-tree [6ms]
2026-06-28 01:18:25.396 [info] [Model][openRepository] Opened repository (path): /home/ladybug-me/caelestia-dots-kde
2026-06-28 01:18:25.396 [info] [Model][openRepository] Opened repository (real path): /home/ladybug-me/caelestia-dots-kde
2026-06-28 01:18:25.396 [info] [Model][openRepository] Opened repository (kind): repository
2026-06-28 01:18:25.396 [info] > git rev-parse --show-toplevel [20ms]
2026-06-28 01:18:25.396 [info] > git config --get commit.template [23ms]
2026-06-28 01:18:25.396 [info] > git for-each-ref --format=%(refname)%00%(upstream:short)%00%(objectname)%00%(upstream:track)%00%(upstream:remotename)%00%(upstream:remoteref) refs/heads/main refs/remotes/main [1ms]
2026-06-28 01:18:25.397 [info] > git rev-parse --show-toplevel [5ms]
2026-06-28 01:18:25.402 [warning] [Git][revParse] Unable to read file: ENOENT: no such file or directory, open '/home/ladybug-me/caelestia-dots-kde/.git/refs/remotes/origin/main'
2026-06-28 01:18:25.439 [info] > git rev-parse --show-toplevel [34ms]
2026-06-28 01:18:25.439 [info] > git rev-parse refs/remotes/origin/main [37ms]
2026-06-28 01:18:25.458 [info] > git rev-parse --show-toplevel [4ms]
2026-06-28 01:18:25.458 [info] > git for-each-ref --sort -committerdate --format %(refname)%00%(objectname)%00%(*objectname) [11ms]
2026-06-28 01:18:25.776 [info] > git rev-parse --show-toplevel [313ms]
2026-06-28 01:18:25.796 [info] > git rev-parse --show-toplevel [4ms]
2026-06-28 01:18:25.803 [info] > git status -z -uall [360ms]
2026-06-28 01:18:25.920 [info] > git for-each-ref --format=%(refname)%00%(upstream:short)%00%(objectname)%00%(upstream:track)%00%(upstream:remotename)%00%(upstream:remoteref) refs/heads/main refs/remotes/main [13ms]
2026-06-28 01:18:25.926 [info] > git rev-parse --show-toplevel [124ms]
2026-06-28 01:18:25.928 [info] [Model][doInitialScan] Initial repository scan completed - repositories (1), closed repositories (0), parent repositories (0), unsafe repositories (0)
2026-06-28 01:18:26.317 [info] > git check-ignore -v -z --stdin [403ms]
2026-06-28 01:18:26.319 [info] > git config --get --local branch.main.vscode-merge-base [394ms]
2026-06-28 01:18:26.324 [info] > git config --get commit.template [404ms]
2026-06-28 01:18:26.334 [info] > git for-each-ref --format=%(refname)%00%(upstream:short)%00%(objectname)%00%(upstream:track)%00%(upstream:remotename)%00%(upstream:remoteref) refs/heads/origin/main refs/remotes/origin/main [11ms]
2026-06-28 01:18:26.349 [info] > git merge-base refs/heads/main refs/remotes/origin/main [10ms]
2026-06-28 01:18:26.355 [info] > git rev-parse --show-toplevel [6ms]
2026-06-28 01:18:26.355 [info] > git for-each-ref --format=%(refname)%00%(upstream:short)%00%(objectname)%00%(upstream:track)%00%(upstream:remotename)%00%(upstream:remoteref) refs/heads/main refs/remotes/main [10ms]
2026-06-28 01:18:26.365 [warning] [Git][revParse] Unable to read file: ENOENT: no such file or directory, open '/home/ladybug-me/caelestia-dots-kde/.git/refs/remotes/origin/main'
2026-06-28 01:18:26.365 [info] > git diff --name-status -z --diff-filter=ADMR --find-renames=50% 7c3fe8902858fe57c8d188e3dc1d69fe73bb2cb4...refs/remotes/origin/main -- [10ms]
2026-06-28 01:18:26.366 [info] > git rev-parse refs/remotes/origin/main [1ms]
2026-06-28 01:18:26.375 [info] > git rev-parse --git-dir --git-common-dir --show-superproject-working-tree [15ms]
2026-06-28 01:18:26.385 [info] [Model][openRepository] Opened repository (path): /home/ladybug-me/caelestia-dots-kde/shell/plugin/src/QMLTermWidget
2026-06-28 01:18:26.385 [info] [Model][openRepository] Opened repository (real path): /home/ladybug-me/caelestia-dots-kde/shell/plugin/src/QMLTermWidget
2026-06-28 01:18:26.385 [info] [Model][openRepository] Opened repository (kind): submodule
2026-06-28 01:18:26.392 [info] > git for-each-ref --sort -committerdate --format %(refname)%00%(objectname)%00%(*objectname) [17ms]
2026-06-28 01:18:26.395 [info] > git config --get commit.template [4ms]
2026-06-28 01:18:26.401 [info] > git status -z -uall [31ms]
2026-06-28 01:18:26.445 [info] > git for-each-ref --format=%(refname)%00%(upstream:short)%00%(objectname)%00%(upstream:track)%00%(upstream:remotename)%00%(upstream:remoteref) refs/heads/master refs/remotes/master [45ms]
2026-06-28 01:18:26.462 [warning] [Git][revParse] Unable to read file: ENOENT: no such file or directory, open '/home/ladybug-me/caelestia-dots-kde/.git/modules/shell/plugin/src/QMLTermWidget/refs/remotes/origin/master'
2026-06-28 01:18:26.466 [info] > git rev-parse refs/remotes/origin/master [4ms]
2026-06-28 01:18:26.476 [info] > git status -z -uall [6ms]
2026-06-28 01:18:26.478 [info] > git for-each-ref --sort -committerdate --format %(refname)%00%(objectname)%00%(*objectname) [2ms]
2026-06-28 01:18:26.500 [info] > git for-each-ref --format=%(refname)%00%(upstream:short)%00%(objectname)%00%(upstream:track)%00%(upstream:remotename)%00%(upstream:remoteref) refs/heads/master refs/remotes/master [8ms]
2026-06-28 01:18:26.540 [info] > git config --get --local branch.master.vscode-merge-base [35ms]
2026-06-28 01:18:26.545 [info] > git config --get commit.template [46ms]
2026-06-28 01:18:26.885 [info] > git for-each-ref --format=%(refname)%00%(upstream:short)%00%(objectname)%00%(upstream:track)%00%(upstream:remotename)%00%(upstream:remoteref) refs/heads/origin/master refs/remotes/origin/master [340ms]
2026-06-28 01:18:26.903 [info] > git merge-base refs/heads/master refs/remotes/origin/master [14ms]
2026-06-28 01:18:26.907 [info] > git for-each-ref --format=%(refname)%00%(upstream:short)%00%(objectname)%00%(upstream:track)%00%(upstream:remotename)%00%(upstream:remoteref) refs/heads/master refs/remotes/master [5ms]
2026-06-28 01:18:26.911 [warning] [Git][revParse] Unable to read file: ENOENT: no such file or directory, open '/home/ladybug-me/caelestia-dots-kde/.git/modules/shell/plugin/src/QMLTermWidget/refs/remotes/origin/master'
2026-06-28 01:18:26.912 [info] > git diff --name-status -z --diff-filter=ADMR --find-renames=50% 8913504fa2ebd220ebe7c680c32954e1b3c035c5...refs/remotes/origin/master -- [5ms]
2026-06-28 01:18:26.913 [info] > git rev-parse refs/remotes/origin/master [2ms]
2026-06-28 01:18:26.927 [info] > git status -z -uall [10ms]
2026-06-28 01:18:26.928 [info] > git for-each-ref --sort -committerdate --format %(refname)%00%(objectname)%00%(*objectname) [7ms]
2026-06-28 01:18:26.955 [info] > git check-ignore -v -z --stdin [4ms]
2026-06-28 01:18:33.092 [info] > git check-ignore -v -z --stdin [1ms]
2026-06-28 01:18:39.885 [info] > git check-ignore -v -z --stdin [0ms]
2026-06-28 01:18:42.227 [info] > git check-ignore -v -z --stdin [1ms]
2026-06-28 01:18:42.791 [info] > git config --get commit.template [4ms]
2026-06-28 01:18:42.791 [info] > git for-each-ref --format=%(refname)%00%(upstream:short)%00%(objectname)%00%(upstream:track)%00%(upstream:remotename)%00%(upstream:remoteref) refs/heads/main refs/remotes/main [1ms]
2026-06-28 01:18:42.795 [warning] [Git][revParse] Unable to read file: ENOENT: no such file or directory, open '/home/ladybug-me/caelestia-dots-kde/.git/refs/remotes/origin/main'
2026-06-28 01:18:42.795 [info] > git rev-parse refs/remotes/origin/main [0ms]
2026-06-28 01:18:42.811 [info] > git status -z -uall [13ms]
2026-06-28 01:18:42.811 [info] > git for-each-ref --sort -committerdate --format %(refname)%00%(objectname)%00%(*objectname) [10ms]
2026-06-28 01:18:43.794 [info] > git check-ignore -v -z --stdin [2ms]
2026-06-28 01:19:05.989 [info] > git check-ignore -v -z --stdin [2ms]
2026-06-28 01:19:06.044 [info] > git check-ignore -v -z --stdin [9ms]
2026-06-28 01:19:06.189 [info] > git show --textconv :v2issues.md [6ms]
2026-06-28 01:19:06.195 [info] > git ls-files --stage -- v2issues.md [7ms]
2026-06-28 01:19:06.201 [info] > git hash-object -t tree /dev/null [7ms]
2026-06-28 01:19:06.201 [warning] [GitFileSystemProvider][readFile] File not found - git:/home/ladybug-me/caelestia-dots-kde/v2issues.md.git?%7B%22path%22%3A%22%2Fhome%2Fladybug-me%2Fcaelestia-dots-kde%2Fv2issues.md%22%2C%22ref%22%3A%22%22%7D
2026-06-28 01:19:06.201 [info] > git hash-object -t tree /dev/null [1ms]
2026-06-28 01:19:06.201 [warning] [GitFileSystemProvider][stat] File not found - git:/home/ladybug-me/caelestia-dots-kde/v2issues.md.git?%7B%22path%22%3A%22%2Fhome%2Fladybug-me%2Fcaelestia-dots-kde%2Fv2issues.md%22%2C%22ref%22%3A%22%22%7D
2026-06-28 01:19:06.468 [info] > git check-ignore -v -z --stdin [3ms]
2026-06-28 01:19:07.043 [info] > git config --get commit.template [6ms]
2026-06-28 01:19:07.044 [info] > git for-each-ref --format=%(refname)%00%(upstream:short)%00%(objectname)%00%(upstream:track)%00%(upstream:remotename)%00%(upstream:remoteref) refs/heads/main refs/remotes/main [2ms]
2026-06-28 01:19:07.048 [warning] [Git][revParse] Unable to read file: ENOENT: no such file or directory, open '/home/ladybug-me/caelestia-dots-kde/.git/refs/remotes/origin/main'
2026-06-28 01:19:07.048 [info] > git rev-parse refs/remotes/origin/main [0ms]
2026-06-28 01:19:07.055 [info] > git status -z -uall [4ms]
2026-06-28 01:19:07.055 [info] > git for-each-ref --sort -committerdate --format %(refname)%00%(objectname)%00%(*objectname) [1ms]
2026-06-28 01:21:03.033 [info] > git config --get commit.template [1ms]
2026-06-28 01:21:03.039 [info] > git for-each-ref --format=%(refname)%00%(upstream:short)%00%(objectname)%00%(upstream:track)%00%(upstream:remotename)%00%(upstream:remoteref) refs/heads/main refs/remotes/main [2ms]
2026-06-28 01:21:03.042 [warning] [Git][revParse] Unable to read file: ENOENT: no such file or directory, open '/home/ladybug-me/caelestia-dots-kde/.git/refs/remotes/origin/main'
2026-06-28 01:21:03.043 [info] > git rev-parse refs/remotes/origin/main [0ms]
2026-06-28 01:21:03.050 [info] > git for-each-ref --sort -committerdate --format %(refname)%00%(objectname)%00%(*objectname) [1ms]
2026-06-28 01:21:03.054 [info] > git status -z -uall [8ms]
2026-06-28 01:22:14.777 [info] > git check-ignore -v -z --stdin [1ms]
2026-06-28 01:22:14.822 [info] > git check-ignore -v -z --stdin [2ms]
2026-06-28 01:22:15.376 [info] > git check-ignore -v -z --stdin [2ms]
2026-06-28 01:22:15.825 [info] > git config --get commit.template [6ms]
2026-06-28 01:22:15.826 [info] > git for-each-ref --format=%(refname)%00%(upstream:short)%00%(objectname)%00%(upstream:track)%00%(upstream:remotename)%00%(upstream:remoteref) refs/heads/main refs/remotes/main [2ms]
2026-06-28 01:22:15.830 [warning] [Git][revParse] Unable to read file: ENOENT: no such file or directory, open '/home/ladybug-me/caelestia-dots-kde/.git/refs/remotes/origin/main'
2026-06-28 01:22:15.832 [info] > git rev-parse refs/remotes/origin/main [2ms]
2026-06-28 01:22:15.839 [info] > git for-each-ref --sort -committerdate --format %(refname)%00%(objectname)%00%(*objectname) [1ms]
2026-06-28 01:22:15.840 [info] > git status -z -uall [5ms]
2026-06-28 01:22:35.696 [info] > git check-ignore -v -z --stdin [2ms]
2026-06-28 01:22:35.752 [info] > git check-ignore -v -z --stdin [0ms]
2026-06-28 01:22:35.904 [info] > git show --textconv :fixestobeapplied [6ms]
2026-06-28 01:22:35.905 [warning] [GitFileSystemProvider][readFile] File not found - git:/home/ladybug-me/caelestia-dots-kde/fixestobeapplied.git?%7B%22path%22%3A%22%2Fhome%2Fladybug-me%2Fcaelestia-dots-kde%2Ffixestobeapplied%22%2C%22ref%22%3A%22%22%7D
2026-06-28 01:22:35.905 [info] > git ls-files --stage -- fixestobeapplied [2ms]
2026-06-28 01:22:35.906 [warning] [GitFileSystemProvider][stat] File not found - git:/home/ladybug-me/caelestia-dots-kde/fixestobeapplied.git?%7B%22path%22%3A%22%2Fhome%2Fladybug-me%2Fcaelestia-dots-kde%2Ffixestobeapplied%22%2C%22ref%22%3A%22%22%7D
2026-06-28 01:22:36.181 [info] > git check-ignore -v -z --stdin [2ms]
2026-06-28 01:22:36.765 [info] > git config --get commit.template [7ms]
2026-06-28 01:22:36.765 [info] > git for-each-ref --format=%(refname)%00%(upstream:short)%00%(objectname)%00%(upstream:track)%00%(upstream:remotename)%00%(upstream:remoteref) refs/heads/main refs/remotes/main [1ms]
2026-06-28 01:22:36.771 [warning] [Git][revParse] Unable to read file: ENOENT: no such file or directory, open '/home/ladybug-me/caelestia-dots-kde/.git/refs/remotes/origin/main'
2026-06-28 01:22:36.772 [info] > git rev-parse refs/remotes/origin/main [1ms]
2026-06-28 01:22:36.782 [info] > git for-each-ref --sort -committerdate --format %(refname)%00%(objectname)%00%(*objectname) [1ms]
2026-06-28 01:22:36.785 [info] > git status -z -uall [9ms]
2026-06-28 01:29:25.567 [info] > git check-ignore -v -z --stdin [28ms]
2026-06-28 01:29:29.757 [info] > git check-ignore -v -z --stdin [1ms]
2026-06-28 01:29:29.811 [info] > git check-ignore -v -z --stdin [2ms]
2026-06-28 01:29:29.971 [info] > git show --textconv :shell/modules/screenshot/ScreenshotAction.qml [4ms]
2026-06-28 01:29:29.972 [info] > git ls-files --stage -- shell/modules/screenshot/ScreenshotAction.qml [1ms]
2026-06-28 01:29:29.976 [info] > git cat-file -s 5d14f9653922aef4fe886e76a0fbc38fa8c0b640 [1ms]
2026-06-28 01:35:15.418 [info] > git config --get commit.template [5ms]
2026-06-28 01:35:15.419 [info] > git for-each-ref --format=%(refname)%00%(upstream:short)%00%(objectname)%00%(upstream:track)%00%(upstream:remotename)%00%(upstream:remoteref) refs/heads/main refs/remotes/main [2ms]
2026-06-28 01:35:15.423 [warning] [Git][revParse] Unable to read file: ENOENT: no such file or directory, open '/home/ladybug-me/caelestia-dots-kde/.git/refs/remotes/origin/main'
2026-06-28 01:35:15.424 [info] > git rev-parse refs/remotes/origin/main [1ms]
2026-06-28 01:35:15.434 [info] > git for-each-ref --sort -committerdate --format %(refname)%00%(objectname)%00%(*objectname) [1ms]
2026-06-28 01:35:15.438 [info] > git status -z -uall [9ms]
2026-06-28 01:35:47.284 [info] > git config --get commit.template [2ms]
2026-06-28 01:35:47.290 [info] > git for-each-ref --format=%(refname)%00%(upstream:short)%00%(objectname)%00%(upstream:track)%00%(upstream:remotename)%00%(upstream:remoteref) refs/heads/main refs/remotes/main [1ms]
2026-06-28 01:35:47.294 [warning] [Git][revParse] Unable to read file: ENOENT: no such file or directory, open '/home/ladybug-me/caelestia-dots-kde/.git/refs/remotes/origin/main'
2026-06-28 01:35:47.294 [info] > git rev-parse refs/remotes/origin/main [0ms]
2026-06-28 01:35:47.301 [info] > git for-each-ref --sort -committerdate --format %(refname)%00%(objectname)%00%(*objectname) [1ms]
2026-06-28 01:35:47.303 [info] > git status -z -uall [7ms]
2026-06-28 01:36:10.495 [info] > git check-ignore -v -z --stdin [1ms]
2026-06-28 01:36:10.554 [info] > git check-ignore -v -z --stdin [1ms]
2026-06-28 01:36:46.512 [info] > git config --get commit.template [5ms]
2026-06-28 01:36:46.513 [info] > git for-each-ref --format=%(refname)%00%(upstream:short)%00%(objectname)%00%(upstream:track)%00%(upstream:remotename)%00%(upstream:remoteref) refs/heads/main refs/remotes/main [2ms]
2026-06-28 01:36:46.517 [warning] [Git][revParse] Unable to read file: ENOENT: no such file or directory, open '/home/ladybug-me/caelestia-dots-kde/.git/refs/remotes/origin/main'
2026-06-28 01:36:46.518 [info] > git rev-parse refs/remotes/origin/main [1ms]
2026-06-28 01:36:46.526 [info] > git for-each-ref --sort -committerdate --format %(refname)%00%(objectname)%00%(*objectname) [1ms]
2026-06-28 01:36:46.552 [info] > git status -z -uall [31ms]
2026-06-28 01:36:51.617 [info] > git config --get commit.template [1ms]
2026-06-28 01:36:51.623 [info] > git for-each-ref --format=%(refname)%00%(upstream:short)%00%(objectname)%00%(upstream:track)%00%(upstream:remotename)%00%(upstream:remoteref) refs/heads/main refs/remotes/main [1ms]
2026-06-28 01:36:51.628 [warning] [Git][revParse] Unable to read file: ENOENT: no such file or directory, open '/home/ladybug-me/caelestia-dots-kde/.git/refs/remotes/origin/main'
2026-06-28 01:36:51.629 [info] > git rev-parse refs/remotes/origin/main [1ms]
2026-06-28 01:36:51.640 [info] > git for-each-ref --sort -committerdate --format %(refname)%00%(objectname)%00%(*objectname) [1ms]
2026-06-28 01:36:51.651 [info] > git status -z -uall [18ms]
2026-06-28 01:36:56.711 [info] > git config --get commit.template [18ms]
2026-06-28 01:36:56.713 [info] > git for-each-ref --format=%(refname)%00%(upstream:short)%00%(objectname)%00%(upstream:track)%00%(upstream:remotename)%00%(upstream:remoteref) refs/heads/main refs/remotes/main [5ms]
2026-06-28 01:36:56.724 [warning] [Git][revParse] Unable to read file: ENOENT: no such file or directory, open '/home/ladybug-me/caelestia-dots-kde/.git/refs/remotes/origin/main'
2026-06-28 01:36:56.729 [info] > git rev-parse refs/remotes/origin/main [5ms]
2026-06-28 01:36:56.756 [info] > git for-each-ref --sort -committerdate --format %(refname)%00%(objectname)%00%(*objectname) [8ms]
2026-06-28 01:36:56.826 [info] > git status -z -uall [88ms]
2026-06-28 01:37:02.073 [info] > git config --get commit.template [32ms]
2026-06-28 01:37:02.099 [info] > git for-each-ref --format=%(refname)%00%(upstream:short)%00%(objectname)%00%(upstream:track)%00%(upstream:remotename)%00%(upstream:remoteref) refs/heads/main refs/remotes/main [28ms]
2026-06-28 01:37:02.111 [warning] [Git][revParse] Unable to read file: ENOENT: no such file or directory, open '/home/ladybug-me/caelestia-dots-kde/.git/refs/remotes/origin/main'
2026-06-28 01:37:02.118 [info] > git rev-parse refs/remotes/origin/main [7ms]
2026-06-28 01:37:02.164 [info] > git for-each-ref --sort -committerdate --format %(refname)%00%(objectname)%00%(*objectname) [19ms]
2026-06-28 01:37:02.265 [info] > git status -z -uall [131ms]
2026-06-28 01:37:07.501 [info] > git config --get commit.template [10ms]
2026-06-28 01:37:07.527 [info] > git for-each-ref --format=%(refname)%00%(upstream:short)%00%(objectname)%00%(upstream:track)%00%(upstream:remotename)%00%(upstream:remoteref) refs/heads/main refs/remotes/main [28ms]
2026-06-28 01:37:07.535 [warning] [Git][revParse] Unable to read file: ENOENT: no such file or directory, open '/home/ladybug-me/caelestia-dots-kde/.git/refs/remotes/origin/main'
2026-06-28 01:37:07.537 [info] > git rev-parse refs/remotes/origin/main [2ms]
2026-06-28 01:37:07.553 [info] > git for-each-ref --sort -committerdate --format %(refname)%00%(objectname)%00%(*objectname) [4ms]
2026-06-28 01:37:07.679 [info] > git status -z -uall [138ms]
2026-06-28 01:37:12.884 [info] > git config --get commit.template [17ms]
2026-06-28 01:37:12.890 [info] > git for-each-ref --format=%(refname)%00%(upstream:short)%00%(objectname)%00%(upstream:track)%00%(upstream:remotename)%00%(upstream:remoteref) refs/heads/main refs/remotes/main [8ms]
2026-06-28 01:37:12.903 [warning] [Git][revParse] Unable to read file: ENOENT: no such file or directory, open '/home/ladybug-me/caelestia-dots-kde/.git/refs/remotes/origin/main'
2026-06-28 01:37:12.911 [info] > git rev-parse refs/remotes/origin/main [8ms]
2026-06-28 01:37:12.942 [info] > git for-each-ref --sort -committerdate --format %(refname)%00%(objectname)%00%(*objectname) [7ms]
2026-06-28 01:37:13.010 [info] > git status -z -uall [90ms]
2026-06-28 01:37:18.199 [info] > git config --get commit.template [18ms]
2026-06-28 01:37:18.206 [info] > git for-each-ref --format=%(refname)%00%(upstream:short)%00%(objectname)%00%(upstream:track)%00%(upstream:remotename)%00%(upstream:remoteref) refs/heads/main refs/remotes/main [9ms]
2026-06-28 01:37:18.222 [warning] [Git][revParse] Unable to read file: ENOENT: no such file or directory, open '/home/ladybug-me/caelestia-dots-kde/.git/refs/remotes/origin/main'
2026-06-28 01:37:18.224 [info] > git rev-parse refs/remotes/origin/main [2ms]
2026-06-28 01:37:18.259 [info] > git for-each-ref --sort -committerdate --format %(refname)%00%(objectname)%00%(*objectname) [9ms]
2026-06-28 01:37:18.310 [info] > git status -z -uall [75ms]
2026-06-28 01:37:41.124 [info] > git config --get commit.template [9ms]
2026-06-28 01:37:41.124 [info] > git for-each-ref --format=%(refname)%00%(upstream:short)%00%(objectname)%00%(upstream:track)%00%(upstream:remotename)%00%(upstream:remoteref) refs/heads/main refs/remotes/main [5ms]
2026-06-28 01:37:41.128 [warning] [Git][revParse] Unable to read file: ENOENT: no such file or directory, open '/home/ladybug-me/caelestia-dots-kde/.git/refs/remotes/origin/main'
2026-06-28 01:37:41.129 [info] > git rev-parse refs/remotes/origin/main [1ms]
2026-06-28 01:37:41.136 [info] > git for-each-ref --sort -committerdate --format %(refname)%00%(objectname)%00%(*objectname) [1ms]
2026-06-28 01:37:41.155 [info] > git status -z -uall [24ms]
2026-06-28 01:37:47.938 [info] > git config --get commit.template [6ms]
2026-06-28 01:37:47.939 [info] > git for-each-ref --format=%(refname)%00%(upstream:short)%00%(objectname)%00%(upstream:track)%00%(upstream:remotename)%00%(upstream:remoteref) refs/heads/main refs/remotes/main [2ms]
2026-06-28 01:37:47.943 [warning] [Git][revParse] Unable to read file: ENOENT: no such file or directory, open '/home/ladybug-me/caelestia-dots-kde/.git/refs/remotes/origin/main'
2026-06-28 01:37:47.943 [info] > git rev-parse refs/remotes/origin/main [0ms]
2026-06-28 01:37:47.952 [info] > git for-each-ref --sort -committerdate --format %(refname)%00%(objectname)%00%(*objectname) [1ms]
2026-06-28 01:37:47.964 [info] > git status -z -uall [18ms]
2026-06-28 01:41:27.904 [info] > git config --get commit.template [8ms]
2026-06-28 01:41:27.905 [info] > git for-each-ref --format=%(refname)%00%(upstream:short)%00%(objectname)%00%(upstream:track)%00%(upstream:remotename)%00%(upstream:remoteref) refs/heads/main refs/remotes/main [2ms]
2026-06-28 01:41:27.910 [warning] [Git][revParse] Unable to read file: ENOENT: no such file or directory, open '/home/ladybug-me/caelestia-dots-kde/.git/refs/remotes/origin/main'
2026-06-28 01:41:27.911 [info] > git rev-parse refs/remotes/origin/main [2ms]
2026-06-28 01:41:27.918 [info] > git for-each-ref --sort -committerdate --format %(refname)%00%(objectname)%00%(*objectname) [1ms]
2026-06-28 01:41:27.932 [info] > git status -z -uall [18ms]
2026-06-28 01:41:45.328 [info] > git check-ignore -v -z --stdin [9ms]
2026-06-28 01:41:48.743 [info] > git config --get commit.template [6ms]
2026-06-28 01:41:48.744 [info] > git for-each-ref --format=%(refname)%00%(upstream:short)%00%(objectname)%00%(upstream:track)%00%(upstream:remotename)%00%(upstream:remoteref) refs/heads/main refs/remotes/main [1ms]
2026-06-28 01:41:48.749 [warning] [Git][revParse] Unable to read file: ENOENT: no such file or directory, open '/home/ladybug-me/caelestia-dots-kde/.git/refs/remotes/origin/main'
2026-06-28 01:41:48.750 [info] > git rev-parse refs/remotes/origin/main [1ms]
2026-06-28 01:41:48.763 [info] > git for-each-ref --sort -committerdate --format %(refname)%00%(objectname)%00%(*objectname) [2ms]
2026-06-28 01:41:48.764 [info] > git status -z -uall [9ms]
2026-06-28 01:49:25.032 [info] > git config --get commit.template [2ms]
2026-06-28 01:49:25.038 [info] > git for-each-ref --format=%(refname)%00%(upstream:short)%00%(objectname)%00%(upstream:track)%00%(upstream:remotename)%00%(upstream:remoteref) refs/heads/main refs/remotes/main [2ms]
2026-06-28 01:49:25.042 [warning] [Git][revParse] Unable to read file: ENOENT: no such file or directory, open '/home/ladybug-me/caelestia-dots-kde/.git/refs/remotes/origin/main'
2026-06-28 01:49:25.044 [info] > git rev-parse refs/remotes/origin/main [2ms]
2026-06-28 01:49:25.054 [info] > git for-each-ref --sort -committerdate --format %(refname)%00%(objectname)%00%(*objectname) [1ms]
2026-06-28 01:49:25.057 [info] > git status -z -uall [9ms]
2026-06-28 01:49:32.987 [info] > git check-ignore -v -z --stdin [1ms]
2026-06-28 01:49:33.487 [info] > git config --get commit.template [1ms]
2026-06-28 01:49:33.495 [info] > git for-each-ref --format=%(refname)%00%(upstream:short)%00%(objectname)%00%(upstream:track)%00%(upstream:remotename)%00%(upstream:remoteref) refs/heads/main refs/remotes/main [2ms]
2026-06-28 01:49:33.500 [warning] [Git][revParse] Unable to read file: ENOENT: no such file or directory, open '/home/ladybug-me/caelestia-dots-kde/.git/refs/remotes/origin/main'
2026-06-28 01:49:33.501 [info] > git rev-parse refs/remotes/origin/main [1ms]
2026-06-28 01:49:33.508 [info] > git for-each-ref --sort -committerdate --format %(refname)%00%(objectname)%00%(*objectname) [1ms]
2026-06-28 01:49:33.509 [info] > git status -z -uall [5ms]
2026-06-28 01:51:01.764 [info] > git check-ignore -v -z --stdin [1ms]
2026-06-28 01:51:02.235 [info] > git config --get commit.template [4ms]
2026-06-28 01:51:02.235 [info] > git for-each-ref --format=%(refname)%00%(upstream:short)%00%(objectname)%00%(upstream:track)%00%(upstream:remotename)%00%(upstream:remoteref) refs/heads/main refs/remotes/main [1ms]
2026-06-28 01:51:02.238 [warning] [Git][revParse] Unable to read file: ENOENT: no such file or directory, open '/home/ladybug-me/caelestia-dots-kde/.git/refs/remotes/origin/main'
2026-06-28 01:51:02.238 [info] > git rev-parse refs/remotes/origin/main [0ms]
2026-06-28 01:51:02.246 [info] > git for-each-ref --sort -committerdate --format %(refname)%00%(objectname)%00%(*objectname) [2ms]
2026-06-28 01:51:02.247 [info] > git status -z -uall [6ms]
2026-06-28 01:51:07.713 [info] > git check-ignore -v -z --stdin [1ms]
2026-06-28 01:51:07.825 [info] > git check-ignore -v -z --stdin [1ms]
2026-06-28 01:51:07.950 [info] > git ls-files --stage -- scripts/08-build-shell.sh [1ms]
2026-06-28 01:51:07.954 [info] > git show --textconv :scripts/08-build-shell.sh [9ms]
2026-06-28 01:51:07.956 [info] > git cat-file -s aa7a799eec8b66765f1a0f501966e30451499243 [2ms]
2026-06-28 01:51:08.420 [info] > git check-ignore -v -z --stdin [0ms]
2026-06-28 01:51:26.115 [info] > git config --get commit.template [5ms]
2026-06-28 01:51:26.116 [info] > git for-each-ref --format=%(refname)%00%(upstream:short)%00%(objectname)%00%(upstream:track)%00%(upstream:remotename)%00%(upstream:remoteref) refs/heads/main refs/remotes/main [2ms]
2026-06-28 01:51:26.120 [warning] [Git][revParse] Unable to read file: ENOENT: no such file or directory, open '/home/ladybug-me/caelestia-dots-kde/.git/refs/remotes/origin/main'
2026-06-28 01:51:26.121 [info] > git rev-parse refs/remotes/origin/main [1ms]
2026-06-28 01:51:26.132 [info] > git for-each-ref --sort -committerdate --format %(refname)%00%(objectname)%00%(*objectname) [1ms]
2026-06-28 01:51:26.136 [info] > git status -z -uall [10ms]
2026-06-28 01:51:34.718 [info] > git config --get commit.template [1ms]
2026-06-28 01:51:34.731 [info] > git for-each-ref --format=%(refname)%00%(upstream:short)%00%(objectname)%00%(upstream:track)%00%(upstream:remotename)%00%(upstream:remoteref) refs/heads/main refs/remotes/main [2ms]
2026-06-28 01:51:34.735 [warning] [Git][revParse] Unable to read file: ENOENT: no such file or directory, open '/home/ladybug-me/caelestia-dots-kde/.git/refs/remotes/origin/main'
2026-06-28 01:51:34.735 [info] > git rev-parse refs/remotes/origin/main [0ms]
2026-06-28 01:51:34.746 [info] > git for-each-ref --sort -committerdate --format %(refname)%00%(objectname)%00%(*objectname) [2ms]
2026-06-28 01:51:34.749 [info] > git status -z -uall [10ms]
2026-06-28 01:51:39.811 [info] > git config --get commit.template [25ms]
2026-06-28 01:51:39.837 [info] > git for-each-ref --format=%(refname)%00%(upstream:short)%00%(objectname)%00%(upstream:track)%00%(upstream:remotename)%00%(upstream:remoteref) refs/heads/main refs/remotes/main [28ms]
2026-06-28 01:51:39.866 [warning] [Git][revParse] Unable to read file: ENOENT: no such file or directory, open '/home/ladybug-me/caelestia-dots-kde/.git/refs/remotes/origin/main'
2026-06-28 01:51:39.892 [info] > git rev-parse refs/remotes/origin/main [26ms]
2026-06-28 01:51:39.958 [info] > git for-each-ref --sort -committerdate --format %(refname)%00%(objectname)%00%(*objectname) [19ms]
2026-06-28 01:51:39.978 [info] > git status -z -uall [65ms]
2026-06-28 01:51:45.041 [info] > git config --get commit.template [16ms]
2026-06-28 01:51:45.042 [info] > git for-each-ref --format=%(refname)%00%(upstream:short)%00%(objectname)%00%(upstream:track)%00%(upstream:remotename)%00%(upstream:remoteref) refs/heads/main refs/remotes/main [4ms]
2026-06-28 01:51:45.052 [warning] [Git][revParse] Unable to read file: ENOENT: no such file or directory, open '/home/ladybug-me/caelestia-dots-kde/.git/refs/remotes/origin/main'
2026-06-28 01:51:45.057 [info] > git rev-parse refs/remotes/origin/main [5ms]
2026-06-28 01:51:45.089 [info] > git for-each-ref --sort -committerdate --format %(refname)%00%(objectname)%00%(*objectname) [7ms]
2026-06-28 01:51:45.102 [info] > git status -z -uall [32ms]
2026-06-28 01:51:50.205 [info] > git config --get commit.template [66ms]
2026-06-28 01:51:50.205 [info] > git for-each-ref --format=%(refname)%00%(upstream:short)%00%(objectname)%00%(upstream:track)%00%(upstream:remotename)%00%(upstream:remoteref) refs/heads/main refs/remotes/main [44ms]
2026-06-28 01:51:50.218 [warning] [Git][revParse] Unable to read file: ENOENT: no such file or directory, open '/home/ladybug-me/caelestia-dots-kde/.git/refs/remotes/origin/main'
2026-06-28 01:51:50.226 [info] > git rev-parse refs/remotes/origin/main [8ms]
2026-06-28 01:51:50.252 [info] > git for-each-ref --sort -committerdate --format %(refname)%00%(objectname)%00%(*objectname) [4ms]
2026-06-28 01:51:50.374 [info] > git status -z -uall [137ms]
2026-06-28 01:51:55.701 [info] > git config --get commit.template [299ms]
2026-06-28 01:51:55.878 [info] > git for-each-ref --format=%(refname)%00%(upstream:short)%00%(objectname)%00%(upstream:track)%00%(upstream:remotename)%00%(upstream:remoteref) refs/heads/main refs/remotes/main [470ms]
2026-06-28 01:51:55.882 [warning] [Git][revParse] Unable to read file: ENOENT: no such file or directory, open '/home/ladybug-me/caelestia-dots-kde/.git/refs/remotes/origin/main'
2026-06-28 01:51:55.883 [info] > git rev-parse refs/remotes/origin/main [1ms]
2026-06-28 01:51:56.034 [info] > git for-each-ref --sort -committerdate --format %(refname)%00%(objectname)%00%(*objectname) [141ms]
2026-06-28 01:51:56.715 [info] > git status -z -uall [827ms]
2026-06-28 01:52:01.777 [info] > git config --get commit.template [14ms]
2026-06-28 01:52:01.781 [info] > git for-each-ref --format=%(refname)%00%(upstream:short)%00%(objectname)%00%(upstream:track)%00%(upstream:remotename)%00%(upstream:remoteref) refs/heads/main refs/remotes/main [5ms]
2026-06-28 01:52:01.797 [warning] [Git][revParse] Unable to read file: ENOENT: no such file or directory, open '/home/ladybug-me/caelestia-dots-kde/.git/refs/remotes/origin/main'
2026-06-28 01:52:01.801 [info] > git rev-parse refs/remotes/origin/main [4ms]
2026-06-28 01:52:01.844 [info] > git for-each-ref --sort -committerdate --format %(refname)%00%(objectname)%00%(*objectname) [17ms]
2026-06-28 01:52:01.917 [info] > git status -z -uall [106ms]
2026-06-28 01:52:24.924 [info] > git config --get commit.template [6ms]
2026-06-28 01:52:24.924 [info] > git for-each-ref --format=%(refname)%00%(upstream:short)%00%(objectname)%00%(upstream:track)%00%(upstream:remotename)%00%(upstream:remoteref) refs/heads/main refs/remotes/main [2ms]
2026-06-28 01:52:24.927 [warning] [Git][revParse] Unable to read file: ENOENT: no such file or directory, open '/home/ladybug-me/caelestia-dots-kde/.git/refs/remotes/origin/main'
2026-06-28 01:52:24.928 [info] > git rev-parse refs/remotes/origin/main [1ms]
2026-06-28 01:52:24.937 [info] > git for-each-ref --sort -committerdate --format %(refname)%00%(objectname)%00%(*objectname) [2ms]
2026-06-28 01:52:24.939 [info] > git status -z -uall [7ms]
2026-06-28 01:54:22.568 [info] > git config --get commit.template [2ms]
2026-06-28 01:54:22.575 [info] > git for-each-ref --format=%(refname)%00%(upstream:short)%00%(objectname)%00%(upstream:track)%00%(upstream:remotename)%00%(upstream:remoteref) refs/heads/main refs/remotes/main [2ms]
2026-06-28 01:54:22.579 [warning] [Git][revParse] Unable to read file: ENOENT: no such file or directory, open '/home/ladybug-me/caelestia-dots-kde/.git/refs/remotes/origin/main'
2026-06-28 01:54:22.580 [info] > git rev-parse refs/remotes/origin/main [1ms]
2026-06-28 01:54:22.590 [info] > git for-each-ref --sort -committerdate --format %(refname)%00%(objectname)%00%(*objectname) [1ms]
2026-06-28 01:54:22.592 [info] > git status -z -uall [8ms]
2026-06-28 01:54:28.045 [info] > git check-ignore -v -z --stdin [1ms]
2026-06-28 01:54:28.109 [info] > git check-ignore -v -z --stdin [1ms]
2026-06-28 01:54:32.230 [info] > git config --get commit.template [0ms]
2026-06-28 01:54:32.233 [info] > git for-each-ref --format=%(refname)%00%(upstream:short)%00%(objectname)%00%(upstream:track)%00%(upstream:remotename)%00%(upstream:remoteref) refs/heads/main refs/remotes/main [0ms]
2026-06-28 01:54:32.236 [warning] [Git][revParse] Unable to read file: ENOENT: no such file or directory, open '/home/ladybug-me/caelestia-dots-kde/.git/refs/remotes/origin/main'
2026-06-28 01:54:32.237 [info] > git rev-parse refs/remotes/origin/main [1ms]
2026-06-28 01:54:32.243 [info] > git for-each-ref --sort -committerdate --format %(refname)%00%(objectname)%00%(*objectname) [1ms]
2026-06-28 01:54:32.244 [info] > git status -z -uall [5ms]
2026-06-28 01:54:37.272 [info] > git config --get commit.template [11ms]
2026-06-28 01:54:37.274 [info] > git for-each-ref --format=%(refname)%00%(upstream:short)%00%(objectname)%00%(upstream:track)%00%(upstream:remotename)%00%(upstream:remoteref) refs/heads/main refs/remotes/main [3ms]
2026-06-28 01:54:37.285 [warning] [Git][revParse] Unable to read file: ENOENT: no such file or directory, open '/home/ladybug-me/caelestia-dots-kde/.git/refs/remotes/origin/main'
2026-06-28 01:54:37.286 [info] > git rev-parse refs/remotes/origin/main [1ms]
2026-06-28 01:54:37.311 [info] > git for-each-ref --sort -committerdate --format %(refname)%00%(objectname)%00%(*objectname) [6ms]
2026-06-28 01:54:37.316 [info] > git status -z -uall [21ms]
2026-06-28 01:54:43.599 [info] > git config --get commit.template [102ms]
2026-06-28 01:54:43.701 [info] > git for-each-ref --format=%(refname)%00%(upstream:short)%00%(objectname)%00%(upstream:track)%00%(upstream:remotename)%00%(upstream:remoteref) refs/heads/main refs/remotes/main [196ms]
2026-06-28 01:54:44.031 [warning] [Git][revParse] Unable to read file: ENOENT: no such file or directory, open '/home/ladybug-me/caelestia-dots-kde/.git/refs/remotes/origin/main'
2026-06-28 01:54:44.045 [info] > git rev-parse refs/remotes/origin/main [14ms]
2026-06-28 01:54:44.187 [info] > git for-each-ref --sort -committerdate --format %(refname)%00%(objectname)%00%(*objectname) [72ms]
2026-06-28 01:54:44.802 [info] > git status -z -uall [736ms]
2026-06-28 01:54:49.982 [info] > git config --get commit.template [17ms]
2026-06-28 01:54:49.986 [info] > git for-each-ref --format=%(refname)%00%(upstream:short)%00%(objectname)%00%(upstream:track)%00%(upstream:remotename)%00%(upstream:remoteref) refs/heads/main refs/remotes/main [6ms]
2026-06-28 01:54:49.999 [warning] [Git][revParse] Unable to read file: ENOENT: no such file or directory, open '/home/ladybug-me/caelestia-dots-kde/.git/refs/remotes/origin/main'
2026-06-28 01:54:50.001 [info] > git rev-parse refs/remotes/origin/main [2ms]
2026-06-28 01:54:50.048 [info] > git for-each-ref --sort -committerdate --format %(refname)%00%(objectname)%00%(*objectname) [6ms]
2026-06-28 01:54:50.062 [info] > git status -z -uall [47ms]
2026-06-28 01:54:55.344 [info] > git config --get commit.template [183ms]
2026-06-28 01:54:55.375 [info] > git for-each-ref --format=%(refname)%00%(upstream:short)%00%(objectname)%00%(upstream:track)%00%(upstream:remotename)%00%(upstream:remoteref) refs/heads/main refs/remotes/main [208ms]
2026-06-28 01:54:55.383 [warning] [Git][revParse] Unable to read file: ENOENT: no such file or directory, open '/home/ladybug-me/caelestia-dots-kde/.git/refs/remotes/origin/main'
2026-06-28 01:54:55.387 [info] > git rev-parse refs/remotes/origin/main [4ms]
2026-06-28 01:54:55.444 [info] > git for-each-ref --sort -committerdate --format %(refname)%00%(objectname)%00%(*objectname) [21ms]
2026-06-28 01:54:55.491 [info] > git status -z -uall [87ms]
2026-06-28 01:55:00.543 [info] > git config --get commit.template [1ms]
2026-06-28 01:55:00.549 [info] > git for-each-ref --format=%(refname)%00%(upstream:short)%00%(objectname)%00%(upstream:track)%00%(upstream:remotename)%00%(upstream:remoteref) refs/heads/main refs/remotes/main [1ms]
2026-06-28 01:55:00.554 [warning] [Git][revParse] Unable to read file: ENOENT: no such file or directory, open '/home/ladybug-me/caelestia-dots-kde/.git/refs/remotes/origin/main'
2026-06-28 01:55:00.555 [info] > git rev-parse refs/remotes/origin/main [2ms]
2026-06-28 01:55:00.566 [info] > git for-each-ref --sort -committerdate --format %(refname)%00%(objectname)%00%(*objectname) [2ms]
2026-06-28 01:55:00.568 [info] > git status -z -uall [9ms]
2026-06-28 01:55:20.680 [info] > git config --get commit.template [6ms]
2026-06-28 01:55:20.681 [info] > git for-each-ref --format=%(refname)%00%(upstream:short)%00%(objectname)%00%(upstream:track)%00%(upstream:remotename)%00%(upstream:remoteref) refs/heads/main refs/remotes/main [2ms]
2026-06-28 01:55:20.687 [warning] [Git][revParse] Unable to read file: ENOENT: no such file or directory, open '/home/ladybug-me/caelestia-dots-kde/.git/refs/remotes/origin/main'
2026-06-28 01:55:20.688 [info] > git rev-parse refs/remotes/origin/main [1ms]
2026-06-28 01:55:20.703 [info] > git for-each-ref --sort -committerdate --format %(refname)%00%(objectname)%00%(*objectname) [2ms]
2026-06-28 01:55:20.705 [info] > git status -z -uall [12ms]
2026-06-28 01:56:14.168 [info] > git config --get commit.template [5ms]
2026-06-28 01:56:14.168 [info] > git for-each-ref --format=%(refname)%00%(upstream:short)%00%(objectname)%00%(upstream:track)%00%(upstream:remotename)%00%(upstream:remoteref) refs/heads/main refs/remotes/main [1ms]
2026-06-28 01:56:14.171 [warning] [Git][revParse] Unable to read file: ENOENT: no such file or directory, open '/home/ladybug-me/caelestia-dots-kde/.git/refs/remotes/origin/main'
2026-06-28 01:56:14.172 [info] > git rev-parse refs/remotes/origin/main [1ms]
2026-06-28 01:56:14.180 [info] > git for-each-ref --sort -committerdate --format %(refname)%00%(objectname)%00%(*objectname) [2ms]
2026-06-28 01:56:14.183 [info] > git status -z -uall [8ms]
2026-06-28 01:56:22.481 [info] > git config --get commit.template [3ms]
2026-06-28 01:56:22.482 [info] > git for-each-ref --format=%(refname)%00%(upstream:short)%00%(objectname)%00%(upstream:track)%00%(upstream:remotename)%00%(upstream:remoteref) refs/heads/main refs/remotes/main [1ms]
2026-06-28 01:56:22.485 [warning] [Git][revParse] Unable to read file: ENOENT: no such file or directory, open '/home/ladybug-me/caelestia-dots-kde/.git/refs/remotes/origin/main'
2026-06-28 01:56:22.486 [info] > git rev-parse refs/remotes/origin/main [1ms]
2026-06-28 01:56:22.493 [info] > git for-each-ref --sort -committerdate --format %(refname)%00%(objectname)%00%(*objectname) [1ms]
2026-06-28 01:56:22.494 [info] > git status -z -uall [5ms]
2026-06-28 01:56:30.758 [info] > git config --get commit.template [1ms]
2026-06-28 01:56:30.762 [info] > git for-each-ref --format=%(refname)%00%(upstream:short)%00%(objectname)%00%(upstream:track)%00%(upstream:remotename)%00%(upstream:remoteref) refs/heads/main refs/remotes/main [1ms]
2026-06-28 01:56:30.765 [warning] [Git][revParse] Unable to read file: ENOENT: no such file or directory, open '/home/ladybug-me/caelestia-dots-kde/.git/refs/remotes/origin/main'
2026-06-28 01:56:30.766 [info] > git rev-parse refs/remotes/origin/main [1ms]
2026-06-28 01:56:30.773 [info] > git for-each-ref --sort -committerdate --format %(refname)%00%(objectname)%00%(*objectname) [1ms]
2026-06-28 01:56:30.774 [info] > git status -z -uall [5ms]
2026-06-28 01:56:38.630 [info] > git config --get commit.template [3ms]
2026-06-28 01:56:38.630 [info] > git for-each-ref --format=%(refname)%00%(upstream:short)%00%(objectname)%00%(upstream:track)%00%(upstream:remotename)%00%(upstream:remoteref) refs/heads/main refs/remotes/main [0ms]
2026-06-28 01:56:38.633 [warning] [Git][revParse] Unable to read file: ENOENT: no such file or directory, open '/home/ladybug-me/caelestia-dots-kde/.git/refs/remotes/origin/main'
2026-06-28 01:56:38.634 [info] > git rev-parse refs/remotes/origin/main [1ms]
2026-06-28 01:56:38.641 [info] > git for-each-ref --sort -committerdate --format %(refname)%00%(objectname)%00%(*objectname) [1ms]
2026-06-28 01:56:38.642 [info] > git status -z -uall [5ms]
2026-06-28 01:56:47.995 [info] > git config --get commit.template [3ms]
2026-06-28 01:56:47.996 [info] > git for-each-ref --format=%(refname)%00%(upstream:short)%00%(objectname)%00%(upstream:track)%00%(upstream:remotename)%00%(upstream:remoteref) refs/heads/main refs/remotes/main [1ms]
2026-06-28 01:56:47.998 [warning] [Git][revParse] Unable to read file: ENOENT: no such file or directory, open '/home/ladybug-me/caelestia-dots-kde/.git/refs/remotes/origin/main'
2026-06-28 01:56:47.999 [info] > git rev-parse refs/remotes/origin/main [1ms]
2026-06-28 01:56:48.006 [info] > git for-each-ref --sort -committerdate --format %(refname)%00%(objectname)%00%(*objectname) [1ms]
2026-06-28 01:56:48.008 [info] > git status -z -uall [6ms]
2026-06-28 01:56:53.026 [info] > git config --get commit.template [6ms]
2026-06-28 01:56:53.027 [info] > git for-each-ref --format=%(refname)%00%(upstream:short)%00%(objectname)%00%(upstream:track)%00%(upstream:remotename)%00%(upstream:remoteref) refs/heads/main refs/remotes/main [2ms]
2026-06-28 01:56:53.038 [warning] [Git][revParse] Unable to read file: ENOENT: no such file or directory, open '/home/ladybug-me/caelestia-dots-kde/.git/refs/remotes/origin/main'
2026-06-28 01:56:53.039 [info] > git rev-parse refs/remotes/origin/main [1ms]
2026-06-28 01:56:53.051 [info] > git for-each-ref --sort -committerdate --format %(refname)%00%(objectname)%00%(*objectname) [2ms]
2026-06-28 01:56:53.056 [info] > git status -z -uall [12ms]
2026-06-28 01:56:58.093 [info] > git config --get commit.template [13ms]
2026-06-28 01:56:58.097 [info] > git for-each-ref --format=%(refname)%00%(upstream:short)%00%(objectname)%00%(upstream:track)%00%(upstream:remotename)%00%(upstream:remoteref) refs/heads/main refs/remotes/main [6ms]
2026-06-28 01:56:58.111 [warning] [Git][revParse] Unable to read file: ENOENT: no such file or directory, open '/home/ladybug-me/caelestia-dots-kde/.git/refs/remotes/origin/main'
2026-06-28 01:56:58.119 [info] > git rev-parse refs/remotes/origin/main [9ms]
2026-06-28 01:56:58.192 [info] > git for-each-ref --sort -committerdate --format %(refname)%00%(objectname)%00%(*objectname) [49ms]
2026-06-28 01:56:58.195 [info] > git status -z -uall [65ms]
2026-06-28 01:57:01.706 [info] > git check-ignore -v -z --stdin [10ms]
2026-06-28 01:57:02.433 [info] > git check-ignore -v -z --stdin [11ms]
2026-06-28 01:57:02.884 [info] > git show --textconv :setup.sh [19ms]
2026-06-28 01:57:02.890 [info] > git ls-files --stage -- setup.sh [7ms]
2026-06-28 01:57:02.909 [info] > git cat-file -s 513bda3f9818797c5b8a9b473f63d129c5ee3b88 [8ms]
2026-06-28 01:57:04.356 [info] > git for-each-ref --format=%(refname)%00%(upstream:short)%00%(objectname)%00%(upstream:track)%00%(upstream:remotename)%00%(upstream:remoteref) refs/heads/main refs/remotes/main [17ms]
2026-06-28 01:57:04.370 [warning] [Git][revParse] Unable to read file: ENOENT: no such file or directory, open '/home/ladybug-me/caelestia-dots-kde/.git/refs/remotes/origin/main'
2026-06-28 01:57:04.372 [info] > git config --get commit.template [16ms]
2026-06-28 01:57:04.375 [info] > git rev-parse refs/remotes/origin/main [5ms]
2026-06-28 01:57:04.405 [info] > git for-each-ref --sort -committerdate --format %(refname)%00%(objectname)%00%(*objectname) [4ms]
2026-06-28 01:57:04.418 [info] > git status -z -uall [31ms]
2026-06-28 01:57:09.486 [info] > git for-each-ref --format=%(refname)%00%(upstream:short)%00%(objectname)%00%(upstream:track)%00%(upstream:remotename)%00%(upstream:remoteref) refs/heads/main refs/remotes/main [2ms]
2026-06-28 01:57:09.490 [info] > git config --get commit.template [27ms]
2026-06-28 01:57:09.504 [warning] [Git][revParse] Unable to read file: ENOENT: no such file or directory, open '/home/ladybug-me/caelestia-dots-kde/.git/refs/remotes/origin/main'
2026-06-28 01:57:09.508 [info] > git rev-parse refs/remotes/origin/main [4ms]
2026-06-28 01:57:09.555 [info] > git for-each-ref --sort -committerdate --format %(refname)%00%(objectname)%00%(*objectname) [21ms]
2026-06-28 01:57:09.600 [info] > git status -z -uall [78ms]
2026-06-28 01:57:14.638 [info] > git for-each-ref --format=%(refname)%00%(upstream:short)%00%(objectname)%00%(upstream:track)%00%(upstream:remotename)%00%(upstream:remoteref) refs/heads/main refs/remotes/main [2ms]
2026-06-28 01:57:14.643 [warning] [Git][revParse] Unable to read file: ENOENT: no such file or directory, open '/home/ladybug-me/caelestia-dots-kde/.git/refs/remotes/origin/main'
2026-06-28 01:57:14.644 [info] > git rev-parse refs/remotes/origin/main [1ms]
2026-06-28 01:57:14.650 [info] > git config --get commit.template [20ms]
2026-06-28 01:57:14.665 [info] > git for-each-ref --sort -committerdate --format %(refname)%00%(objectname)%00%(*objectname) [2ms]
2026-06-28 01:57:14.670 [info] > git status -z -uall [15ms]
2026-06-28 01:57:37.602 [info] > git config --get commit.template [2ms]
2026-06-28 01:57:37.610 [info] > git for-each-ref --format=%(refname)%00%(upstream:short)%00%(objectname)%00%(upstream:track)%00%(upstream:remotename)%00%(upstream:remoteref) refs/heads/main refs/remotes/main [3ms]
2026-06-28 01:57:37.614 [warning] [Git][revParse] Unable to read file: ENOENT: no such file or directory, open '/home/ladybug-me/caelestia-dots-kde/.git/refs/remotes/origin/main'
2026-06-28 01:57:37.615 [info] > git rev-parse refs/remotes/origin/main [1ms]
2026-06-28 01:57:37.626 [info] > git for-each-ref --sort -committerdate --format %(refname)%00%(objectname)%00%(*objectname) [1ms]
2026-06-28 01:57:37.628 [info] > git status -z -uall [8ms]
2026-06-28 01:59:34.369 [info] > git config --get commit.template [5ms]
2026-06-28 01:59:34.369 [info] > git for-each-ref --format=%(refname)%00%(upstream:short)%00%(objectname)%00%(upstream:track)%00%(upstream:remotename)%00%(upstream:remoteref) refs/heads/main refs/remotes/main [1ms]
2026-06-28 01:59:34.373 [warning] [Git][revParse] Unable to read file: ENOENT: no such file or directory, open '/home/ladybug-me/caelestia-dots-kde/.git/refs/remotes/origin/main'
2026-06-28 01:59:34.375 [info] > git rev-parse refs/remotes/origin/main [2ms]
2026-06-28 01:59:34.382 [info] > git for-each-ref --sort -committerdate --format %(refname)%00%(objectname)%00%(*objectname) [0ms]
2026-06-28 01:59:34.383 [info] > git status -z -uall [5ms]
2026-06-28 02:07:46.667 [info] > git check-ignore -v -z --stdin [1ms]
2026-06-28 02:07:48.989 [info] > git check-ignore -v -z --stdin [11ms]
2026-06-28 02:07:49.062 [info] > git check-ignore -v -z --stdin [1ms]
2026-06-28 02:07:49.187 [info] > git show --textconv :.github/README.md [6ms]
2026-06-28 02:07:49.187 [info] > git ls-files --stage -- .github/README.md [1ms]
2026-06-28 02:07:49.191 [info] > git cat-file -s de5f3599378a63a967a029faef6a96b195bbc7c5 [1ms]
2026-06-28 02:09:05.260 [info] > git check-ignore -v -z --stdin [1ms]
2026-06-28 02:09:05.290 [info] > git blame --root --incremental 7c3fe8902858fe57c8d188e3dc1d69fe73bb2cb4 -- .github/README.md [21ms]
2026-06-28 02:10:27.953 [info] > git config --get commit.template [1ms]
2026-06-28 02:10:27.959 [info] > git for-each-ref --format=%(refname)%00%(upstream:short)%00%(objectname)%00%(upstream:track)%00%(upstream:remotename)%00%(upstream:remoteref) refs/heads/main refs/remotes/main [1ms]
2026-06-28 02:10:27.964 [warning] [Git][revParse] Unable to read file: ENOENT: no such file or directory, open '/home/ladybug-me/caelestia-dots-kde/.git/refs/remotes/origin/main'
2026-06-28 02:10:27.965 [info] > git rev-parse refs/remotes/origin/main [1ms]
2026-06-28 02:10:27.973 [info] > git for-each-ref --sort -committerdate --format %(refname)%00%(objectname)%00%(*objectname) [1ms]
2026-06-28 02:10:27.975 [info] > git status -z -uall [7ms]
2026-06-28 02:10:33.012 [info] > git config --get commit.template [6ms]
2026-06-28 02:10:33.012 [info] > git for-each-ref --format=%(refname)%00%(upstream:short)%00%(objectname)%00%(upstream:track)%00%(upstream:remotename)%00%(upstream:remoteref) refs/heads/main refs/remotes/main [1ms]
2026-06-28 02:10:33.016 [warning] [Git][revParse] Unable to read file: ENOENT: no such file or directory, open '/home/ladybug-me/caelestia-dots-kde/.git/refs/remotes/origin/main'
2026-06-28 02:10:33.017 [info] > git rev-parse refs/remotes/origin/main [1ms]
2026-06-28 02:10:33.026 [info] > git for-each-ref --sort -committerdate --format %(refname)%00%(objectname)%00%(*objectname) [1ms]
2026-06-28 02:10:33.027 [info] > git status -z -uall [6ms]
2026-06-28 02:15:08.823 [info] > git check-ignore -v -z --stdin [4ms]
2026-06-28 02:16:37.200 [info] > git check-ignore -v -z --stdin [27ms]
2026-06-28 02:18:24.622 [info] > git check-ignore -v -z --stdin [4ms]
2026-06-28 02:19:18.365 [info] > git check-ignore -v -z --stdin [1ms]
2026-06-28 02:19:18.441 [info] > git check-ignore -v -z --stdin [1ms]
2026-06-28 02:19:18.570 [info] > git ls-files --stage -- .github/README.md [1ms]
2026-06-28 02:19:18.580 [info] > git show --textconv :.github/README.md [14ms]
2026-06-28 02:19:18.580 [info] > git cat-file -s de5f3599378a63a967a029faef6a96b195bbc7c5 [6ms]
2026-06-28 02:19:23.091 [info] > git config --get commit.template [5ms]
2026-06-28 02:19:23.093 [info] > git for-each-ref --format=%(refname)%00%(upstream:short)%00%(objectname)%00%(upstream:track)%00%(upstream:remotename)%00%(upstream:remoteref) refs/heads/main refs/remotes/main [2ms]
2026-06-28 02:19:23.098 [warning] [Git][revParse] Unable to read file: ENOENT: no such file or directory, open '/home/ladybug-me/caelestia-dots-kde/.git/refs/remotes/origin/main'
2026-06-28 02:19:23.098 [info] > git rev-parse refs/remotes/origin/main [0ms]
2026-06-28 02:19:23.116 [info] > git for-each-ref --sort -committerdate --format %(refname)%00%(objectname)%00%(*objectname) [10ms]
2026-06-28 02:19:23.144 [info] > git status -z -uall [42ms]
2026-06-28 02:20:42.376 [info] > git config --get commit.template [6ms]
2026-06-28 02:20:42.402 [info] > git for-each-ref --format=%(refname)%00%(upstream:short)%00%(objectname)%00%(upstream:track)%00%(upstream:remotename)%00%(upstream:remoteref) refs/heads/main refs/remotes/main [27ms]
2026-06-28 02:20:42.405 [warning] [Git][revParse] Unable to read file: ENOENT: no such file or directory, open '/home/ladybug-me/caelestia-dots-kde/.git/refs/remotes/origin/main'
2026-06-28 02:20:42.405 [info] > git rev-parse refs/remotes/origin/main [0ms]
2026-06-28 02:20:42.419 [info] > git for-each-ref --sort -committerdate --format %(refname)%00%(objectname)%00%(*objectname) [6ms]
2026-06-28 02:20:42.431 [info] > git status -z -uall [23ms]
2026-06-28 02:21:53.732 [info] > git check-ignore -v -z --stdin [2ms]
2026-06-28 02:22:25.400 [info] > git config --get commit.template [7ms]
2026-06-28 02:22:25.402 [info] > git for-each-ref --format=%(refname)%00%(upstream:short)%00%(objectname)%00%(upstream:track)%00%(upstream:remotename)%00%(upstream:remoteref) refs/heads/main refs/remotes/main [2ms]
2026-06-28 02:22:25.408 [warning] [Git][revParse] Unable to read file: ENOENT: no such file or directory, open '/home/ladybug-me/caelestia-dots-kde/.git/refs/remotes/origin/main'
2026-06-28 02:22:25.410 [info] > git rev-parse refs/remotes/origin/main [2ms]
2026-06-28 02:22:25.419 [info] > git for-each-ref --sort -committerdate --format %(refname)%00%(objectname)%00%(*objectname) [1ms]
2026-06-28 02:22:25.422 [info] > git status -z -uall [9ms]
2026-06-28 02:22:55.860 [info] > git config --get commit.template [4ms]
2026-06-28 02:22:55.860 [info] > git for-each-ref --format=%(refname)%00%(upstream:short)%00%(objectname)%00%(upstream:track)%00%(upstream:remotename)%00%(upstream:remoteref) refs/heads/main refs/remotes/main [1ms]
2026-06-28 02:22:55.864 [warning] [Git][revParse] Unable to read file: ENOENT: no such file or directory, open '/home/ladybug-me/caelestia-dots-kde/.git/refs/remotes/origin/main'
2026-06-28 02:22:55.864 [info] > git rev-parse refs/remotes/origin/main [0ms]
2026-06-28 02:22:55.873 [info] > git status -z -uall [6ms]
2026-06-28 02:22:55.875 [info] > git for-each-ref --sort -committerdate --format %(refname)%00%(objectname)%00%(*objectname) [2ms]
2026-06-28 02:25:21.348 [info] > git config --get commit.template [7ms]
2026-06-28 02:25:21.349 [info] > git for-each-ref --format=%(refname)%00%(upstream:short)%00%(objectname)%00%(upstream:track)%00%(upstream:remotename)%00%(upstream:remoteref) refs/heads/main refs/remotes/main [2ms]
2026-06-28 02:25:21.352 [warning] [Git][revParse] Unable to read file: ENOENT: no such file or directory, open '/home/ladybug-me/caelestia-dots-kde/.git/refs/remotes/origin/main'
2026-06-28 02:25:21.353 [info] > git rev-parse refs/remotes/origin/main [1ms]
2026-06-28 02:25:21.360 [info] > git for-each-ref --sort -committerdate --format %(refname)%00%(objectname)%00%(*objectname) [1ms]
2026-06-28 02:25:21.361 [info] > git status -z -uall [4ms]
2026-06-28 02:25:26.386 [info] > git config --get commit.template [9ms]
2026-06-28 02:25:26.386 [info] > git for-each-ref --format=%(refname)%00%(upstream:short)%00%(objectname)%00%(upstream:track)%00%(upstream:remotename)%00%(upstream:remoteref) refs/heads/main refs/remotes/main [1ms]
2026-06-28 02:25:26.393 [warning] [Git][revParse] Unable to read file: ENOENT: no such file or directory, open '/home/ladybug-me/caelestia-dots-kde/.git/refs/remotes/origin/main'
2026-06-28 02:25:26.395 [info] > git rev-parse refs/remotes/origin/main [2ms]
2026-06-28 02:25:26.409 [info] > git for-each-ref --sort -committerdate --format %(refname)%00%(objectname)%00%(*objectname) [2ms]
2026-06-28 02:25:26.412 [info] > git status -z -uall [11ms]
2026-06-28 02:25:31.428 [info] > git config --get commit.template [5ms]
2026-06-28 02:25:31.429 [info] > git for-each-ref --format=%(refname)%00%(upstream:short)%00%(objectname)%00%(upstream:track)%00%(upstream:remotename)%00%(upstream:remoteref) refs/heads/main refs/remotes/main [1ms]
2026-06-28 02:25:31.431 [warning] [Git][revParse] Unable to read file: ENOENT: no such file or directory, open '/home/ladybug-me/caelestia-dots-kde/.git/refs/remotes/origin/main'
2026-06-28 02:25:31.432 [info] > git rev-parse refs/remotes/origin/main [1ms]
2026-06-28 02:25:31.441 [info] > git for-each-ref --sort -committerdate --format %(refname)%00%(objectname)%00%(*objectname) [2ms]
2026-06-28 02:25:31.444 [info] > git status -z -uall [8ms]
2026-06-28 02:26:55.588 [info] > git check-ignore -v -z --stdin [1ms]
2026-06-28 02:26:55.671 [info] > git check-ignore -v -z --stdin [1ms]
2026-06-28 02:26:55.791 [info] > git show --textconv :.github/README.md [8ms]
2026-06-28 02:26:55.801 [info] > git ls-files --stage -- .github/README.md [11ms]
2026-06-28 02:26:55.812 [info] > git cat-file -s de5f3599378a63a967a029faef6a96b195bbc7c5 [6ms]
2026-06-28 02:27:07.413 [info] > git config --get commit.template [6ms]
2026-06-28 02:27:07.414 [info] > git for-each-ref --format=%(refname)%00%(upstream:short)%00%(objectname)%00%(upstream:track)%00%(upstream:remotename)%00%(upstream:remoteref) refs/heads/main refs/remotes/main [1ms]
2026-06-28 02:27:07.418 [warning] [Git][revParse] Unable to read file: ENOENT: no such file or directory, open '/home/ladybug-me/caelestia-dots-kde/.git/refs/remotes/origin/main'
2026-06-28 02:27:07.419 [info] > git rev-parse refs/remotes/origin/main [1ms]
2026-06-28 02:27:07.427 [info] > git for-each-ref --sort -committerdate --format %(refname)%00%(objectname)%00%(*objectname) [1ms]
2026-06-28 02:27:07.428 [info] > git status -z -uall [6ms]
2026-06-28 02:27:19.883 [info] > git config --get commit.template [4ms]
2026-06-28 02:27:19.883 [info] > git for-each-ref --format=%(refname)%00%(upstream:short)%00%(objectname)%00%(upstream:track)%00%(upstream:remotename)%00%(upstream:remoteref) refs/heads/main refs/remotes/main [1ms]
2026-06-28 02:27:19.886 [warning] [Git][revParse] Unable to read file: ENOENT: no such file or directory, open '/home/ladybug-me/caelestia-dots-kde/.git/refs/remotes/origin/main'
2026-06-28 02:27:19.887 [info] > git rev-parse refs/remotes/origin/main [1ms]
2026-06-28 02:27:19.893 [info] > git for-each-ref --sort -committerdate --format %(refname)%00%(objectname)%00%(*objectname) [0ms]
2026-06-28 02:27:19.894 [info] > git status -z -uall [5ms]
2026-06-28 02:27:24.915 [info] > git config --get commit.template [6ms]
2026-06-28 02:27:24.916 [info] > git for-each-ref --format=%(refname)%00%(upstream:short)%00%(objectname)%00%(upstream:track)%00%(upstream:remotename)%00%(upstream:remoteref) refs/heads/main refs/remotes/main [2ms]
2026-06-28 02:27:24.921 [warning] [Git][revParse] Unable to read file: ENOENT: no such file or directory, open '/home/ladybug-me/caelestia-dots-kde/.git/refs/remotes/origin/main'
2026-06-28 02:27:24.922 [info] > git rev-parse refs/remotes/origin/main [1ms]
2026-06-28 02:27:24.934 [info] > git status -z -uall [7ms]
2026-06-28 02:27:24.936 [info] > git for-each-ref --sort -committerdate --format %(refname)%00%(objectname)%00%(*objectname) [3ms]
2026-06-28 02:27:47.745 [info] > git check-ignore -v -z --stdin [1ms]
2026-06-28 02:27:48.267 [info] > git config --get commit.template [8ms]
2026-06-28 02:27:48.268 [info] > git for-each-ref --format=%(refname)%00%(upstream:short)%00%(objectname)%00%(upstream:track)%00%(upstream:remotename)%00%(upstream:remoteref) refs/heads/main refs/remotes/main [2ms]
2026-06-28 02:27:48.274 [warning] [Git][revParse] Unable to read file: ENOENT: no such file or directory, open '/home/ladybug-me/caelestia-dots-kde/.git/refs/remotes/origin/main'
2026-06-28 02:27:48.275 [info] > git rev-parse refs/remotes/origin/main [1ms]
2026-06-28 02:27:48.288 [info] > git for-each-ref --sort -committerdate --format %(refname)%00%(objectname)%00%(*objectname) [1ms]
2026-06-28 02:27:48.290 [info] > git status -z -uall [9ms]
2026-06-28 02:27:56.068 [info] > git config --get commit.template [4ms]
2026-06-28 02:27:56.069 [info] > git for-each-ref --format=%(refname)%00%(upstream:short)%00%(objectname)%00%(upstream:track)%00%(upstream:remotename)%00%(upstream:remoteref) refs/heads/main refs/remotes/main [1ms]
2026-06-28 02:27:56.073 [warning] [Git][revParse] Unable to read file: ENOENT: no such file or directory, open '/home/ladybug-me/caelestia-dots-kde/.git/refs/remotes/origin/main'
2026-06-28 02:27:56.073 [info] > git rev-parse refs/remotes/origin/main [0ms]
2026-06-28 02:27:56.082 [info] > git for-each-ref --sort -committerdate --format %(refname)%00%(objectname)%00%(*objectname) [1ms]
2026-06-28 02:27:56.082 [info] > git status -z -uall [7ms]
2026-06-28 02:28:16.708 [info] > git config --get commit.template [4ms]
2026-06-28 02:28:16.708 [info] > git for-each-ref --format=%(refname)%00%(upstream:short)%00%(objectname)%00%(upstream:track)%00%(upstream:remotename)%00%(upstream:remoteref) refs/heads/main refs/remotes/main [0ms]
2026-06-28 02:28:16.712 [warning] [Git][revParse] Unable to read file: ENOENT: no such file or directory, open '/home/ladybug-me/caelestia-dots-kde/.git/refs/remotes/origin/main'
2026-06-28 02:28:16.713 [info] > git rev-parse refs/remotes/origin/main [1ms]
2026-06-28 02:28:16.721 [info] > git status -z -uall [5ms]
2026-06-28 02:28:16.721 [info] > git for-each-ref --sort -committerdate --format %(refname)%00%(objectname)%00%(*objectname) [1ms]
2026-06-28 02:28:21.762 [info] > git config --get commit.template [15ms]
2026-06-28 02:28:21.767 [info] > git for-each-ref --format=%(refname)%00%(upstream:short)%00%(objectname)%00%(upstream:track)%00%(upstream:remotename)%00%(upstream:remoteref) refs/heads/main refs/remotes/main [9ms]
2026-06-28 02:28:21.784 [warning] [Git][revParse] Unable to read file: ENOENT: no such file or directory, open '/home/ladybug-me/caelestia-dots-kde/.git/refs/remotes/origin/main'
2026-06-28 02:28:21.801 [info] > git rev-parse refs/remotes/origin/main [17ms]
2026-06-28 02:28:21.859 [info] > git for-each-ref --sort -committerdate --format %(refname)%00%(objectname)%00%(*objectname) [13ms]
2026-06-28 02:28:21.895 [info] > git status -z -uall [78ms]
2026-06-28 02:28:26.946 [info] > git config --get commit.template [6ms]
2026-06-28 02:28:26.947 [info] > git for-each-ref --format=%(refname)%00%(upstream:short)%00%(objectname)%00%(upstream:track)%00%(upstream:remotename)%00%(upstream:remoteref) refs/heads/main refs/remotes/main [2ms]
2026-06-28 02:28:26.953 [warning] [Git][revParse] Unable to read file: ENOENT: no such file or directory, open '/home/ladybug-me/caelestia-dots-kde/.git/refs/remotes/origin/main'
2026-06-28 02:28:26.954 [info] > git rev-parse refs/remotes/origin/main [1ms]
2026-06-28 02:28:26.970 [info] > git for-each-ref --sort -committerdate --format %(refname)%00%(objectname)%00%(*objectname) [3ms]
2026-06-28 02:28:27.006 [info] > git status -z -uall [46ms]
2026-06-28 02:28:32.377 [info] > git config --get commit.template [80ms]
2026-06-28 02:28:32.409 [info] > git for-each-ref --format=%(refname)%00%(upstream:short)%00%(objectname)%00%(upstream:track)%00%(upstream:remotename)%00%(upstream:remoteref) refs/heads/main refs/remotes/main [107ms]
2026-06-28 02:28:32.414 [warning] [Git][revParse] Unable to read file: ENOENT: no such file or directory, open '/home/ladybug-me/caelestia-dots-kde/.git/refs/remotes/origin/main'
2026-06-28 02:28:32.415 [info] > git rev-parse refs/remotes/origin/main [1ms]
2026-06-28 02:28:32.444 [info] > git for-each-ref --sort -committerdate --format %(refname)%00%(objectname)%00%(*objectname) [19ms]
2026-06-28 02:28:32.511 [info] > git status -z -uall [89ms]
2026-06-28 02:28:37.569 [info] > git config --get commit.template [31ms]
2026-06-28 02:28:37.575 [info] > git for-each-ref --format=%(refname)%00%(upstream:short)%00%(objectname)%00%(upstream:track)%00%(upstream:remotename)%00%(upstream:remoteref) refs/heads/main refs/remotes/main [27ms]
2026-06-28 02:28:37.594 [warning] [Git][revParse] Unable to read file: ENOENT: no such file or directory, open '/home/ladybug-me/caelestia-dots-kde/.git/refs/remotes/origin/main'
2026-06-28 02:28:37.599 [info] > git rev-parse refs/remotes/origin/main [5ms]
2026-06-28 02:28:37.633 [info] > git for-each-ref --sort -committerdate --format %(refname)%00%(objectname)%00%(*objectname) [10ms]
2026-06-28 02:28:37.654 [info] > git status -z -uall [41ms]
2026-06-28 02:28:43.013 [info] > git config --get commit.template [118ms]
2026-06-28 02:28:43.015 [info] > git for-each-ref --format=%(refname)%00%(upstream:short)%00%(objectname)%00%(upstream:track)%00%(upstream:remotename)%00%(upstream:remoteref) refs/heads/main refs/remotes/main [109ms]
2026-06-28 02:28:43.023 [warning] [Git][revParse] Unable to read file: ENOENT: no such file or directory, open '/home/ladybug-me/caelestia-dots-kde/.git/refs/remotes/origin/main'
2026-06-28 02:28:43.026 [info] > git rev-parse refs/remotes/origin/main [3ms]
2026-06-28 02:28:43.101 [info] > git for-each-ref --sort -committerdate --format %(refname)%00%(objectname)%00%(*objectname) [57ms]
2026-06-28 02:28:43.142 [info] > git status -z -uall [108ms]
2026-06-28 02:29:11.065 [info] > git config --get commit.template [4ms]
2026-06-28 02:29:11.065 [info] > git for-each-ref --format=%(refname)%00%(upstream:short)%00%(objectname)%00%(upstream:track)%00%(upstream:remotename)%00%(upstream:remoteref) refs/heads/main refs/remotes/main [1ms]
2026-06-28 02:29:11.068 [warning] [Git][revParse] Unable to read file: ENOENT: no such file or directory, open '/home/ladybug-me/caelestia-dots-kde/.git/refs/remotes/origin/main'
2026-06-28 02:29:11.069 [info] > git rev-parse refs/remotes/origin/main [1ms]
2026-06-28 02:29:11.075 [info] > git for-each-ref --sort -committerdate --format %(refname)%00%(objectname)%00%(*objectname) [1ms]
2026-06-28 02:29:11.077 [info] > git status -z -uall [5ms]
2026-06-28 02:29:34.099 [info] > git config --get commit.template [5ms]
2026-06-28 02:29:34.099 [info] > git for-each-ref --format=%(refname)%00%(upstream:short)%00%(objectname)%00%(upstream:track)%00%(upstream:remotename)%00%(upstream:remoteref) refs/heads/main refs/remotes/main [1ms]
2026-06-28 02:29:34.103 [warning] [Git][revParse] Unable to read file: ENOENT: no such file or directory, open '/home/ladybug-me/caelestia-dots-kde/.git/refs/remotes/origin/main'
2026-06-28 02:29:34.104 [info] > git rev-parse refs/remotes/origin/main [1ms]
2026-06-28 02:29:34.112 [info] > git for-each-ref --sort -committerdate --format %(refname)%00%(objectname)%00%(*objectname) [1ms]
2026-06-28 02:29:34.113 [info] > git status -z -uall [6ms]
2026-06-28 02:29:39.133 [info] > git config --get commit.template [6ms]
2026-06-28 02:29:39.134 [info] > git for-each-ref --format=%(refname)%00%(upstream:short)%00%(objectname)%00%(upstream:track)%00%(upstream:remotename)%00%(upstream:remoteref) refs/heads/main refs/remotes/main [1ms]
2026-06-28 02:29:39.137 [warning] [Git][revParse] Unable to read file: ENOENT: no such file or directory, open '/home/ladybug-me/caelestia-dots-kde/.git/refs/remotes/origin/main'
2026-06-28 02:29:39.138 [info] > git rev-parse refs/remotes/origin/main [1ms]
2026-06-28 02:29:39.147 [info] > git for-each-ref --sort -committerdate --format %(refname)%00%(objectname)%00%(*objectname) [1ms]
2026-06-28 02:29:39.148 [info] > git status -z -uall [6ms]
2026-06-28 02:29:52.750 [info] > git check-ignore -v -z --stdin [3ms]
2026-06-28 02:41:49.693 [info] > git check-ignore -v -z --stdin [3ms]
2026-06-28 02:42:39.455 [info] > git check-ignore -v -z --stdin [2ms]
2026-06-28 02:42:44.955 [info] > git check-ignore -v -z --stdin [2ms]
2026-06-28 02:42:45.864 [info] > git check-ignore -v -z --stdin [1ms]
2026-06-28 02:42:45.923 [info] > git check-ignore -v -z --stdin [2ms]
2026-06-28 02:42:46.078 [info] > git show --textconv :src/keyboardshortcuts/shortcuts.md [6ms]
2026-06-28 02:42:46.078 [info] > git ls-files --stage -- src/keyboardshortcuts/shortcuts.md [0ms]
2026-06-28 02:42:46.083 [info] > git cat-file -s 2f8220c20459da214fe11b31349f2188596bcc33 [1ms]
2026-06-28 02:42:46.107 [info] > git blame --root --incremental 7c3fe8902858fe57c8d188e3dc1d69fe73bb2cb4 -- src/keyboardshortcuts/shortcuts.md [9ms]
2026-06-28 02:43:13.808 [info] > git config --get commit.template [1ms]
2026-06-28 02:43:13.813 [info] > git for-each-ref --format=%(refname)%00%(upstream:short)%00%(objectname)%00%(upstream:track)%00%(upstream:remotename)%00%(upstream:remoteref) refs/heads/main refs/remotes/main [1ms]
2026-06-28 02:43:13.817 [warning] [Git][revParse] Unable to read file: ENOENT: no such file or directory, open '/home/ladybug-me/caelestia-dots-kde/.git/refs/remotes/origin/main'
2026-06-28 02:43:13.818 [info] > git rev-parse refs/remotes/origin/main [1ms]
2026-06-28 02:43:13.828 [info] > git for-each-ref --sort -committerdate --format %(refname)%00%(objectname)%00%(*objectname) [1ms]
2026-06-28 02:43:13.829 [info] > git status -z -uall [6ms]
2026-06-28 02:43:27.941 [info] > git check-ignore -v -z --stdin [1ms]
2026-06-28 02:43:44.063 [info] > git check-ignore -v -z --stdin [1ms]
2026-06-28 02:43:44.116 [info] > git check-ignore -v -z --stdin [1ms]
2026-06-28 02:44:20.465 [info] > git check-ignore -v -z --stdin [1ms]
2026-06-28 02:44:20.489 [info] > git check-ignore -v -z --stdin [1ms]
2026-06-28 02:44:20.665 [info] > git show --textconv :USSUES.md [4ms]
2026-06-28 02:44:20.666 [warning] [GitFileSystemProvider][readFile] File not found - git:/home/ladybug-me/caelestia-dots-kde/USSUES.md.git?%7B%22path%22%3A%22%2Fhome%2Fladybug-me%2Fcaelestia-dots-kde%2FUSSUES.md%22%2C%22ref%22%3A%22%22%7D
2026-06-28 02:44:20.666 [info] > git ls-files --stage -- USSUES.md [1ms]
2026-06-28 02:44:20.666 [warning] [GitFileSystemProvider][stat] File not found - git:/home/ladybug-me/caelestia-dots-kde/USSUES.md.git?%7B%22path%22%3A%22%2Fhome%2Fladybug-me%2Fcaelestia-dots-kde%2FUSSUES.md%22%2C%22ref%22%3A%22%22%7D
2026-06-28 02:44:20.672 [info] > git blame --root --incremental 7c3fe8902858fe57c8d188e3dc1d69fe73bb2cb4 -- USSUES.md [1ms]
2026-06-28 02:44:20.672 [info] fatal: no such path USSUES.md in 7c3fe8902858fe57c8d188e3dc1d69fe73bb2cb4
2026-06-28 02:44:20.956 [info] > git check-ignore -v -z --stdin [1ms]
2026-06-28 02:44:21.492 [info] > git config --get commit.template [4ms]
2026-06-28 02:44:21.492 [info] > git for-each-ref --format=%(refname)%00%(upstream:short)%00%(objectname)%00%(upstream:track)%00%(upstream:remotename)%00%(upstream:remoteref) refs/heads/main refs/remotes/main [1ms]
2026-06-28 02:44:21.495 [warning] [Git][revParse] Unable to read file: ENOENT: no such file or directory, open '/home/ladybug-me/caelestia-dots-kde/.git/refs/remotes/origin/main'
2026-06-28 02:44:21.496 [info] > git rev-parse refs/remotes/origin/main [1ms]
2026-06-28 02:44:21.503 [info] > git for-each-ref --sort -committerdate --format %(refname)%00%(objectname)%00%(*objectname) [1ms]
2026-06-28 02:44:21.504 [info] > git status -z -uall [5ms]
2026-06-28 02:44:26.516 [info] > git for-each-ref --format=%(refname)%00%(upstream:short)%00%(objectname)%00%(upstream:track)%00%(upstream:remotename)%00%(upstream:remoteref) refs/heads/main refs/remotes/main [1ms]
2026-06-28 02:44:26.516 [info] > git config --get commit.template [4ms]
2026-06-28 02:44:26.520 [warning] [Git][revParse] Unable to read file: ENOENT: no such file or directory, open '/home/ladybug-me/caelestia-dots-kde/.git/refs/remotes/origin/main'
2026-06-28 02:44:26.520 [info] > git rev-parse refs/remotes/origin/main [1ms]
2026-06-28 02:44:26.527 [info] > git for-each-ref --sort -committerdate --format %(refname)%00%(objectname)%00%(*objectname) [1ms]
2026-06-28 02:44:26.539 [info] > git status -z -uall [16ms]
2026-06-28 02:44:31.577 [info] > git config --get commit.template [0ms]
2026-06-28 02:44:31.581 [info] > git for-each-ref --format=%(refname)%00%(upstream:short)%00%(objectname)%00%(upstream:track)%00%(upstream:remotename)%00%(upstream:remoteref) refs/heads/main refs/remotes/main [1ms]
2026-06-28 02:44:31.585 [warning] [Git][revParse] Unable to read file: ENOENT: no such file or directory, open '/home/ladybug-me/caelestia-dots-kde/.git/refs/remotes/origin/main'
2026-06-28 02:44:31.585 [info] > git rev-parse refs/remotes/origin/main [0ms]
2026-06-28 02:44:31.593 [info] > git for-each-ref --sort -committerdate --format %(refname)%00%(objectname)%00%(*objectname) [0ms]
2026-06-28 02:44:31.604 [info] > git status -z -uall [16ms]
2026-06-28 02:44:36.691 [info] > git config --get commit.template [25ms]
2026-06-28 02:44:36.710 [info] > git for-each-ref --format=%(refname)%00%(upstream:short)%00%(objectname)%00%(upstream:track)%00%(upstream:remotename)%00%(upstream:remoteref) refs/heads/main refs/remotes/main [21ms]
2026-06-28 02:44:36.732 [warning] [Git][revParse] Unable to read file: ENOENT: no such file or directory, open '/home/ladybug-me/caelestia-dots-kde/.git/refs/remotes/origin/main'
2026-06-28 02:44:36.735 [info] > git rev-parse refs/remotes/origin/main [3ms]
2026-06-28 02:44:36.784 [info] > git for-each-ref --sort -committerdate --format %(refname)%00%(objectname)%00%(*objectname) [13ms]
2026-06-28 02:44:36.881 [info] > git status -z -uall [127ms]
2026-06-28 02:44:42.309 [info] > git config --get commit.template [215ms]
2026-06-28 02:44:42.351 [info] > git for-each-ref --format=%(refname)%00%(upstream:short)%00%(objectname)%00%(upstream:track)%00%(upstream:remotename)%00%(upstream:remoteref) refs/heads/main refs/remotes/main [193ms]
2026-06-28 02:44:42.392 [warning] [Git][revParse] Unable to read file: ENOENT: no such file or directory, open '/home/ladybug-me/caelestia-dots-kde/.git/refs/remotes/origin/main'
2026-06-28 02:44:42.421 [info] > git rev-parse refs/remotes/origin/main [29ms]
2026-06-28 02:44:42.542 [info] > git for-each-ref --sort -committerdate --format %(refname)%00%(objectname)%00%(*objectname) [79ms]
2026-06-28 02:44:43.404 [info] > git status -z -uall [953ms]
2026-06-28 02:44:48.534 [info] > git config --get commit.template [28ms]
2026-06-28 02:44:48.538 [info] > git for-each-ref --format=%(refname)%00%(upstream:short)%00%(objectname)%00%(upstream:track)%00%(upstream:remotename)%00%(upstream:remoteref) refs/heads/main refs/remotes/main [17ms]
2026-06-28 02:44:48.559 [warning] [Git][revParse] Unable to read file: ENOENT: no such file or directory, open '/home/ladybug-me/caelestia-dots-kde/.git/refs/remotes/origin/main'
2026-06-28 02:44:48.565 [info] > git rev-parse refs/remotes/origin/main [6ms]
2026-06-28 02:44:48.605 [info] > git for-each-ref --sort -committerdate --format %(refname)%00%(objectname)%00%(*objectname) [7ms]
2026-06-28 02:44:48.711 [info] > git status -z -uall [132ms]
2026-06-28 02:44:53.904 [info] > git config --get commit.template [17ms]
2026-06-28 02:44:53.908 [info] > git for-each-ref --format=%(refname)%00%(upstream:short)%00%(objectname)%00%(upstream:track)%00%(upstream:remotename)%00%(upstream:remoteref) refs/heads/main refs/remotes/main [7ms]
2026-06-28 02:44:53.916 [warning] [Git][revParse] Unable to read file: ENOENT: no such file or directory, open '/home/ladybug-me/caelestia-dots-kde/.git/refs/remotes/origin/main'
2026-06-28 02:44:53.922 [info] > git rev-parse refs/remotes/origin/main [6ms]
2026-06-28 02:44:53.966 [info] > git for-each-ref --sort -committerdate --format %(refname)%00%(objectname)%00%(*objectname) [6ms]
2026-06-28 02:44:54.037 [info] > git status -z -uall [98ms]
2026-06-28 02:44:57.979 [info] > git check-ignore -v -z --stdin [12ms]
2026-06-28 02:44:58.301 [info] > git check-ignore -v -z --stdin [2ms]
2026-06-28 02:44:58.387 [info] > git check-ignore -v -z --stdin [11ms]
2026-06-28 02:44:58.747 [info] > git show --textconv :Issue.md [26ms]
2026-06-28 02:44:58.748 [warning] [GitFileSystemProvider][readFile] File not found - git:/home/ladybug-me/caelestia-dots-kde/Issue.md.git?%7B%22path%22%3A%22%2Fhome%2Fladybug-me%2Fcaelestia-dots-kde%2FIssue.md%22%2C%22ref%22%3A%22%22%7D
2026-06-28 02:44:58.756 [info] > git ls-files --stage -- Issue.md [11ms]
2026-06-28 02:44:58.757 [warning] [GitFileSystemProvider][stat] File not found - git:/home/ladybug-me/caelestia-dots-kde/Issue.md.git?%7B%22path%22%3A%22%2Fhome%2Fladybug-me%2Fcaelestia-dots-kde%2FIssue.md%22%2C%22ref%22%3A%22%22%7D
2026-06-28 02:44:58.803 [info] > git blame --root --incremental 7c3fe8902858fe57c8d188e3dc1d69fe73bb2cb4 -- Issue.md [16ms]
2026-06-28 02:44:58.803 [info] fatal: no such path Issue.md in 7c3fe8902858fe57c8d188e3dc1d69fe73bb2cb4
2026-06-28 02:44:59.281 [info] > git config --get commit.template [12ms]
2026-06-28 02:44:59.283 [info] > git for-each-ref --format=%(refname)%00%(upstream:short)%00%(objectname)%00%(upstream:track)%00%(upstream:remotename)%00%(upstream:remoteref) refs/heads/main refs/remotes/main [4ms]
2026-06-28 02:44:59.293 [warning] [Git][revParse] Unable to read file: ENOENT: no such file or directory, open '/home/ladybug-me/caelestia-dots-kde/.git/refs/remotes/origin/main'
2026-06-28 02:44:59.298 [info] > git rev-parse refs/remotes/origin/main [4ms]
2026-06-28 02:44:59.337 [info] > git for-each-ref --sort -committerdate --format %(refname)%00%(objectname)%00%(*objectname) [9ms]
2026-06-28 02:44:59.368 [info] > git status -z -uall [56ms]
2026-06-28 02:45:21.795 [info] > git config --get commit.template [3ms]
2026-06-28 02:45:21.801 [info] > git for-each-ref --format=%(refname)%00%(upstream:short)%00%(objectname)%00%(upstream:track)%00%(upstream:remotename)%00%(upstream:remoteref) refs/heads/main refs/remotes/main [1ms]
2026-06-28 02:45:21.805 [warning] [Git][revParse] Unable to read file: ENOENT: no such file or directory, open '/home/ladybug-me/caelestia-dots-kde/.git/refs/remotes/origin/main'
2026-06-28 02:45:21.805 [info] > git rev-parse refs/remotes/origin/main [0ms]
2026-06-28 02:45:21.815 [info] > git for-each-ref --sort -committerdate --format %(refname)%00%(objectname)%00%(*objectname) [2ms]
2026-06-28 02:45:21.826 [info] > git status -z -uall [17ms]
2026-06-28 02:45:26.859 [info] > git config --get commit.template [2ms]
2026-06-28 02:45:26.868 [info] > git for-each-ref --format=%(refname)%00%(upstream:short)%00%(objectname)%00%(upstream:track)%00%(upstream:remotename)%00%(upstream:remoteref) refs/heads/main refs/remotes/main [2ms]
2026-06-28 02:45:26.873 [warning] [Git][revParse] Unable to read file: ENOENT: no such file or directory, open '/home/ladybug-me/caelestia-dots-kde/.git/refs/remotes/origin/main'
2026-06-28 02:45:26.874 [info] > git rev-parse refs/remotes/origin/main [1ms]
2026-06-28 02:45:26.881 [info] > git for-each-ref --sort -committerdate --format %(refname)%00%(objectname)%00%(*objectname) [1ms]
2026-06-28 02:45:26.890 [info] > git status -z -uall [13ms]
2026-06-28 02:47:31.008 [info] > git config --get commit.template [7ms]
2026-06-28 02:47:31.008 [info] > git for-each-ref --format=%(refname)%00%(upstream:short)%00%(objectname)%00%(upstream:track)%00%(upstream:remotename)%00%(upstream:remoteref) refs/heads/main refs/remotes/main [2ms]
2026-06-28 02:47:31.014 [warning] [Git][revParse] Unable to read file: ENOENT: no such file or directory, open '/home/ladybug-me/caelestia-dots-kde/.git/refs/remotes/origin/main'
2026-06-28 02:47:31.015 [info] > git rev-parse refs/remotes/origin/main [1ms]
2026-06-28 02:47:31.024 [info] > git for-each-ref --sort -committerdate --format %(refname)%00%(objectname)%00%(*objectname) [1ms]
2026-06-28 02:47:31.034 [info] > git status -z -uall [15ms]
2026-06-28 02:47:36.065 [info] > git config --get commit.template [2ms]
2026-06-28 02:47:36.073 [info] > git for-each-ref --format=%(refname)%00%(upstream:short)%00%(objectname)%00%(upstream:track)%00%(upstream:remotename)%00%(upstream:remoteref) refs/heads/main refs/remotes/main [2ms]
2026-06-28 02:47:36.078 [warning] [Git][revParse] Unable to read file: ENOENT: no such file or directory, open '/home/ladybug-me/caelestia-dots-kde/.git/refs/remotes/origin/main'
2026-06-28 02:47:36.079 [info] > git rev-parse refs/remotes/origin/main [1ms]
2026-06-28 02:47:36.088 [info] > git for-each-ref --sort -committerdate --format %(refname)%00%(objectname)%00%(*objectname) [1ms]
2026-06-28 02:47:36.099 [info] > git status -z -uall [16ms]
2026-06-28 02:47:54.781 [info] > git config --get commit.template [5ms]
2026-06-28 02:47:54.781 [info] > git for-each-ref --format=%(refname)%00%(upstream:short)%00%(objectname)%00%(upstream:track)%00%(upstream:remotename)%00%(upstream:remoteref) refs/heads/main refs/remotes/main [1ms]
2026-06-28 02:47:54.785 [warning] [Git][revParse] Unable to read file: ENOENT: no such file or directory, open '/home/ladybug-me/caelestia-dots-kde/.git/refs/remotes/origin/main'
2026-06-28 02:47:54.786 [info] > git rev-parse refs/remotes/origin/main [1ms]
2026-06-28 02:47:54.795 [info] > git for-each-ref --sort -committerdate --format %(refname)%00%(objectname)%00%(*objectname) [1ms]
2026-06-28 02:47:54.804 [info] > git status -z -uall [15ms]
2026-06-28 02:48:31.847 [info] > git check-ignore -v -z --stdin [1ms]
2026-06-28 02:48:34.608 [info] > git config --get commit.template [1ms]
2026-06-28 02:48:34.615 [info] > git for-each-ref --format=%(refname)%00%(upstream:short)%00%(objectname)%00%(upstream:track)%00%(upstream:remotename)%00%(upstream:remoteref) refs/heads/main refs/remotes/main [2ms]
2026-06-28 02:48:34.620 [warning] [Git][revParse] Unable to read file: ENOENT: no such file or directory, open '/home/ladybug-me/caelestia-dots-kde/.git/refs/remotes/origin/main'
2026-06-28 02:48:34.621 [info] > git rev-parse refs/remotes/origin/main [1ms]
2026-06-28 02:48:34.630 [info] > git for-each-ref --sort -committerdate --format %(refname)%00%(objectname)%00%(*objectname) [1ms]
2026-06-28 02:48:34.631 [info] > git status -z -uall [5ms]
