2026-06-28 03:03:26.522 [info] I0628 03:03:26.522479 610167 server.go:1296] Starting language server process with pid 610167
2026-06-28 03:03:26.522 [info] I0628 03:03:26.522523 610167 server.go:336] Setting GOMAXPROCS to 4
2026-06-28 03:03:26.523 [info] I0628 03:03:26.523057 610167 server.go:479] Language server will attempt to listen on host localhost
2026-06-28 03:03:26.523 [info] I0628 03:03:26.523821 610167 server.go:493] Language server listening on random port at 45475 for HTTPS (gRPC)
2026-06-28 03:03:26.524 [info] I0628 03:03:26.524035 610167 server.go:500] Language server listening on random port at 34379 for HTTP
2026-06-28 03:03:26.964 [info] I0628 03:03:26.964573 610167 server.go:472] Created extension server client at port 37645
2026-06-28 03:03:26.983 [info] I0628 03:03:26.983512 610167 manager.go:92] Creating trajectory store manager with proto store and SQLite store
2026-06-28 03:03:29.888 [info] I0628 03:03:29.888106 610167 http_helpers.go:183] URL: https://cloudcode-pa.googleapis.com/v1internal:loadCodeAssist Trace: 0xc17b1ee6c6df6a70
2026-06-28 03:03:29.985 [info] E0628 03:03:29.984607 610167 log.go:398] WaitForReady failed: context deadline exceeded
2026-06-28 03:03:29.986 [info] I0628 03:03:29.985886 610167 server.go:2283] Auth succeeded, refreshing features and managers
2026-06-28 03:03:31.310 [info] I0628 03:03:31.310259 610167 http_helpers.go:183] URL: https://cloudcode-pa.googleapis.com/v1internal:fetchAvailableModels Trace: 0x60926f2107811f7c
2026-06-28 03:03:31.323 [info] I0628 03:03:31.322931 610167 server.go:2289] State refresh took 1337ms
2026-06-28 03:03:31.337 [info] (Antigravity IDE) 2026-06-28 03:03:31.336 [INFO]: Language server started
2026-06-28 03:03:31.350 [info] I0628 03:03:31.348723 610167 server.go:1944] initialized server successfully in 4.826181359s
2026-06-28 03:03:31.364 [info] (Antigravity IDE) 2026-06-28 03:03:31.364 [INFO]: LS lspClient started successfully
2026-06-28 03:03:31.432 [info] I0628 03:03:31.431693 610167 server.go:2149] Got signal terminated, shutting down
2026-06-28 03:03:31.432 [info] I0628 03:03:31.431727 610167 server.go:2190] Language server shutting down
2026-06-28 03:03:31.639 [info] (Antigravity IDE) 2026-06-28 03:03:31.638 [INFO]: Language server exited with code 0
2026-06-28 03:03:31.696 [info] I0628 03:03:31.696746 610683 server.go:1296] Starting language server process with pid 610683
2026-06-28 03:03:31.697 [info] I0628 03:03:31.696806 610683 server.go:336] Setting GOMAXPROCS to 4
2026-06-28 03:03:31.697 [info] I0628 03:03:31.697301 610683 server.go:479] Language server will attempt to listen on host localhost
2026-06-28 03:03:31.698 [info] I0628 03:03:31.698079 610683 server.go:493] Language server listening on fixed port at 45475 for HTTPS (gRPC)
2026-06-28 03:03:31.698 [info] I0628 03:03:31.698274 610683 server.go:500] Language server listening on fixed port at 44605 for HTTP
2026-06-28 03:03:32.140 [info] I0628 03:03:32.140215 610683 server.go:472] Created extension server client at port 37645
2026-06-28 03:03:32.146 [info] I0628 03:03:32.146569 610683 manager.go:92] Creating trajectory store manager with proto store and SQLite store
2026-06-28 03:03:34.574 [info] I0628 03:03:34.574510 610683 http_helpers.go:183] URL: https://daily-cloudcode-pa.googleapis.com/v1internal:loadCodeAssist Trace: 0x15d5ba8eca8912ba
2026-06-28 03:03:35.147 [info] E0628 03:03:35.147507 610683 log.go:398] WaitForReady failed: context deadline exceeded
2026-06-28 03:03:35.149 [info] I0628 03:03:35.148861 610683 server.go:2283] Auth succeeded, refreshing features and managers
2026-06-28 03:03:35.564 [info] I0628 03:03:35.563338 610683 http_helpers.go:183] URL: https://daily-cloudcode-pa.googleapis.com/v1internal:fetchAvailableModels Trace: 0xb6c0d6ad7d6dd943
2026-06-28 03:03:35.583 [info] I0628 03:03:35.582721 610683 server.go:2289] State refresh took 433ms
2026-06-28 03:03:35.592 [info] (Antigravity IDE) 2026-06-28 03:03:35.591 [INFO]: Language server started
2026-06-28 03:03:35.595 [info] I0628 03:03:35.594832 610683 server.go:1944] initialized server successfully in 3.897993527s
2026-06-28 03:03:35.599 [info] (Antigravity IDE) 2026-06-28 03:03:35.599 [INFO]: LS lspClient started successfully
