2026-06-28 00:43:59.231 [info] Extension host with pid 188442 started
2026-06-28 00:43:59.231 [info] Skipping acquiring lock for /home/ladybug-me/.config/Antigravity IDE/User/workspaceStorage/48dee0af0a7ade50dd6f2f28e680cb1c.
2026-06-28 00:43:59.257 [info] ExtensionService#_doActivateExtension vscode.emmet, startup: false, activationEvent: 'onLanguage'
2026-06-28 00:43:59.307 [info] ExtensionService#_doActivateExtension vscode.git-base, startup: true, activationEvent: '*', root cause: google.antigravity
2026-06-28 00:43:59.313 [info] ExtensionService#_doActivateExtension vscode.git, startup: true, activationEvent: '*', root cause: google.antigravity
2026-06-28 00:43:59.360 [info] ExtensionService#_doActivateExtension vscode.github, startup: true, activationEvent: '*'
2026-06-28 00:43:59.436 [info] ExtensionService#_doActivateExtension google.antigravity, startup: true, activationEvent: '*'
2026-06-28 00:43:59.903 [warning] [Decorations] CAPPING events from decorations provider vscode.git 10024
2026-06-28 00:44:00.688 [info] ExtensionService#_doActivateExtension vscode.terminal-suggest, startup: false, activationEvent: 'onTerminalShellIntegration:*'
2026-06-28 00:44:00.869 [warning] [Decorations] CAPPING events from decorations provider vscode.git 10024
2026-06-28 00:44:01.830 [info] ExtensionService#_doActivateExtension vscode.github-authentication, startup: false, activationEvent: 'onAuthenticationRequest:github'
2026-06-28 00:44:06.909 [info] Eager extensions activated
2026-06-28 00:44:06.965 [info] ExtensionService#_doActivateExtension google.antigravity-dev-containers, startup: false, activationEvent: 'onStartupFinished'
2026-06-28 00:44:06.969 [info] ExtensionService#_doActivateExtension vscode.debug-auto-launch, startup: false, activationEvent: 'onStartupFinished'
2026-06-28 00:44:06.972 [info] ExtensionService#_doActivateExtension vscode.merge-conflict, startup: false, activationEvent: 'onStartupFinished'
2026-06-28 00:44:07.012 [info] ExtensionService#_doActivateExtension vscode.extension-editing, startup: false, activationEvent: 'onLanguage:markdown'
2026-06-28 00:44:07.023 [info] ExtensionService#_doActivateExtension vscode.markdown-language-features, startup: false, activationEvent: 'onLanguage:markdown'
2026-06-28 00:45:53.323 [info] ExtensionService#_doActivateExtension vscode.npm, startup: false, activationEvent: 'onTerminalQuickFixRequest:ms-vscode.npm-command'
2026-06-28 00:45:58.417 [info] ExtensionService#_doActivateExtension vscode.configuration-editing, startup: false, activationEvent: 'onLanguage:json'
2026-06-28 00:45:58.425 [info] ExtensionService#_doActivateExtension vscode.json-language-features, startup: false, activationEvent: 'onLanguage:json'
2026-06-28 01:13:19.436 [info] Extension host terminating: renderer closed the MessagePort
2026-06-28 01:13:19.504 [info] Extension host with pid 188442 exiting with code 0
