2026-06-27 23:08:12.213 [info] Reading sessions from keychain...
2026-06-27 23:08:12.213 [info] Getting sessions for all scopes...
2026-06-27 23:08:12.213 [info] Got stored sessions!
2026-06-27 23:08:12.213 [info] Got 1 verified sessions.
2026-06-27 23:08:12.213 [info] Got 1 sessions for ...
2026-06-27 23:08:12.213 [info] Getting sessions for all scopes...
2026-06-27 23:08:12.213 [info] Got 1 sessions for ...
2026-06-27 23:08:12.213 [info] Getting sessions for all scopes...
2026-06-27 23:08:12.213 [info] Got 1 sessions for ...
2026-06-27 23:08:12.213 [info] Getting sessions for read:user,repo,user:email,workflow...
2026-06-27 23:08:12.213 [info] Got 1 sessions for read:user,repo,user:email,workflow...
2026-06-27 23:08:12.537 [info] Getting sessions for all scopes...
2026-06-27 23:08:12.537 [info] Got 1 sessions for ...
2026-06-27 23:08:12.559 [info] Getting sessions for all scopes...
2026-06-27 23:08:12.559 [info] Got 1 sessions for ...
2026-06-27 23:08:14.412 [info] FetcherService: Electron fetch failed with status: 401 
2026-06-27 23:08:15.993 [info] FetcherService: Node fetch failed with status: 401 Unauthorized
2026-06-27 23:08:17.221 [info] FetcherService: Node http/s failed with status: 401 Unauthorized
2026-06-27 23:19:38.627 [info] Getting sessions for all scopes...
2026-06-27 23:19:38.627 [info] Got 1 sessions for ...
2026-06-27 23:27:13.372 [info] Getting sessions for all scopes...
2026-06-27 23:27:13.373 [info] Got 1 sessions for ...
2026-06-27 23:31:17.967 [info] Getting sessions for all scopes...
2026-06-27 23:31:17.967 [info] Got 1 sessions for ...
