2026-06-28 02:49:53.339 [info] [LS Main] Starting language server from: /opt/antigravity-ide/resources/app/extensions/antigravity/bin/language_server_linux_x64
2026-06-28 02:49:53.545 [info] [LS Main] Args: --csrf_token 1f9e3902-3e81-4e39-959e-47687d4cc40c --extension_server_port 41011 --extension_server_csrf_token 3154fbb7-84da-4c4e-98ff-8d99b524c63c --app_data_dir antigravity-ide --subclient_type ide --cloud_code_endpoint https://cloudcode-pa.googleapis.com
2026-06-28 02:49:53.567 [info] [LS Main] Process spawned with PID: 571316
2026-06-28 02:49:53.830 [error] [LS Main stderr] I0628 02:49:53.829704 571316 server.go:1296] Starting language server process with pid 571316

2026-06-28 02:49:53.830 [error] [LS Main stderr] I0628 02:49:53.829774 571316 server.go:336] Setting GOMAXPROCS to 4

2026-06-28 02:49:53.830 [error] [LS Main stderr] I0628 02:49:53.830642 571316 server.go:479] Language server will attempt to listen on host localhost

2026-06-28 02:49:53.831 [error] [LS Main stderr] I0628 02:49:53.831827 571316 server.go:493] Language server listening on random port at 43797 for HTTPS (gRPC)

2026-06-28 02:49:53.832 [error] [LS Main stderr] I0628 02:49:53.832137 571316 server.go:500] Language server listening on random port at 41099 for HTTP

2026-06-28 02:49:54.386 [error] [LS Main stderr] I0628 02:49:54.386035 571316 server.go:472] Created extension server client at port 41011

2026-06-28 02:49:54.400 [error] [LS Main stderr] I0628 02:49:54.400015 571316 manager.go:92] Creating trajectory store manager with proto store and SQLite store

2026-06-28 02:49:54.987 [error] No LS client info found for local authority
2026-06-28 02:49:57.417 [error] [LS Main stderr] E0628 02:49:57.417512 571316 log.go:398] WaitForReady failed: context deadline exceeded

2026-06-28 02:49:57.417 [error] [LS Main stderr] I0628 02:49:57.417703 571316 server.go:2283] Auth succeeded, refreshing features and managers

2026-06-28 02:49:57.957 [error] [LS Main stderr] I0628 02:49:57.957195 571316 http_helpers.go:183] URL: https://cloudcode-pa.googleapis.com/v1internal:loadCodeAssist Trace: 0xc8de92d7caccb8af

2026-06-28 02:49:59.471 [error] [LS Main stderr] I0628 02:49:59.471036 571316 http_helpers.go:183] URL: https://cloudcode-pa.googleapis.com/v1internal:fetchAvailableModels Trace: 0xc788defbe5061ba6

2026-06-28 02:49:59.483 [error] [LS Main stderr] I0628 02:49:59.483533 571316 server.go:2289] State refresh took 2065ms

2026-06-28 02:49:59.492 [info] [LS Main] LS started on port 43797
2026-06-28 02:49:59.497 [error] [LS Main stderr] I0628 02:49:59.496859 571316 server.go:1944] initialized server successfully in 5.667067691s

2026-06-28 02:49:59.510 [error] [LS Main stderr] 2026/06/28 02:49:59 http2: server: error reading preface from client 127.0.0.1:38848: read tcp 127.0.0.1:43797->127.0.0.1:38848: read: connection reset by peer
2026/06/28 02:49:59 http2: server: error reading preface from client 127.0.0.1:38854: read tcp 127.0.0.1:43797->127.0.0.1:38854: read: connection reset by peer
2026/06/28 02:49:59 http2: server: error reading preface from client 127.0.0.1:38840: read tcp 127.0.0.1:43797->127.0.0.1:38840: read: connection reset by peer

2026-06-28 02:49:59.510 [error] [LS Main stderr] 2026/06/28 02:49:59 http: TLS handshake error from 127.0.0.1:38866: EOF

2026-06-28 02:49:59.621 [error] [LS Main stderr] E0628 02:49:59.621129 571316 interceptor.go:74] /exa.language_server_pb.LanguageServerService/GetSlashCommands (unknown): failed to resolve cascade config: neither PlanModel nor RequestedModel specified. You must specify a valid model.

2026-06-28 02:49:59.676 [error] [LS Main stderr] E0628 02:49:59.675711 571316 interceptor.go:74] /exa.language_server_pb.LanguageServerService/GetSlashCommands (unknown): failed to resolve cascade config: neither PlanModel nor RequestedModel specified. You must specify a valid model.

2026-06-28 02:49:59.676 [error] [LS Main stderr] E0628 02:49:59.676563 571316 interceptor.go:74] /exa.language_server_pb.LanguageServerService/GetSlashCommands (unknown): failed to resolve cascade config: neither PlanModel nor RequestedModel specified. You must specify a valid model.

2026-06-28 02:49:59.677 [error] [LS Main stderr] E0628 02:49:59.676916 571316 interceptor.go:74] /exa.language_server_pb.LanguageServerService/GetSlashCommands (unknown): failed to resolve cascade config: neither PlanModel nor RequestedModel specified. You must specify a valid model.

2026-06-28 02:49:59.677 [error] [LS Main stderr] E0628 02:49:59.677502 571316 interceptor.go:74] /exa.language_server_pb.LanguageServerService/GetSlashCommands (unknown): failed to resolve cascade config: neither PlanModel nor RequestedModel specified. You must specify a valid model.

2026-06-28 02:49:59.678 [error] [LS Main stderr] E0628 02:49:59.678117 571316 interceptor.go:74] /exa.language_server_pb.LanguageServerService/GetSlashCommands (unknown): failed to resolve cascade config: neither PlanModel nor RequestedModel specified. You must specify a valid model.

2026-06-28 02:49:59.678 [error] [LS Main stderr] E0628 02:49:59.678269 571316 interceptor.go:74] /exa.language_server_pb.LanguageServerService/GetSlashCommands (unknown): failed to resolve cascade config: neither PlanModel nor RequestedModel specified. You must specify a valid model.

2026-06-28 02:49:59.678 [error] [LS Main stderr] E0628 02:49:59.678749 571316 interceptor.go:74] /exa.language_server_pb.LanguageServerService/GetSlashCommands (unknown): failed to resolve cascade config: neither PlanModel nor RequestedModel specified. You must specify a valid model.
E0628 02:49:59.678857 571316 interceptor.go:74] /exa.language_server_pb.LanguageServerService/GetSlashCommands (unknown): failed to resolve cascade config: neither PlanModel nor RequestedModel specified. You must specify a valid model.

2026-06-28 02:49:59.679 [error] [LS Main stderr] E0628 02:49:59.679688 571316 interceptor.go:74] /exa.language_server_pb.LanguageServerService/GetSlashCommands (unknown): failed to resolve cascade config: neither PlanModel nor RequestedModel specified. You must specify a valid model.

2026-06-28 02:50:00.742 [error] [LS Main stderr] I0628 02:50:00.742082 571316 http_helpers.go:183] URL: https://cloudcode-pa.googleapis.com/v1internal:loadCodeAssist Trace: 0xd4322865e1f59142

2026-06-28 02:50:01.786 [error] [LS Main stderr] I0628 02:50:01.786070 571316 http_helpers.go:183] URL: https://daily-cloudcode-pa.googleapis.com/v1internal:fetchAvailableModels Trace: 0x38dd054cc15109f

2026-06-28 02:50:01.815 [error] [LS Main stderr] E0628 02:50:01.814727 571316 log.go:398] failed to check terminal shell support: internal: internal error

2026-06-28 02:50:01.820 [error] [LS Main stderr] E0628 02:50:01.819914 571316 log.go:398] failed to check terminal shell support: internal: internal error

2026-06-28 02:50:01.824 [error] [LS Main stderr] E0628 02:50:01.823823 571316 log.go:398] failed to check terminal shell support: internal: internal error

2026-06-28 02:50:01.828 [error] [LS Main stderr] E0628 02:50:01.828333 571316 log.go:398] failed to check terminal shell support: internal: internal error

2026-06-28 02:50:01.829 [error] [LS Main stderr] E0628 02:50:01.829588 571316 log.go:398] failed to check terminal shell support: internal: internal error

2026-06-28 02:50:01.832 [error] [LS Main stderr] E0628 02:50:01.831056 571316 log.go:398] failed to check terminal shell support: internal: internal error

2026-06-28 02:50:01.833 [error] [LS Main stderr] E0628 02:50:01.832697 571316 log.go:398] failed to check terminal shell support: internal: internal error

2026-06-28 02:50:01.835 [error] [LS Main stderr] E0628 02:50:01.835285 571316 log.go:398] failed to check terminal shell support: internal: internal error

2026-06-28 02:50:01.836 [error] [LS Main stderr] E0628 02:50:01.836524 571316 log.go:398] failed to check terminal shell support: internal: internal error

2026-06-28 02:50:01.838 [error] [LS Main stderr] E0628 02:50:01.838010 571316 log.go:398] failed to check terminal shell support: internal: internal error

2026-06-28 02:50:01.839 [error] [LS Main stderr] E0628 02:50:01.839381 571316 log.go:398] failed to check terminal shell support: internal: internal error

2026-06-28 02:50:01.841 [error] [LS Main stderr] E0628 02:50:01.841321 571316 log.go:398] failed to check terminal shell support: internal: internal error

2026-06-28 02:50:01.843 [error] [LS Main stderr] E0628 02:50:01.842946 571316 log.go:398] failed to check terminal shell support: internal: internal error

2026-06-28 02:50:01.844 [error] [LS Main stderr] E0628 02:50:01.844210 571316 log.go:398] failed to check terminal shell support: internal: internal error

2026-06-28 02:50:01.845 [error] [LS Main stderr] E0628 02:50:01.845566 571316 log.go:398] failed to check terminal shell support: internal: internal error

2026-06-28 02:50:01.847 [error] [LS Main stderr] E0628 02:50:01.847746 571316 log.go:398] failed to check terminal shell support: internal: internal error

2026-06-28 02:50:01.849 [error] [LS Main stderr] E0628 02:50:01.849010 571316 log.go:398] failed to check terminal shell support: internal: internal error

2026-06-28 02:50:01.851 [error] [LS Main stderr] E0628 02:50:01.851353 571316 log.go:398] failed to check terminal shell support: internal: internal error

2026-06-28 02:50:01.854 [error] [LS Main stderr] E0628 02:50:01.853135 571316 log.go:398] failed to check terminal shell support: internal: internal error

2026-06-28 02:50:01.856 [error] [LS Main stderr] E0628 02:50:01.854928 571316 log.go:398] failed to check terminal shell support: internal: internal error

2026-06-28 02:50:01.857 [error] [LS Main stderr] E0628 02:50:01.857017 571316 log.go:398] failed to check terminal shell support: internal: internal error

2026-06-28 02:50:01.858 [error] [LS Main stderr] E0628 02:50:01.858322 571316 log.go:398] failed to check terminal shell support: internal: internal error

2026-06-28 02:50:01.861 [error] [LS Main stderr] E0628 02:50:01.859725 571316 log.go:398] failed to check terminal shell support: internal: internal error

2026-06-28 02:50:01.863 [error] [LS Main stderr] E0628 02:50:01.861326 571316 log.go:398] failed to check terminal shell support: internal: internal error

2026-06-28 02:50:01.864 [error] [LS Main stderr] E0628 02:50:01.863123 571316 log.go:398] failed to check terminal shell support: internal: internal error

2026-06-28 02:50:01.865 [error] [LS Main stderr] E0628 02:50:01.864369 571316 log.go:398] failed to check terminal shell support: internal: internal error

2026-06-28 02:50:01.866 [error] [LS Main stderr] E0628 02:50:01.866328 571316 log.go:398] failed to check terminal shell support: internal: internal error

2026-06-28 02:50:01.868 [error] [LS Main stderr] E0628 02:50:01.868023 571316 log.go:398] failed to check terminal shell support: internal: internal error

2026-06-28 02:50:01.869 [error] [LS Main stderr] E0628 02:50:01.869319 571316 log.go:398] failed to check terminal shell support: internal: internal error

2026-06-28 02:50:01.871 [error] [LS Main stderr] E0628 02:50:01.871350 571316 log.go:398] failed to check terminal shell support: internal: internal error

2026-06-28 02:50:01.872 [error] [LS Main stderr] E0628 02:50:01.872834 571316 log.go:398] failed to check terminal shell support: internal: internal error

2026-06-28 02:50:01.875 [error] [LS Main stderr] E0628 02:50:01.875132 571316 log.go:398] failed to check terminal shell support: internal: internal error

2026-06-28 02:50:01.877 [error] [LS Main stderr] E0628 02:50:01.876935 571316 log.go:398] failed to check terminal shell support: internal: internal error

2026-06-28 02:50:01.878 [error] [LS Main stderr] E0628 02:50:01.878314 571316 log.go:398] failed to check terminal shell support: internal: internal error

2026-06-28 02:50:01.879 [error] [LS Main stderr] E0628 02:50:01.879586 571316 log.go:398] failed to check terminal shell support: internal: internal error

2026-06-28 02:50:01.881 [error] [LS Main stderr] E0628 02:50:01.880809 571316 log.go:398] failed to check terminal shell support: internal: internal error

2026-06-28 02:50:01.882 [error] [LS Main stderr] E0628 02:50:01.882054 571316 log.go:398] failed to check terminal shell support: internal: internal error

2026-06-28 02:50:01.884 [error] [LS Main stderr] E0628 02:50:01.884035 571316 log.go:398] failed to check terminal shell support: internal: internal error

2026-06-28 02:50:01.885 [error] [LS Main stderr] E0628 02:50:01.885319 571316 log.go:398] failed to check terminal shell support: internal: internal error

2026-06-28 02:50:01.887 [error] [LS Main stderr] E0628 02:50:01.887344 571316 log.go:398] failed to check terminal shell support: internal: internal error

2026-06-28 02:50:01.890 [error] [LS Main stderr] E0628 02:50:01.888903 571316 log.go:398] failed to check terminal shell support: internal: internal error

2026-06-28 02:50:01.891 [error] [LS Main stderr] E0628 02:50:01.891352 571316 log.go:398] failed to check terminal shell support: internal: internal error

2026-06-28 02:50:01.892 [error] [LS Main stderr] E0628 02:50:01.892604 571316 log.go:398] failed to check terminal shell support: internal: internal error

2026-06-28 02:50:01.894 [error] [LS Main stderr] E0628 02:50:01.894327 571316 log.go:398] failed to check terminal shell support: internal: internal error

2026-06-28 02:50:01.898 [error] [LS Main stderr] E0628 02:50:01.896477 571316 log.go:398] failed to check terminal shell support: internal: internal error

2026-06-28 02:50:01.899 [error] [LS Main stderr] E0628 02:50:01.898393 571316 log.go:398] failed to check terminal shell support: internal: internal error

2026-06-28 02:50:01.900 [error] [LS Main stderr] E0628 02:50:01.900151 571316 log.go:398] failed to check terminal shell support: internal: internal error

2026-06-28 02:50:01.902 [error] [LS Main stderr] E0628 02:50:01.902171 571316 log.go:398] failed to check terminal shell support: internal: internal error

2026-06-28 02:50:01.904 [error] [LS Main stderr] E0628 02:50:01.903966 571316 log.go:398] failed to check terminal shell support: internal: internal error

2026-06-28 02:50:01.905 [error] [LS Main stderr] E0628 02:50:01.905071 571316 log.go:398] failed to check terminal shell support: internal: internal error

2026-06-28 02:50:01.907 [error] [LS Main stderr] E0628 02:50:01.906878 571316 log.go:398] failed to check terminal shell support: internal: internal error

2026-06-28 02:50:01.908 [error] [LS Main stderr] E0628 02:50:01.908204 571316 log.go:398] failed to check terminal shell support: internal: internal error

2026-06-28 02:50:01.910 [error] [LS Main stderr] E0628 02:50:01.910150 571316 log.go:398] failed to check terminal shell support: internal: internal error

2026-06-28 02:50:01.911 [error] [LS Main stderr] E0628 02:50:01.911806 571316 log.go:398] failed to check terminal shell support: internal: internal error

2026-06-28 02:50:01.913 [error] [LS Main stderr] E0628 02:50:01.913315 571316 log.go:398] failed to check terminal shell support: internal: internal error

2026-06-28 02:50:01.916 [error] [LS Main stderr] E0628 02:50:01.914775 571316 log.go:398] failed to check terminal shell support: internal: internal error
E0628 02:50:01.916337 571316 log.go:398] failed to check terminal shell support: internal: internal error

2026-06-28 02:50:01.919 [error] [LS Main stderr] E0628 02:50:01.918923 571316 log.go:398] failed to check terminal shell support: internal: internal error

2026-06-28 02:50:03.307 [error] [LS Main stderr] I0628 02:50:03.307283 571316 http_helpers.go:183] URL: https://daily-cloudcode-pa.googleapis.com/v1internal:loadCodeAssist Trace: 0x226b1fd5e2ae3ab8

2026-06-28 02:50:04.197 [error] [LS Main stderr] I0628 02:50:04.197089 571316 http_helpers.go:183] URL: https://daily-cloudcode-pa.googleapis.com/v1internal:fetchAvailableModels Trace: 0x43d8f46d949a8f33

2026-06-28 02:50:04.203 [error] [LS Main stderr] E0628 02:50:04.202960 571316 log.go:398] failed to check terminal shell support: internal: internal error

2026-06-28 02:50:04.206 [error] [LS Main stderr] E0628 02:50:04.206434 571316 log.go:398] failed to check terminal shell support: internal: internal error

2026-06-28 02:50:04.210 [error] [LS Main stderr] E0628 02:50:04.210428 571316 log.go:398] failed to check terminal shell support: internal: internal error

2026-06-28 02:50:04.213 [error] [LS Main stderr] E0628 02:50:04.213380 571316 log.go:398] failed to check terminal shell support: internal: internal error

2026-06-28 02:50:04.215 [error] [LS Main stderr] E0628 02:50:04.215603 571316 log.go:398] failed to check terminal shell support: internal: internal error

2026-06-28 02:50:04.219 [error] [LS Main stderr] E0628 02:50:04.219167 571316 log.go:398] failed to check terminal shell support: internal: internal error

2026-06-28 02:50:04.221 [error] [LS Main stderr] E0628 02:50:04.221083 571316 log.go:398] failed to check terminal shell support: internal: internal error

2026-06-28 02:50:04.222 [error] [LS Main stderr] E0628 02:50:04.222692 571316 log.go:398] failed to check terminal shell support: internal: internal error

2026-06-28 02:50:04.224 [error] [LS Main stderr] E0628 02:50:04.224337 571316 log.go:398] failed to check terminal shell support: internal: internal error

2026-06-28 02:50:04.226 [error] [LS Main stderr] E0628 02:50:04.225897 571316 log.go:398] failed to check terminal shell support: internal: internal error

2026-06-28 02:50:05.896 [error] [LS Main stderr] I0628 02:50:05.896324 571316 http_helpers.go:183] URL: https://daily-cloudcode-pa.googleapis.com/v1internal:loadCodeAssist Trace: 0xb3d96f607b6f2f9d

2026-06-28 02:50:10.384 [error] [LS Main stderr] I0628 02:50:10.383880 571316 http_helpers.go:183] URL: https://daily-cloudcode-pa.googleapis.com/v1internal:loadCodeAssist Trace: 0x92d241d851b598fc

2026-06-28 02:50:11.347 [error] [LS Main stderr] I0628 02:50:11.346883 571316 http_helpers.go:183] URL: https://daily-cloudcode-pa.googleapis.com/v1internal:fetchAvailableModels Trace: 0x45cd1d4aa2847e0f

2026-06-28 02:50:26.438 [error] [LS Main stderr] I0628 02:50:26.437798 571316 http_helpers.go:183] URL: https://daily-cloudcode-pa.googleapis.com/v1internal:streamGenerateContent?alt=sse Trace: 0x2dcfac08d607c5c4

2026-06-28 02:50:26.656 [error] [LS Main stderr] I0628 02:50:26.656102 571316 http_helpers.go:183] URL: https://daily-cloudcode-pa.googleapis.com/v1internal:streamGenerateContent?alt=sse Trace: 0x3807402dcc552d01

2026-06-28 02:50:51.976 [error] [LS Main stderr] I0628 02:50:51.976453 571316 http_helpers.go:183] URL: https://daily-cloudcode-pa.googleapis.com/v1internal:streamGenerateContent?alt=sse Trace: 0xe127b8c12cf15019

2026-06-28 02:50:52.149 [error] [LS Main stderr] I0628 02:50:52.149168 571316 http_helpers.go:183] URL: https://daily-cloudcode-pa.googleapis.com/v1internal:streamGenerateContent?alt=sse Trace: 0xf97172a38b292d66

2026-06-28 02:51:23.257 [error] [LS Main stderr] E0628 02:51:23.257424 571316 log.go:398] failed to check terminal shell support: internal: internal error

2026-06-28 02:51:23.260 [error] [LS Main stderr] E0628 02:51:23.259443 571316 log.go:398] failed to check terminal shell support: internal: internal error

2026-06-28 02:51:23.269 [error] [LS Main stderr] E0628 02:51:23.269236 571316 log.go:398] failed to check terminal shell support: internal: internal error

2026-06-28 02:51:23.273 [error] [LS Main stderr] E0628 02:51:23.272389 571316 log.go:398] failed to check terminal shell support: internal: internal error

2026-06-28 02:51:23.312 [error] [LS Main stderr] E0628 02:51:23.311911 571316 log.go:398] failed to check terminal shell support: internal: internal error

2026-06-28 02:51:23.318 [error] [LS Main stderr] E0628 02:51:23.318030 571316 log.go:398] failed to check terminal shell support: internal: internal error

2026-06-28 02:51:23.320 [error] [LS Main stderr] E0628 02:51:23.320181 571316 log.go:398] failed to check terminal shell support: internal: internal error

2026-06-28 02:51:23.341 [error] [LS Main stderr] E0628 02:51:23.339863 571316 log.go:398] failed to check terminal shell support: internal: internal error

2026-06-28 02:51:23.343 [error] [LS Main stderr] E0628 02:51:23.342819 571316 log.go:398] failed to check terminal shell support: internal: internal error

2026-06-28 02:51:23.352 [error] [LS Main stderr] E0628 02:51:23.349385 571316 log.go:398] failed to check terminal shell support: internal: internal error
E0628 02:51:23.352012 571316 log.go:398] failed to check terminal shell support: internal: internal error

2026-06-28 02:51:23.361 [error] [LS Main stderr] E0628 02:51:23.361387 571316 log.go:398] failed to check terminal shell support: internal: internal error

2026-06-28 02:51:23.363 [error] [LS Main stderr] E0628 02:51:23.363346 571316 log.go:398] failed to check terminal shell support: internal: internal error

2026-06-28 02:51:23.366 [error] [LS Main stderr] E0628 02:51:23.364146 571316 repo.go:340] failed to create patch for untracked file shell/assets/shimeji/pusheen/shime1.png: bytes are not valid utf8
E0628 02:51:23.364892 571316 repo.go:340] failed to create patch for untracked file shell/assets/shimeji/pusheen/shime10.png: bytes are not valid utf8
E0628 02:51:23.365573 571316 repo.go:340] failed to create patch for untracked file shell/assets/shimeji/pusheen/shime11.png: bytes are not valid utf8

2026-06-28 02:51:23.366 [error] [LS Main stderr] E0628 02:51:23.366288 571316 repo.go:340] failed to create patch for untracked file shell/assets/shimeji/pusheen/shime12.png: bytes are not valid utf8
E0628 02:51:23.366399 571316 log.go:398] failed to check terminal shell support: internal: internal error

2026-06-28 02:51:23.367 [error] [LS Main stderr] E0628 02:51:23.367002 571316 repo.go:340] failed to create patch for untracked file shell/assets/shimeji/pusheen/shime13.png: bytes are not valid utf8

2026-06-28 02:51:23.370 [error] [LS Main stderr] E0628 02:51:23.367601 571316 repo.go:340] failed to create patch for untracked file shell/assets/shimeji/pusheen/shime14.png: bytes are not valid utf8
E0628 02:51:23.369392 571316 log.go:398] failed to check terminal shell support: internal: internal error

2026-06-28 02:51:23.376 [error] [LS Main stderr] E0628 02:51:23.376631 571316 repo.go:340] failed to create patch for untracked file shell/assets/shimeji/pusheen/shime15.png: bytes are not valid utf8

2026-06-28 02:51:23.378 [error] [LS Main stderr] E0628 02:51:23.377880 571316 repo.go:340] failed to create patch for untracked file shell/assets/shimeji/pusheen/shime16.png: bytes are not valid utf8

2026-06-28 02:51:23.380 [error] [LS Main stderr] E0628 02:51:23.378548 571316 repo.go:340] failed to create patch for untracked file shell/assets/shimeji/pusheen/shime17.png: bytes are not valid utf8
E0628 02:51:23.379089 571316 repo.go:340] failed to create patch for untracked file shell/assets/shimeji/pusheen/shime18.png: bytes are not valid utf8
E0628 02:51:23.379648 571316 repo.go:340] failed to create patch for untracked file shell/assets/shimeji/pusheen/shime19.png: bytes are not valid utf8
E0628 02:51:23.380199 571316 repo.go:340] failed to create patch for untracked file shell/assets/shimeji/pusheen/shime2.png: bytes are not valid utf8

2026-06-28 02:51:23.381 [error] [LS Main stderr] E0628 02:51:23.380427 571316 log.go:398] failed to check terminal shell support: internal: internal error
E0628 02:51:23.380800 571316 repo.go:340] failed to create patch for untracked file shell/assets/shimeji/pusheen/shime20.png: bytes are not valid utf8

2026-06-28 02:51:23.383 [error] [LS Main stderr] E0628 02:51:23.382269 571316 repo.go:340] failed to create patch for untracked file shell/assets/shimeji/pusheen/shime21.png: bytes are not valid utf8
E0628 02:51:23.382681 571316 log.go:398] failed to check terminal shell support: internal: internal error
E0628 02:51:23.382757 571316 repo.go:340] failed to create patch for untracked file shell/assets/shimeji/pusheen/shime22.png: bytes are not valid utf8

2026-06-28 02:51:23.383 [error] [LS Main stderr] E0628 02:51:23.383188 571316 repo.go:340] failed to create patch for untracked file shell/assets/shimeji/pusheen/shime23.png: bytes are not valid utf8

2026-06-28 02:51:23.383 [error] [LS Main stderr] E0628 02:51:23.383752 571316 repo.go:340] failed to create patch for untracked file shell/assets/shimeji/pusheen/shime24.png: bytes are not valid utf8

2026-06-28 02:51:23.384 [error] [LS Main stderr] E0628 02:51:23.384178 571316 repo.go:340] failed to create patch for untracked file shell/assets/shimeji/pusheen/shime25.png: bytes are not valid utf8

2026-06-28 02:51:23.391 [error] [LS Main stderr] E0628 02:51:23.391232 571316 repo.go:340] failed to create patch for untracked file shell/assets/shimeji/pusheen/shime26.png: bytes are not valid utf8

2026-06-28 02:51:23.396 [error] [LS Main stderr] E0628 02:51:23.394631 571316 repo.go:340] failed to create patch for untracked file shell/assets/shimeji/pusheen/shime27.png: bytes are not valid utf8
E0628 02:51:23.395176 571316 repo.go:340] failed to create patch for untracked file shell/assets/shimeji/pusheen/shime28.png: bytes are not valid utf8
E0628 02:51:23.395780 571316 repo.go:340] failed to create patch for untracked file shell/assets/shimeji/pusheen/shime29.png: bytes are not valid utf8
E0628 02:51:23.396150 571316 log.go:398] failed to check terminal shell support: internal: internal error
E0628 02:51:23.396325 571316 repo.go:340] failed to create patch for untracked file shell/assets/shimeji/pusheen/shime3.png: bytes are not valid utf8

2026-06-28 02:51:23.400 [error] [LS Main stderr] E0628 02:51:23.396846 571316 repo.go:340] failed to create patch for untracked file shell/assets/shimeji/pusheen/shime30.png: bytes are not valid utf8
E0628 02:51:23.397338 571316 repo.go:340] failed to create patch for untracked file shell/assets/shimeji/pusheen/shime31.png: bytes are not valid utf8
E0628 02:51:23.397748 571316 repo.go:340] failed to create patch for untracked file shell/assets/shimeji/pusheen/shime32.png: bytes are not valid utf8
E0628 02:51:23.398154 571316 repo.go:340] failed to create patch for untracked file shell/assets/shimeji/pusheen/shime33.png: bytes are not valid utf8
E0628 02:51:23.398611 571316 repo.go:340] failed to create patch for untracked file shell/assets/shimeji/pusheen/shime34.png: bytes are not valid utf8
E0628 02:51:23.399086 571316 repo.go:340] failed to create patch for untracked file shell/assets/shimeji/pusheen/shime35.png: bytes are not valid utf8
E0628 02:51:23.399673 571316 repo.go:340] failed to create patch for untracked file shell/assets/shimeji/pusheen/shime36.png: bytes are not valid utf8

2026-06-28 02:51:23.400 [error] [LS Main stderr] E0628 02:51:23.400298 571316 repo.go:340] failed to create patch for untracked file shell/assets/shimeji/pusheen/shime37.png: bytes are not valid utf8
E0628 02:51:23.400417 571316 log.go:398] failed to check terminal shell support: internal: internal error

2026-06-28 02:51:23.401 [error] [LS Main stderr] E0628 02:51:23.400859 571316 repo.go:340] failed to create patch for untracked file shell/assets/shimeji/pusheen/shime38.png: bytes are not valid utf8

2026-06-28 02:51:23.401 [error] [LS Main stderr] E0628 02:51:23.401368 571316 repo.go:340] failed to create patch for untracked file shell/assets/shimeji/pusheen/shime39.png: bytes are not valid utf8

2026-06-28 02:51:23.402 [error] [LS Main stderr] E0628 02:51:23.402240 571316 repo.go:340] failed to create patch for untracked file shell/assets/shimeji/pusheen/shime4.png: bytes are not valid utf8

2026-06-28 02:51:23.402 [error] [LS Main stderr] E0628 02:51:23.402798 571316 repo.go:340] failed to create patch for untracked file shell/assets/shimeji/pusheen/shime40.png: bytes are not valid utf8

2026-06-28 02:51:23.403 [error] [LS Main stderr] E0628 02:51:23.403446 571316 repo.go:340] failed to create patch for untracked file shell/assets/shimeji/pusheen/shime41.png: bytes are not valid utf8

2026-06-28 02:51:23.404 [error] [LS Main stderr] E0628 02:51:23.403923 571316 repo.go:340] failed to create patch for untracked file shell/assets/shimeji/pusheen/shime42.png: bytes are not valid utf8

2026-06-28 02:51:23.404 [error] [LS Main stderr] E0628 02:51:23.404342 571316 repo.go:340] failed to create patch for untracked file shell/assets/shimeji/pusheen/shime43.png: bytes are not valid utf8

2026-06-28 02:51:23.404 [error] [LS Main stderr] E0628 02:51:23.404718 571316 repo.go:340] failed to create patch for untracked file shell/assets/shimeji/pusheen/shime44.png: bytes are not valid utf8

2026-06-28 02:51:23.405 [error] [LS Main stderr] E0628 02:51:23.405130 571316 repo.go:340] failed to create patch for untracked file shell/assets/shimeji/pusheen/shime45.png: bytes are not valid utf8

2026-06-28 02:51:23.405 [error] [LS Main stderr] E0628 02:51:23.405469 571316 repo.go:340] failed to create patch for untracked file shell/assets/shimeji/pusheen/shime46.png: bytes are not valid utf8

2026-06-28 02:51:23.405 [error] [LS Main stderr] E0628 02:51:23.405913 571316 repo.go:340] failed to create patch for untracked file shell/assets/shimeji/pusheen/shime5.png: bytes are not valid utf8

2026-06-28 02:51:23.406 [error] [LS Main stderr] E0628 02:51:23.406354 571316 repo.go:340] failed to create patch for untracked file shell/assets/shimeji/pusheen/shime6.png: bytes are not valid utf8

2026-06-28 02:51:23.406 [error] [LS Main stderr] E0628 02:51:23.406758 571316 repo.go:340] failed to create patch for untracked file shell/assets/shimeji/pusheen/shime7.png: bytes are not valid utf8

2026-06-28 02:51:23.407 [error] [LS Main stderr] E0628 02:51:23.407175 571316 repo.go:340] failed to create patch for untracked file shell/assets/shimeji/pusheen/shime8.png: bytes are not valid utf8

2026-06-28 02:51:23.407 [error] [LS Main stderr] E0628 02:51:23.407544 571316 repo.go:340] failed to create patch for untracked file shell/assets/shimeji/pusheen/shime9.png: bytes are not valid utf8

2026-06-28 02:51:23.408 [error] [LS Main stderr] E0628 02:51:23.407961 571316 repo.go:340] failed to create patch for untracked file shell/assets/sounds/Effect_Tick.wav: bytes are not valid utf8

2026-06-28 02:51:23.408 [error] [LS Main stderr] E0628 02:51:23.408443 571316 repo.go:340] failed to create patch for untracked file shell/assets/sounds/Lock.wav: bytes are not valid utf8

2026-06-28 02:51:23.409 [error] [LS Main stderr] E0628 02:51:23.408975 571316 repo.go:340] failed to create patch for untracked file shell/assets/sounds/Unlock.wav: bytes are not valid utf8

2026-06-28 02:51:23.411 [error] [LS Main stderr] E0628 02:51:23.411865 571316 repo.go:340] failed to create patch for untracked file shell/assets/sounds/VideoRecord.wav: bytes are not valid utf8

2026-06-28 02:51:23.413 [error] [LS Main stderr] E0628 02:51:23.413180 571316 repo.go:340] failed to create patch for untracked file shell/assets/sounds/VideoStop.wav: bytes are not valid utf8

2026-06-28 02:51:23.414 [error] [LS Main stderr] E0628 02:51:23.414737 571316 repo.go:340] failed to create patch for untracked file shell/assets/sounds/camera_click.wav: bytes are not valid utf8

2026-06-28 02:51:23.415 [error] [LS Main stderr] E0628 02:51:23.415767 571316 repo.go:340] failed to create patch for untracked file shell/assets/sounds/notifications/Aldebaran.wav: bytes are not valid utf8

2026-06-28 02:51:23.417 [error] [LS Main stderr] E0628 02:51:23.416995 571316 repo.go:340] failed to create patch for untracked file shell/assets/sounds/notifications/Betelgeuse.wav: bytes are not valid utf8

2026-06-28 02:51:23.418 [error] [LS Main stderr] E0628 02:51:23.418717 571316 repo.go:340] failed to create patch for untracked file shell/assets/sounds/notifications/Cricket.wav: bytes are not valid utf8

2026-06-28 02:51:23.419 [error] [LS Main stderr] E0628 02:51:23.419558 571316 repo.go:340] failed to create patch for untracked file shell/assets/sounds/notifications/Doink.wav: bytes are not valid utf8

2026-06-28 02:51:23.421 [error] [LS Main stderr] E0628 02:51:23.420633 571316 repo.go:340] failed to create patch for untracked file shell/assets/sounds/notifications/Plastic_Pipe.wav: bytes are not valid utf8

2026-06-28 02:51:23.422 [error] [LS Main stderr] E0628 02:51:23.422020 571316 repo.go:340] failed to create patch for untracked file shell/assets/sounds/notifications/arcturus.wav: bytes are not valid utf8

2026-06-28 02:51:23.425 [error] [LS Main stderr] E0628 02:51:23.425179 571316 log.go:398] failed to check terminal shell support: internal: internal error

2026-06-28 02:51:23.428 [error] [LS Main stderr] E0628 02:51:23.426853 571316 log.go:398] failed to check terminal shell support: internal: internal error

2026-06-28 02:51:27.877 [error] [LS Main stderr] I0628 02:51:27.876748 571316 http_helpers.go:183] URL: https://daily-cloudcode-pa.googleapis.com/v1internal:streamGenerateContent?alt=sse Trace: 0x92bfb8a184b81321

2026-06-28 02:51:27.929 [error] [LS Main stderr] E0628 02:51:27.929169 571316 log.go:398] failed to check terminal shell support: internal: internal error

2026-06-28 02:51:27.931 [error] [LS Main stderr] E0628 02:51:27.931106 571316 log.go:398] failed to check terminal shell support: internal: internal error

2026-06-28 02:51:28.137 [error] [LS Main stderr] E0628 02:51:28.137433 571316 log.go:398] failed to check terminal shell support: internal: internal error

2026-06-28 02:51:28.139 [error] [LS Main stderr] E0628 02:51:28.138730 571316 log.go:398] failed to check terminal shell support: internal: internal error

2026-06-28 02:51:28.147 [error] [LS Main stderr] E0628 02:51:28.147262 571316 log.go:398] failed to check terminal shell support: internal: internal error

2026-06-28 02:51:28.149 [error] [LS Main stderr] E0628 02:51:28.149477 571316 log.go:398] failed to check terminal shell support: internal: internal error

2026-06-28 02:51:28.156 [error] [LS Main stderr] E0628 02:51:28.156203 571316 log.go:398] failed to check terminal shell support: internal: internal error

2026-06-28 02:51:28.158 [error] [LS Main stderr] E0628 02:51:28.158326 571316 log.go:398] failed to check terminal shell support: internal: internal error

2026-06-28 02:51:28.167 [error] [LS Main stderr] E0628 02:51:28.166335 571316 log.go:398] failed to check terminal shell support: internal: internal error

2026-06-28 02:51:28.169 [error] [LS Main stderr] E0628 02:51:28.169376 571316 log.go:398] failed to check terminal shell support: internal: internal error

2026-06-28 02:51:29.619 [error] [LS Main stderr] I0628 02:51:29.618647 571316 http_helpers.go:183] URL: https://daily-cloudcode-pa.googleapis.com/v1internal:streamGenerateContent?alt=sse Trace: 0x791ef167202ea079

2026-06-28 02:51:30.436 [error] [LS Main stderr] E0628 02:51:30.435992 571316 log.go:398] failed to check terminal shell support: internal: internal error

2026-06-28 02:51:30.438 [error] [LS Main stderr] E0628 02:51:30.438235 571316 log.go:398] failed to check terminal shell support: internal: internal error

2026-06-28 02:51:32.998 [error] [LS Main stderr] I0628 02:51:32.998360 571316 http_helpers.go:183] URL: https://daily-cloudcode-pa.googleapis.com/v1internal:streamGenerateContent?alt=sse Trace: 0x3cc47e03c4a4144e

2026-06-28 02:51:33.036 [error] [LS Main stderr] E0628 02:51:33.035966 571316 log.go:398] failed to check terminal shell support: internal: internal error

2026-06-28 02:51:33.038 [error] [LS Main stderr] E0628 02:51:33.037940 571316 log.go:398] failed to check terminal shell support: internal: internal error

2026-06-28 02:51:36.631 [error] [LS Main stderr] E0628 02:51:36.631367 571316 log.go:398] failed to check terminal shell support: internal: internal error

2026-06-28 02:51:36.635 [error] [LS Main stderr] E0628 02:51:36.634337 571316 log.go:398] failed to check terminal shell support: internal: internal error

2026-06-28 02:51:38.650 [error] [LS Main stderr] E0628 02:51:38.649800 571316 log.go:398] failed to check terminal shell support: internal: internal error

2026-06-28 02:51:38.651 [error] [LS Main stderr] E0628 02:51:38.651215 571316 log.go:398] failed to check terminal shell support: internal: internal error

2026-06-28 02:51:42.624 [error] [LS Main stderr] I0628 02:51:42.624385 571316 http_helpers.go:183] URL: https://daily-cloudcode-pa.googleapis.com/v1internal:streamGenerateContent?alt=sse Trace: 0xb7d00eb82448ebf9

2026-06-28 02:51:42.674 [error] [LS Main stderr] E0628 02:51:42.674244 571316 log.go:398] failed to check terminal shell support: internal: internal error

2026-06-28 02:51:42.681 [error] [LS Main stderr] E0628 02:51:42.681017 571316 log.go:398] failed to check terminal shell support: internal: internal error

2026-06-28 02:51:43.399 [error] [LS Main stderr] E0628 02:51:43.399427 571316 log.go:398] failed to check terminal shell support: internal: internal error

2026-06-28 02:51:43.403 [error] [LS Main stderr] E0628 02:51:43.401975 571316 log.go:398] failed to check terminal shell support: internal: internal error

2026-06-28 02:51:43.417 [error] [LS Main stderr] E0628 02:51:43.416857 571316 log.go:398] failed to check terminal shell support: internal: internal error

2026-06-28 02:51:43.418 [error] [LS Main stderr] E0628 02:51:43.418848 571316 log.go:398] failed to check terminal shell support: internal: internal error

2026-06-28 02:51:43.434 [error] [LS Main stderr] E0628 02:51:43.433953 571316 log.go:398] failed to check terminal shell support: internal: internal error

2026-06-28 02:51:43.436 [error] [LS Main stderr] E0628 02:51:43.436372 571316 log.go:398] failed to check terminal shell support: internal: internal error

2026-06-28 02:51:43.448 [error] [LS Main stderr] E0628 02:51:43.448396 571316 log.go:398] failed to check terminal shell support: internal: internal error

2026-06-28 02:51:43.450 [error] [LS Main stderr] E0628 02:51:43.450352 571316 log.go:398] failed to check terminal shell support: internal: internal error

2026-06-28 02:51:59.841 [error] [LS Main stderr] E0628 02:51:59.841900 571316 log.go:398] failed to check terminal shell support: internal: internal error

2026-06-28 02:51:59.852 [error] [LS Main stderr] E0628 02:51:59.852474 571316 log.go:398] failed to check terminal shell support: internal: internal error

2026-06-28 02:51:59.854 [error] [LS Main stderr] E0628 02:51:59.854190 571316 log.go:398] failed to check terminal shell support: internal: internal error

2026-06-28 02:51:59.868 [error] [LS Main stderr] E0628 02:51:59.868014 571316 log.go:398] failed to check terminal shell support: internal: internal error

2026-06-28 02:51:59.872 [error] [LS Main stderr] E0628 02:51:59.871397 571316 log.go:398] failed to check terminal shell support: internal: internal error

2026-06-28 02:51:59.881 [error] [LS Main stderr] E0628 02:51:59.880499 571316 log.go:398] failed to check terminal shell support: internal: internal error

2026-06-28 02:51:59.884 [error] [LS Main stderr] E0628 02:51:59.883943 571316 log.go:398] failed to check terminal shell support: internal: internal error

2026-06-28 02:51:59.902 [error] [LS Main stderr] E0628 02:51:59.900418 571316 log.go:398] failed to check terminal shell support: internal: internal error

2026-06-28 02:51:59.903 [error] [LS Main stderr] E0628 02:51:59.902501 571316 log.go:398] failed to check terminal shell support: internal: internal error

2026-06-28 02:51:59.910 [error] [LS Main stderr] E0628 02:51:59.909951 571316 log.go:398] failed to check terminal shell support: internal: internal error

2026-06-28 02:51:59.911 [error] [LS Main stderr] E0628 02:51:59.911344 571316 log.go:398] failed to check terminal shell support: internal: internal error

2026-06-28 02:51:59.933 [error] [LS Main stderr] E0628 02:51:59.933300 571316 log.go:398] failed to check terminal shell support: internal: internal error

2026-06-28 02:51:59.935 [error] [LS Main stderr] E0628 02:51:59.935468 571316 log.go:398] failed to check terminal shell support: internal: internal error

2026-06-28 02:52:00.408 [error] [LS Main stderr] E0628 02:52:00.408270 571316 log.go:398] failed to check terminal shell support: internal: internal error

2026-06-28 02:52:00.410 [error] [LS Main stderr] E0628 02:52:00.410041 571316 log.go:398] failed to check terminal shell support: internal: internal error

2026-06-28 02:52:04.537 [error] [LS Main stderr] I0628 02:52:04.537246 571316 http_helpers.go:183] URL: https://daily-cloudcode-pa.googleapis.com/v1internal:streamGenerateContent?alt=sse Trace: 0x89840291f1b9aff

2026-06-28 02:52:04.586 [error] [LS Main stderr] E0628 02:52:04.583357 571316 log.go:398] failed to check terminal shell support: internal: internal error
E0628 02:52:04.585836 571316 log.go:398] failed to check terminal shell support: internal: internal error

2026-06-28 02:52:09.947 [error] [LS Main stderr] E0628 02:52:09.947512 571316 log.go:398] failed to check terminal shell support: internal: internal error

2026-06-28 02:52:09.954 [error] [LS Main stderr] E0628 02:52:09.952299 571316 log.go:398] failed to check terminal shell support: internal: internal error

2026-06-28 02:52:11.957 [error] [LS Main stderr] E0628 02:52:11.957434 571316 log.go:398] failed to check terminal shell support: internal: internal error

2026-06-28 02:52:11.959 [error] [LS Main stderr] E0628 02:52:11.959362 571316 log.go:398] failed to check terminal shell support: internal: internal error

2026-06-28 02:52:16.210 [error] [LS Main stderr] I0628 02:52:16.210307 571316 http_helpers.go:183] URL: https://daily-cloudcode-pa.googleapis.com/v1internal:streamGenerateContent?alt=sse Trace: 0xf1ba6c28a261a88d

2026-06-28 02:52:16.260 [error] [LS Main stderr] E0628 02:52:16.260355 571316 log.go:398] failed to check terminal shell support: internal: internal error

2026-06-28 02:52:16.268 [error] [LS Main stderr] E0628 02:52:16.268136 571316 log.go:398] failed to check terminal shell support: internal: internal error

2026-06-28 02:52:16.886 [error] [LS Main stderr] E0628 02:52:16.885408 571316 log.go:398] failed to check terminal shell support: internal: internal error

2026-06-28 02:52:16.888 [error] [LS Main stderr] E0628 02:52:16.888357 571316 log.go:398] failed to check terminal shell support: internal: internal error

2026-06-28 02:52:17.413 [error] [LS Main stderr] E0628 02:52:17.412890 571316 log.go:398] failed to check terminal shell support: internal: internal error

2026-06-28 02:52:17.415 [error] [LS Main stderr] E0628 02:52:17.415148 571316 log.go:398] failed to check terminal shell support: internal: internal error

2026-06-28 02:52:23.948 [error] [LS Main stderr] E0628 02:52:23.948047 571316 log.go:398] invalid offset 3184

2026-06-28 02:52:24.568 [error] [LS Main stderr] E0628 02:52:24.568168 571316 log.go:398] invalid offset 3184

2026-06-28 02:52:26.348 [error] [LS Main stderr] I0628 02:52:26.347919 571316 http_helpers.go:183] URL: https://daily-cloudcode-pa.googleapis.com/v1internal:streamGenerateContent?alt=sse Trace: 0xeb60b67f131e75b3

2026-06-28 02:52:26.581 [error] [LS Main stderr] I0628 02:52:26.581472 571316 http_helpers.go:183] URL: https://daily-cloudcode-pa.googleapis.com/v1internal:streamGenerateContent?alt=sse Trace: 0x2c36f476ad9b1002

2026-06-28 02:52:27.987 [error] [LS Main stderr] I0628 02:52:27.987318 571316 http_helpers.go:183] URL: https://daily-cloudcode-pa.googleapis.com/v1internal:streamGenerateContent?alt=sse Trace: 0xe071ba74eeb60fe8

2026-06-28 02:52:28.302 [error] [LS Main stderr] E0628 02:52:28.299383 571316 log.go:398] failed to check terminal shell support: internal: internal error

2026-06-28 02:52:28.304 [error] [LS Main stderr] E0628 02:52:28.304525 571316 log.go:398] failed to check terminal shell support: internal: internal error

2026-06-28 02:52:28.313 [error] [LS Main stderr] E0628 02:52:28.313341 571316 log.go:398] failed to check terminal shell support: internal: internal error

2026-06-28 02:52:28.316 [error] [LS Main stderr] E0628 02:52:28.316207 571316 log.go:398] failed to check terminal shell support: internal: internal error

2026-06-28 02:52:28.600 [error] [LS Main stderr] E0628 02:52:28.599637 571316 log.go:398] failed to check terminal shell support: internal: internal error

2026-06-28 02:52:28.602 [error] [LS Main stderr] E0628 02:52:28.601929 571316 log.go:398] failed to check terminal shell support: internal: internal error

2026-06-28 02:52:33.764 [error] [LS Main stderr] I0628 02:52:33.764639 571316 http_helpers.go:183] URL: https://daily-cloudcode-pa.googleapis.com/v1internal:loadCodeAssist Trace: 0x2f46c60418c66e49

2026-06-28 02:52:34.645 [error] [LS Main stderr] I0628 02:52:34.645742 571316 http_helpers.go:183] URL: https://daily-cloudcode-pa.googleapis.com/v1internal:fetchAvailableModels Trace: 0x8ab784306861df18

2026-06-28 02:52:36.089 [error] [LS Main stderr] I0628 02:52:36.089717 571316 http_helpers.go:183] URL: https://daily-cloudcode-pa.googleapis.com/v1internal:streamGenerateContent?alt=sse Trace: 0x405c4d4a4826c38c

2026-06-28 02:52:36.691 [error] [LS Main stderr] I0628 02:52:36.691754 571316 http_helpers.go:183] URL: https://daily-cloudcode-pa.googleapis.com/v1internal:streamGenerateContent?alt=sse Trace: 0x1c65b7fe4de5efa

2026-06-28 02:52:36.709 [error] [LS Main stderr] I0628 02:52:36.708915 571316 http_helpers.go:183] URL: https://daily-cloudcode-pa.googleapis.com/v1internal:streamGenerateContent?alt=sse Trace: 0x3a1278ac75df5876

2026-06-28 02:52:38.433 [error] [LS Main stderr] I0628 02:52:38.433524 571316 http_helpers.go:183] URL: https://daily-cloudcode-pa.googleapis.com/v1internal:streamGenerateContent?alt=sse Trace: 0xbe40c1795ac7f6bb

2026-06-28 02:53:07.770 [error] [LS Main stderr] I0628 02:53:07.770099 571316 http_helpers.go:183] URL: https://daily-cloudcode-pa.googleapis.com/v1internal:streamGenerateContent?alt=sse Trace: 0xe749270e75e496f0

2026-06-28 02:53:07.887 [error] [LS Main stderr] I0628 02:53:07.886710 571316 http_helpers.go:183] URL: https://daily-cloudcode-pa.googleapis.com/v1internal:streamGenerateContent?alt=sse Trace: 0xbddcb6984432c091

2026-06-28 02:53:11.750 [error] [LS Main stderr] I0628 02:53:11.749686 571316 http_helpers.go:183] URL: https://daily-cloudcode-pa.googleapis.com/v1internal:streamGenerateContent?alt=sse Trace: 0x1fe5cf543a02c05a

2026-06-28 02:53:12.223 [error] [LS Main stderr] I0628 02:53:12.223615 571316 http_helpers.go:183] URL: https://daily-cloudcode-pa.googleapis.com/v1internal:streamGenerateContent?alt=sse Trace: 0xae4ed239ef515786

2026-06-28 02:53:22.055 [error] [LS Main stderr] I0628 02:53:22.054738 571316 http_helpers.go:183] URL: https://daily-cloudcode-pa.googleapis.com/v1internal:streamGenerateContent?alt=sse Trace: 0x49f10188f07220

2026-06-28 02:53:22.216 [error] [LS Main stderr] I0628 02:53:22.216567 571316 http_helpers.go:183] URL: https://daily-cloudcode-pa.googleapis.com/v1internal:streamGenerateContent?alt=sse Trace: 0x4cf63d0ec31730a5

2026-06-28 02:53:23.386 [error] [LS Main stderr] I0628 02:53:23.386495 571316 http_helpers.go:183] URL: https://daily-cloudcode-pa.googleapis.com/v1internal:streamGenerateContent?alt=sse Trace: 0xfe19a3416da36c4a

2026-06-28 02:53:33.621 [error] [LS Main stderr] I0628 02:53:33.621396 571316 http_helpers.go:183] URL: https://daily-cloudcode-pa.googleapis.com/v1internal:streamGenerateContent?alt=sse Trace: 0xbdac75dd03356985

2026-06-28 02:53:34.035 [error] [LS Main stderr] I0628 02:53:34.035556 571316 http_helpers.go:183] URL: https://daily-cloudcode-pa.googleapis.com/v1internal:streamGenerateContent?alt=sse Trace: 0xb69cc914a6967100

2026-06-28 02:53:34.970 [error] [LS Main stderr] I0628 02:53:34.970179 571316 http_helpers.go:183] URL: https://daily-cloudcode-pa.googleapis.com/v1internal:streamGenerateContent?alt=sse Trace: 0x218cd806b3ef74c

2026-06-28 02:53:58.291 [error] [LS Main stderr] I0628 02:53:58.290679 571316 http_helpers.go:183] URL: https://daily-cloudcode-pa.googleapis.com/v1internal:streamGenerateContent?alt=sse Trace: 0x54fa9045b8ba998a

2026-06-28 02:53:59.533 [error] [LS Main stderr] I0628 02:53:59.532804 571316 http_helpers.go:183] URL: https://daily-cloudcode-pa.googleapis.com/v1internal:streamGenerateContent?alt=sse Trace: 0x94502a36edb98193

2026-06-28 02:53:59.716 [error] [LS Main stderr] I0628 02:53:59.716205 571316 http_helpers.go:183] URL: https://daily-cloudcode-pa.googleapis.com/v1internal:streamGenerateContent?alt=sse Trace: 0x89d40f98df797551

2026-06-28 02:54:02.400 [error] [LS Main stderr] I0628 02:54:02.400131 571316 http_helpers.go:183] URL: https://daily-cloudcode-pa.googleapis.com/v1internal:streamGenerateContent?alt=sse Trace: 0x9b458c48accf68da

2026-06-28 02:54:02.706 [error] [LS Main stderr] I0628 02:54:02.705929 571316 http_helpers.go:183] URL: https://daily-cloudcode-pa.googleapis.com/v1internal:streamGenerateContent?alt=sse Trace: 0x1dd1aca21c367bf1

2026-06-28 02:54:03.941 [error] [LS Main stderr] I0628 02:54:03.940683 571316 http_helpers.go:183] URL: https://daily-cloudcode-pa.googleapis.com/v1internal:streamGenerateContent?alt=sse Trace: 0x86e495afb8b0c88b

2026-06-28 02:54:08.852 [error] [LS Main stderr] I0628 02:54:08.851768 571316 http_helpers.go:183] URL: https://daily-cloudcode-pa.googleapis.com/v1internal:streamGenerateContent?alt=sse Trace: 0xefe6381ff6bf11ce

2026-06-28 02:54:10.182 [error] [LS Main stderr] I0628 02:54:10.182381 571316 http_helpers.go:183] URL: https://daily-cloudcode-pa.googleapis.com/v1internal:streamGenerateContent?alt=sse Trace: 0x26ea733d77a2f45d

2026-06-28 02:54:10.400 [error] [LS Main stderr] I0628 02:54:10.399769 571316 http_helpers.go:183] URL: https://daily-cloudcode-pa.googleapis.com/v1internal:streamGenerateContent?alt=sse Trace: 0xd66c3cfd77ccce70

2026-06-28 02:54:26.465 [error] [LS Main stderr] I0628 02:54:26.464747 571316 http_helpers.go:183] URL: https://daily-cloudcode-pa.googleapis.com/v1internal:streamGenerateContent?alt=sse Trace: 0x6124a9d6cef7c8b0

2026-06-28 02:54:26.671 [error] [LS Main stderr] I0628 02:54:26.671501 571316 http_helpers.go:183] URL: https://daily-cloudcode-pa.googleapis.com/v1internal:streamGenerateContent?alt=sse Trace: 0xd0b4ef3339dfba64

2026-06-28 02:54:31.891 [error] [LS Main stderr] I0628 02:54:31.891420 571316 http_helpers.go:183] URL: https://daily-cloudcode-pa.googleapis.com/v1internal:streamGenerateContent?alt=sse Trace: 0x96ff7398490a41bb

2026-06-28 02:54:32.983 [error] [LS Main stderr] I0628 02:54:32.982719 571316 http_helpers.go:183] URL: https://daily-cloudcode-pa.googleapis.com/v1internal:streamGenerateContent?alt=sse Trace: 0xf8ec0013805b3101

2026-06-28 02:54:33.576 [error] [LS Main stderr] I0628 02:54:33.575658 571316 http_helpers.go:183] URL: https://daily-cloudcode-pa.googleapis.com/v1internal:streamGenerateContent?alt=sse Trace: 0xdee24537620e4610

2026-06-28 02:54:34.759 [error] [LS Main stderr] I0628 02:54:34.759518 571316 http_helpers.go:183] URL: https://daily-cloudcode-pa.googleapis.com/v1internal:streamGenerateContent?alt=sse Trace: 0xdf1fc85ae5fef9f6

2026-06-28 02:54:36.808 [error] [LS Main stderr] I0628 02:54:36.807844 571316 http_helpers.go:183] URL: https://daily-cloudcode-pa.googleapis.com/v1internal:streamGenerateContent?alt=sse Trace: 0xa7172da6d3b6edd9

2026-06-28 02:54:36.924 [error] [LS Main stderr] I0628 02:54:36.924157 571316 http_helpers.go:183] URL: https://daily-cloudcode-pa.googleapis.com/v1internal:streamGenerateContent?alt=sse Trace: 0xd11e1e10ace498da

2026-06-28 02:54:38.447 [error] [LS Main stderr] I0628 02:54:38.445703 571316 http_helpers.go:183] URL: https://daily-cloudcode-pa.googleapis.com/v1internal:streamGenerateContent?alt=sse Trace: 0x34d4665c9b23d9cd

2026-06-28 02:54:38.958 [error] [LS Main stderr] I0628 02:54:38.958156 571316 http_helpers.go:183] URL: https://daily-cloudcode-pa.googleapis.com/v1internal:streamGenerateContent?alt=sse Trace: 0x2e08a42bcc82ea4b

2026-06-28 02:54:39.195 [error] [LS Main stderr] I0628 02:54:39.195473 571316 http_helpers.go:183] URL: https://daily-cloudcode-pa.googleapis.com/v1internal:streamGenerateContent?alt=sse Trace: 0x82b8f42d806a034f

2026-06-28 02:54:40.529 [error] [LS Main stderr] I0628 02:54:40.529075 571316 http_helpers.go:183] URL: https://daily-cloudcode-pa.googleapis.com/v1internal:streamGenerateContent?alt=sse Trace: 0x46ea5a6281fba6

2026-06-28 02:54:40.902 [error] [LS Main stderr] I0628 02:54:40.902566 571316 http_helpers.go:183] URL: https://daily-cloudcode-pa.googleapis.com/v1internal:streamGenerateContent?alt=sse Trace: 0x73a40df3306bfefd

2026-06-28 02:54:41.849 [error] [LS Main stderr] I0628 02:54:41.848864 571316 http_helpers.go:183] URL: https://daily-cloudcode-pa.googleapis.com/v1internal:streamGenerateContent?alt=sse Trace: 0x999d9e38544686b3

2026-06-28 02:54:44.731 [error] [LS Main stderr] I0628 02:54:44.730890 571316 http_helpers.go:183] URL: https://daily-cloudcode-pa.googleapis.com/v1internal:streamGenerateContent?alt=sse Trace: 0xf1de6de5f0c79ae7

2026-06-28 02:54:44.867 [error] [LS Main stderr] I0628 02:54:44.867094 571316 http_helpers.go:183] URL: https://daily-cloudcode-pa.googleapis.com/v1internal:streamGenerateContent?alt=sse Trace: 0x425a5d24c1ce9ff2

2026-06-28 02:54:46.126 [error] [LS Main stderr] I0628 02:54:46.126098 571316 http_helpers.go:183] URL: https://daily-cloudcode-pa.googleapis.com/v1internal:streamGenerateContent?alt=sse Trace: 0xf312cceb88c4c35f

2026-06-28 02:54:50.006 [error] [LS Main stderr] I0628 02:54:50.006102 571316 http_helpers.go:183] URL: https://daily-cloudcode-pa.googleapis.com/v1internal:streamGenerateContent?alt=sse Trace: 0x2feeb062d1fe5cbb

2026-06-28 02:54:50.220 [error] [LS Main stderr] I0628 02:54:50.219713 571316 http_helpers.go:183] URL: https://daily-cloudcode-pa.googleapis.com/v1internal:streamGenerateContent?alt=sse Trace: 0x7871000ca15d3511

2026-06-28 02:54:51.502 [error] [LS Main stderr] I0628 02:54:51.502075 571316 http_helpers.go:183] URL: https://daily-cloudcode-pa.googleapis.com/v1internal:streamGenerateContent?alt=sse Trace: 0xcaf9cd259b5e0e96

2026-06-28 02:54:52.373 [error] [LS Main stderr] I0628 02:54:52.372986 571316 http_helpers.go:183] URL: https://daily-cloudcode-pa.googleapis.com/v1internal:streamGenerateContent?alt=sse Trace: 0x2cb6584e0c0f755a

2026-06-28 02:54:53.531 [error] [LS Main stderr] I0628 02:54:53.530816 571316 http_helpers.go:183] URL: https://daily-cloudcode-pa.googleapis.com/v1internal:streamGenerateContent?alt=sse Trace: 0xa0a76bb5f9de1d0b

2026-06-28 02:54:53.807 [error] [LS Main stderr] I0628 02:54:53.807597 571316 http_helpers.go:183] URL: https://daily-cloudcode-pa.googleapis.com/v1internal:streamGenerateContent?alt=sse Trace: 0x7ce6f60d9e1e050

2026-06-28 02:54:54.932 [error] [LS Main stderr] I0628 02:54:54.931675 571316 http_helpers.go:183] URL: https://daily-cloudcode-pa.googleapis.com/v1internal:streamGenerateContent?alt=sse Trace: 0x16a51ed833750695

2026-06-28 02:54:55.124 [error] [LS Main stderr] I0628 02:54:55.123675 571316 http_helpers.go:183] URL: https://daily-cloudcode-pa.googleapis.com/v1internal:streamGenerateContent?alt=sse Trace: 0xf2b4936b5879dd49

2026-06-28 02:54:55.768 [error] [LS Main stderr] E0628 02:54:55.768786 571316 log.go:398] failed to check terminal shell support: internal: internal error

2026-06-28 02:54:55.770 [error] [LS Main stderr] E0628 02:54:55.769946 571316 log.go:398] failed to check terminal shell support: internal: internal error

2026-06-28 02:54:58.413 [error] [LS Main stderr] I0628 02:54:58.413098 571316 http_helpers.go:183] URL: https://daily-cloudcode-pa.googleapis.com/v1internal:loadCodeAssist Trace: 0xe29eb2e4dbad6265

2026-06-28 02:54:59.438 [error] [LS Main stderr] I0628 02:54:59.437791 571316 http_helpers.go:183] URL: https://daily-cloudcode-pa.googleapis.com/v1internal:fetchAvailableModels Trace: 0xd660f32537c366ba

2026-06-28 02:54:59.451 [error] [LS Main stderr] E0628 02:54:59.451026 571316 log.go:398] failed to check terminal shell support: internal: internal error

2026-06-28 02:54:59.459 [error] [LS Main stderr] E0628 02:54:59.458768 571316 log.go:398] failed to check terminal shell support: internal: internal error

2026-06-28 02:55:01.924 [error] [LS Main stderr] I0628 02:55:01.923818 571316 http_helpers.go:183] URL: https://daily-cloudcode-pa.googleapis.com/v1internal:streamGenerateContent?alt=sse Trace: 0xe063f5eacabfdc31

2026-06-28 02:55:02.103 [error] [LS Main stderr] I0628 02:55:02.102858 571316 http_helpers.go:183] URL: https://daily-cloudcode-pa.googleapis.com/v1internal:streamGenerateContent?alt=sse Trace: 0xf6629887fd81417

2026-06-28 02:55:03.161 [error] [LS Main stderr] I0628 02:55:03.161724 571316 http_helpers.go:183] URL: https://daily-cloudcode-pa.googleapis.com/v1internal:streamGenerateContent?alt=sse Trace: 0x3e14d1e3d67c0cb1

2026-06-28 02:55:03.418 [error] [LS Main stderr] I0628 02:55:03.418445 571316 http_helpers.go:183] URL: https://daily-cloudcode-pa.googleapis.com/v1internal:streamGenerateContent?alt=sse Trace: 0x18a127bfa73eaaa4

2026-06-28 02:55:04.048 [error] [LS Main stderr] I0628 02:55:04.047831 571316 http_helpers.go:183] URL: https://daily-cloudcode-pa.googleapis.com/v1internal:streamGenerateContent?alt=sse Trace: 0xcdd57ed158713cea

2026-06-28 02:55:04.140 [error] [LS Main stderr] I0628 02:55:04.140524 571316 http_helpers.go:183] URL: https://daily-cloudcode-pa.googleapis.com/v1internal:streamGenerateContent?alt=sse Trace: 0x70d282ebbcfc63c

2026-06-28 02:55:05.176 [error] [LS Main stderr] I0628 02:55:05.176169 571316 http_helpers.go:183] URL: https://daily-cloudcode-pa.googleapis.com/v1internal:streamGenerateContent?alt=sse Trace: 0xe84f0939ab661306

2026-06-28 02:55:39.625 [error] [LS Main stderr] I0628 02:55:39.624765 571316 http_helpers.go:183] URL: https://daily-cloudcode-pa.googleapis.com/v1internal:streamGenerateContent?alt=sse Trace: 0x3f431ee728590e4b

2026-06-28 02:55:40.065 [error] [LS Main stderr] I0628 02:55:40.065185 571316 http_helpers.go:183] URL: https://daily-cloudcode-pa.googleapis.com/v1internal:streamGenerateContent?alt=sse Trace: 0x9a358eec7cbc4afe

2026-06-28 02:55:41.233 [error] [LS Main stderr] I0628 02:55:41.233750 571316 http_helpers.go:183] URL: https://daily-cloudcode-pa.googleapis.com/v1internal:streamGenerateContent?alt=sse Trace: 0x890c9380cf64ac00

2026-06-28 02:55:46.575 [error] [LS Main stderr] I0628 02:55:46.574918 571316 http_helpers.go:183] URL: https://daily-cloudcode-pa.googleapis.com/v1internal:streamGenerateContent?alt=sse Trace: 0xf2f60b6e6e5ce303

2026-06-28 02:55:46.858 [error] [LS Main stderr] I0628 02:55:46.858482 571316 http_helpers.go:183] URL: https://daily-cloudcode-pa.googleapis.com/v1internal:streamGenerateContent?alt=sse Trace: 0xff6fa5d893ada511

2026-06-28 02:55:51.355 [error] [LS Main stderr] I0628 02:55:51.355706 571316 http_helpers.go:183] URL: https://daily-cloudcode-pa.googleapis.com/v1internal:streamGenerateContent?alt=sse Trace: 0x54c942385ae2a943

2026-06-28 02:55:51.663 [error] [LS Main stderr] I0628 02:55:51.662855 571316 http_helpers.go:183] URL: https://daily-cloudcode-pa.googleapis.com/v1internal:streamGenerateContent?alt=sse Trace: 0xd41cc41927058b4a

2026-06-28 02:55:52.996 [error] [LS Main stderr] I0628 02:55:52.995497 571316 http_helpers.go:183] URL: https://daily-cloudcode-pa.googleapis.com/v1internal:streamGenerateContent?alt=sse Trace: 0xf3fa105757b6a01a
I0628 02:55:52.995603 571316 http_helpers.go:183] URL: https://daily-cloudcode-pa.googleapis.com/v1internal:streamGenerateContent?alt=sse Trace: 0xde4b79c1c81e0f5f

2026-06-28 02:55:56.273 [error] [LS Main stderr] I0628 02:55:56.272679 571316 http_helpers.go:183] URL: https://daily-cloudcode-pa.googleapis.com/v1internal:streamGenerateContent?alt=sse Trace: 0x9c2565921d9c28bc

2026-06-28 02:55:56.330 [error] [LS Main stderr] I0628 02:55:56.330117 571316 http_helpers.go:183] URL: https://daily-cloudcode-pa.googleapis.com/v1internal:streamGenerateContent?alt=sse Trace: 0x18c6bc76c55eaee5

2026-06-28 02:55:58.895 [error] [LS Main stderr] I0628 02:55:58.894860 571316 http_helpers.go:183] URL: https://daily-cloudcode-pa.googleapis.com/v1internal:streamGenerateContent?alt=sse Trace: 0x1958abfd3f3a3efc

2026-06-28 02:55:59.069 [error] [LS Main stderr] I0628 02:55:59.069006 571316 http_helpers.go:183] URL: https://daily-cloudcode-pa.googleapis.com/v1internal:streamGenerateContent?alt=sse Trace: 0x24ba39aab341e8d0

2026-06-28 02:56:00.059 [error] [LS Main stderr] I0628 02:56:00.059682 571316 http_helpers.go:183] URL: https://daily-cloudcode-pa.googleapis.com/v1internal:streamGenerateContent?alt=sse Trace: 0x3b54acfea48126f5

2026-06-28 02:56:13.461 [error] [LS Main stderr] I0628 02:56:13.460656 571316 http_helpers.go:183] URL: https://daily-cloudcode-pa.googleapis.com/v1internal:streamGenerateContent?alt=sse Trace: 0x548de2b35cce3b10

2026-06-28 02:56:15.217 [error] [LS Main stderr] I0628 02:56:15.217570 571316 http_helpers.go:183] URL: https://daily-cloudcode-pa.googleapis.com/v1internal:streamGenerateContent?alt=sse Trace: 0x84129f34a8b26c

2026-06-28 02:56:19.814 [error] [LS Main stderr] I0628 02:56:19.814020 571316 http_helpers.go:183] URL: https://daily-cloudcode-pa.googleapis.com/v1internal:streamGenerateContent?alt=sse Trace: 0xe26ec6e661b6bc02

2026-06-28 02:56:19.899 [error] [LS Main stderr] I0628 02:56:19.898884 571316 http_helpers.go:183] URL: https://daily-cloudcode-pa.googleapis.com/v1internal:streamGenerateContent?alt=sse Trace: 0x209e05ee45a19a41

2026-06-28 02:56:21.228 [error] [LS Main stderr] I0628 02:56:21.228371 571316 http_helpers.go:183] URL: https://daily-cloudcode-pa.googleapis.com/v1internal:streamGenerateContent?alt=sse Trace: 0x6456728de520bf27

2026-06-28 02:56:22.458 [error] [LS Main stderr] I0628 02:56:22.458556 571316 http_helpers.go:183] URL: https://daily-cloudcode-pa.googleapis.com/v1internal:streamGenerateContent?alt=sse Trace: 0xd16601f892b4d04b

2026-06-28 02:56:22.631 [error] [LS Main stderr] I0628 02:56:22.631013 571316 http_helpers.go:183] URL: https://daily-cloudcode-pa.googleapis.com/v1internal:streamGenerateContent?alt=sse Trace: 0x4f881b15f6e9c9b6

2026-06-28 02:56:23.507 [error] [LS Main stderr] I0628 02:56:23.507517 571316 http_helpers.go:183] URL: https://daily-cloudcode-pa.googleapis.com/v1internal:streamGenerateContent?alt=sse Trace: 0x87cb2b824909617d

2026-06-28 02:56:30.576 [error] [LS Main stderr] I0628 02:56:30.576446 571316 http_helpers.go:183] URL: https://daily-cloudcode-pa.googleapis.com/v1internal:streamGenerateContent?alt=sse Trace: 0xbc77e43af643b6f7

2026-06-28 02:56:30.853 [error] [LS Main stderr] I0628 02:56:30.853689 571316 http_helpers.go:183] URL: https://daily-cloudcode-pa.googleapis.com/v1internal:streamGenerateContent?alt=sse Trace: 0xe837089e13071313

2026-06-28 02:56:31.905 [error] [LS Main stderr] I0628 02:56:31.905547 571316 http_helpers.go:183] URL: https://daily-cloudcode-pa.googleapis.com/v1internal:streamGenerateContent?alt=sse Trace: 0x30780eded5c1745e

2026-06-28 02:56:32.170 [error] [LS Main stderr] I0628 02:56:32.170554 571316 http_helpers.go:183] URL: https://daily-cloudcode-pa.googleapis.com/v1internal:streamGenerateContent?alt=sse Trace: 0xce351dbb9b43c15f

2026-06-28 02:56:33.239 [error] [LS Main stderr] I0628 02:56:33.238886 571316 http_helpers.go:183] URL: https://daily-cloudcode-pa.googleapis.com/v1internal:streamGenerateContent?alt=sse Trace: 0x1a2b6f8cf548649f

2026-06-28 02:56:33.647 [error] [LS Main stderr] I0628 02:56:33.647267 571316 http_helpers.go:183] URL: https://daily-cloudcode-pa.googleapis.com/v1internal:streamGenerateContent?alt=sse Trace: 0x1c2a653dd9f6b974

2026-06-28 02:56:41.123 [error] [LS Main stderr] I0628 02:56:41.123424 571316 http_helpers.go:183] URL: https://daily-cloudcode-pa.googleapis.com/v1internal:streamGenerateContent?alt=sse Trace: 0x7966d97ef1c20f91
I0628 02:56:41.123507 571316 http_helpers.go:183] URL: https://daily-cloudcode-pa.googleapis.com/v1internal:streamGenerateContent?alt=sse Trace: 0x31725c77ff7547b4

2026-06-28 02:56:49.212 [error] [LS Main stderr] I0628 02:56:49.211708 571316 http_helpers.go:183] URL: https://daily-cloudcode-pa.googleapis.com/v1internal:streamGenerateContent?alt=sse Trace: 0xe2cd4b30420e7aee

2026-06-28 02:56:49.350 [error] [LS Main stderr] I0628 02:56:49.350200 571316 http_helpers.go:183] URL: https://daily-cloudcode-pa.googleapis.com/v1internal:streamGenerateContent?alt=sse Trace: 0x3c0f3ffb9735eb14

2026-06-28 02:56:50.440 [error] [LS Main stderr] I0628 02:56:50.440111 571316 http_helpers.go:183] URL: https://daily-cloudcode-pa.googleapis.com/v1internal:streamGenerateContent?alt=sse Trace: 0xcac816873d977fa5

2026-06-28 02:56:50.747 [error] [LS Main stderr] I0628 02:56:50.747450 571316 http_helpers.go:183] URL: https://daily-cloudcode-pa.googleapis.com/v1internal:streamGenerateContent?alt=sse Trace: 0x5f1a8b19232a90ec

2026-06-28 02:56:51.845 [error] [LS Main stderr] I0628 02:56:51.845573 571316 http_helpers.go:183] URL: https://daily-cloudcode-pa.googleapis.com/v1internal:streamGenerateContent?alt=sse Trace: 0x2b82ab35a2289a46

2026-06-28 02:56:52.089 [error] [LS Main stderr] I0628 02:56:52.088922 571316 http_helpers.go:183] URL: https://daily-cloudcode-pa.googleapis.com/v1internal:streamGenerateContent?alt=sse Trace: 0x18deb15f36e0abb5

2026-06-28 02:56:53.283 [error] [LS Main stderr] I0628 02:56:53.283777 571316 http_helpers.go:183] URL: https://daily-cloudcode-pa.googleapis.com/v1internal:streamGenerateContent?alt=sse Trace: 0xec3d0743cf4f35e2

2026-06-28 02:56:53.313 [error] [LS Main stderr] I0628 02:56:53.313208 571316 http_helpers.go:183] URL: https://daily-cloudcode-pa.googleapis.com/v1internal:streamGenerateContent?alt=sse Trace: 0x3ca068d539f9b47f

2026-06-28 02:56:54.405 [error] [LS Main stderr] I0628 02:56:54.405182 571316 http_helpers.go:183] URL: https://daily-cloudcode-pa.googleapis.com/v1internal:streamGenerateContent?alt=sse Trace: 0xa01aaa474e238907

2026-06-28 02:56:54.652 [error] [LS Main stderr] I0628 02:56:54.651748 571316 http_helpers.go:183] URL: https://daily-cloudcode-pa.googleapis.com/v1internal:streamGenerateContent?alt=sse Trace: 0x310444d99d23c51

2026-06-28 02:57:12.150 [error] [LS Main stderr] I0628 02:57:12.149755 571316 http_helpers.go:183] URL: https://daily-cloudcode-pa.googleapis.com/v1internal:streamGenerateContent?alt=sse Trace: 0x47294c199532e880
I0628 02:57:12.149823 571316 http_helpers.go:183] URL: https://daily-cloudcode-pa.googleapis.com/v1internal:streamGenerateContent?alt=sse Trace: 0xa86347ce7badce60

2026-06-28 02:57:13.039 [error] [LS Main stderr] I0628 02:57:13.039252 571316 http_helpers.go:183] URL: https://daily-cloudcode-pa.googleapis.com/v1internal:streamGenerateContent?alt=sse Trace: 0x1ea2710c6484a8d4

2026-06-28 02:57:13.328 [error] [LS Main stderr] I0628 02:57:13.328308 571316 http_helpers.go:183] URL: https://daily-cloudcode-pa.googleapis.com/v1internal:streamGenerateContent?alt=sse Trace: 0x9e869ee2ce18cb99

2026-06-28 02:57:14.444 [error] [LS Main stderr] I0628 02:57:14.444140 571316 http_helpers.go:183] URL: https://daily-cloudcode-pa.googleapis.com/v1internal:streamGenerateContent?alt=sse Trace: 0xfa7b853693cc538

2026-06-28 02:57:14.448 [error] [LS Main stderr] I0628 02:57:14.448442 571316 http_helpers.go:183] URL: https://daily-cloudcode-pa.googleapis.com/v1internal:streamGenerateContent?alt=sse Trace: 0x3f9ba1b61f8ffc6f

2026-06-28 02:57:15.350 [error] [LS Main stderr] I0628 02:57:15.350270 571316 http_helpers.go:183] URL: https://daily-cloudcode-pa.googleapis.com/v1internal:streamGenerateContent?alt=sse Trace: 0x1a0099fd758b9989

2026-06-28 02:57:15.631 [error] [LS Main stderr] I0628 02:57:15.631068 571316 http_helpers.go:183] URL: https://daily-cloudcode-pa.googleapis.com/v1internal:streamGenerateContent?alt=sse Trace: 0x6b763e0d33c1f76d

2026-06-28 02:57:15.783 [error] [LS Main stderr] I0628 02:57:15.783417 571316 http_helpers.go:183] URL: https://daily-cloudcode-pa.googleapis.com/v1internal:streamGenerateContent?alt=sse Trace: 0x6150c1490fe2cd54

2026-06-28 02:57:15.955 [error] [LS Main stderr] I0628 02:57:15.955445 571316 http_helpers.go:183] URL: https://daily-cloudcode-pa.googleapis.com/v1internal:streamGenerateContent?alt=sse Trace: 0x9f808bfd63af5566

2026-06-28 02:59:20.253 [error] [LS Main stderr] I0628 02:59:20.253561 571316 http_helpers.go:183] URL: https://daily-cloudcode-pa.googleapis.com/v1internal:streamGenerateContent?alt=sse Trace: 0xc93604d553e9a0a6

2026-06-28 02:59:20.503 [error] [LS Main stderr] I0628 02:59:20.503140 571316 http_helpers.go:183] URL: https://daily-cloudcode-pa.googleapis.com/v1internal:streamGenerateContent?alt=sse Trace: 0xcf724794f381ca26

