2026-06-28 01:14:24.904 [info] [main] Log level: Info
2026-06-28 01:14:24.904 [info] [main] Validating found git in: "git"
2026-06-28 01:14:24.904 [info] [main] Using git "2.54.0" from "git"
2026-06-28 01:14:24.904 [info] [Model][doInitialScan] Initial repository scan started
2026-06-28 01:14:24.904 [info] > git rev-parse --show-toplevel [8ms]
2026-06-28 01:14:24.904 [info] > git rev-parse --git-dir --git-common-dir --show-superproject-working-tree [6ms]
2026-06-28 01:14:24.904 [info] [Model][openRepository] Opened repository (path): /home/ladybug-me/caelestia-dots-kde
2026-06-28 01:14:24.905 [info] [Model][openRepository] Opened repository (real path): /home/ladybug-me/caelestia-dots-kde
2026-06-28 01:14:24.905 [info] [Model][openRepository] Opened repository (kind): repository
2026-06-28 01:14:24.905 [info] > git rev-parse --show-toplevel [4ms]
2026-06-28 01:14:24.905 [info] > git config --get commit.template [9ms]
2026-06-28 01:14:24.905 [info] > git for-each-ref --format=%(refname)%00%(upstream:short)%00%(objectname)%00%(upstream:track)%00%(upstream:remotename)%00%(upstream:remoteref) refs/heads/main refs/remotes/main [35ms]
2026-06-28 01:14:24.905 [warning] [Git][revParse] Unable to read file: ENOENT: no such file or directory, open '/home/ladybug-me/caelestia-dots-kde/.git/refs/remotes/origin/main'
2026-06-28 01:14:24.905 [info] > git rev-parse --show-toplevel [77ms]
2026-06-28 01:14:24.912 [info] > git rev-parse refs/remotes/origin/main [54ms]
2026-06-28 01:14:24.927 [info] > git for-each-ref --sort -committerdate --format %(refname)%00%(objectname)%00%(*objectname) [6ms]
2026-06-28 01:14:24.928 [info] > git rev-parse --show-toplevel [18ms]
2026-06-28 01:14:25.291 [info] > git rev-parse --show-toplevel [355ms]
2026-06-28 01:14:25.311 [info] > git status -z -uall [396ms]
2026-06-28 01:14:25.311 [info] > git rev-parse --show-toplevel [6ms]
2026-06-28 01:14:25.429 [info] > git for-each-ref --format=%(refname)%00%(upstream:short)%00%(objectname)%00%(upstream:track)%00%(upstream:remotename)%00%(upstream:remoteref) refs/heads/main refs/remotes/main [7ms]
2026-06-28 01:14:25.435 [info] > git rev-parse --show-toplevel [119ms]
2026-06-28 01:14:25.459 [info] > git check-ignore -v -z --stdin [18ms]
2026-06-28 01:14:25.461 [info] > git config --get --local branch.main.vscode-merge-base [26ms]
2026-06-28 01:14:25.468 [info] > git config --get commit.template [40ms]
2026-06-28 01:14:25.831 [info] > git for-each-ref --format=%(refname)%00%(upstream:short)%00%(objectname)%00%(upstream:track)%00%(upstream:remotename)%00%(upstream:remoteref) refs/heads/origin/main refs/remotes/origin/main [363ms]
2026-06-28 01:14:25.835 [info] > git rev-parse --show-toplevel [385ms]
2026-06-28 01:14:25.853 [info] > git merge-base refs/heads/main refs/remotes/origin/main [17ms]
2026-06-28 01:14:25.857 [info] > git rev-parse --git-dir --git-common-dir --show-superproject-working-tree [5ms]
2026-06-28 01:14:25.864 [info] [Model][openRepository] Opened repository (path): /home/ladybug-me/caelestia-dots-kde/shell-new
2026-06-28 01:14:25.864 [info] [Model][openRepository] Opened repository (real path): /home/ladybug-me/caelestia-dots-kde/shell-new
2026-06-28 01:14:25.864 [info] [Model][openRepository] Opened repository (kind): repository
2026-06-28 01:14:25.864 [info] > git for-each-ref --format=%(refname)%00%(upstream:short)%00%(objectname)%00%(upstream:track)%00%(upstream:remotename)%00%(upstream:remoteref) refs/heads/main refs/remotes/main [16ms]
2026-06-28 01:14:25.872 [warning] [Git][revParse] Unable to read file: ENOENT: no such file or directory, open '/home/ladybug-me/caelestia-dots-kde/.git/refs/remotes/origin/main'
2026-06-28 01:14:25.872 [info] > git diff --name-status -z --diff-filter=ADMR --find-renames=50% 7c3fe8902858fe57c8d188e3dc1d69fe73bb2cb4...refs/remotes/origin/main -- [15ms]
2026-06-28 01:14:25.880 [info] > git rev-parse refs/remotes/origin/main [8ms]
2026-06-28 01:14:25.887 [info] > git rev-parse --show-toplevel [17ms]
2026-06-28 01:14:25.887 [info] > git config --get commit.template [20ms]
2026-06-28 01:14:25.891 [info] > git for-each-ref --sort -committerdate --format %(refname)%00%(objectname)%00%(*objectname) [4ms]
2026-06-28 01:14:25.894 [info] > git rev-parse --show-toplevel [3ms]
2026-06-28 01:14:25.897 [info] [Model][doInitialScan] Initial repository scan completed - repositories (2), closed repositories (0), parent repositories (0), unsafe repositories (0)
2026-06-28 01:14:25.902 [info] > git rev-parse --show-toplevel [1ms]
2026-06-28 01:14:25.908 [info] > git status -z -uall [24ms]
2026-06-28 01:14:25.908 [info] > git rev-parse --git-dir --git-common-dir --show-superproject-working-tree [3ms]
2026-06-28 01:14:25.917 [info] [Model][openRepository] Opened repository (path): /home/ladybug-me/caelestia-dots-kde/shell/plugin/src/QMLTermWidget
2026-06-28 01:14:25.917 [info] [Model][openRepository] Opened repository (real path): /home/ladybug-me/caelestia-dots-kde/shell/plugin/src/QMLTermWidget
2026-06-28 01:14:25.917 [info] [Model][openRepository] Opened repository (kind): submodule
2026-06-28 01:14:25.969 [info] > git config --get commit.template [6ms]
2026-06-28 01:14:26.012 [info] > git for-each-ref --format=%(refname)%00%(upstream:short)%00%(objectname)%00%(upstream:track)%00%(upstream:remotename)%00%(upstream:remoteref) refs/heads/main refs/remotes/main [118ms]
2026-06-28 01:14:26.012 [info] > git for-each-ref --format=%(refname)%00%(upstream:short)%00%(objectname)%00%(upstream:track)%00%(upstream:remotename)%00%(upstream:remoteref) refs/heads/master refs/remotes/master [39ms]
2026-06-28 01:14:26.029 [warning] [Git][revParse] Unable to read file: ENOENT: no such file or directory, open '/home/ladybug-me/caelestia-dots-kde/shell-new/.git/refs/remotes/origin/main'
2026-06-28 01:14:26.032 [warning] [Git][revParse] Unable to read file: ENOENT: no such file or directory, open '/home/ladybug-me/caelestia-dots-kde/.git/modules/shell/plugin/src/QMLTermWidget/refs/remotes/origin/master'
2026-06-28 01:14:26.265 [info] > git rev-parse refs/remotes/origin/master [233ms]
2026-06-28 01:14:26.273 [info] > git rev-parse refs/remotes/origin/main [245ms]
2026-06-28 01:14:26.282 [info] > git status -z -uall [13ms]
2026-06-28 01:14:26.282 [info] > git for-each-ref --sort -committerdate --format %(refname)%00%(objectname)%00%(*objectname) [9ms]
2026-06-28 01:14:26.301 [info] > git for-each-ref --format=%(refname)%00%(upstream:short)%00%(objectname)%00%(upstream:track)%00%(upstream:remotename)%00%(upstream:remoteref) refs/heads/master refs/remotes/master [8ms]
2026-06-28 01:14:26.305 [info] > git config --get commit.template [7ms]
2026-06-28 01:14:26.306 [info] > git config --get --local branch.master.vscode-merge-base [2ms]
2026-06-28 01:14:26.315 [info] > git for-each-ref --format=%(refname)%00%(upstream:short)%00%(objectname)%00%(upstream:track)%00%(upstream:remotename)%00%(upstream:remoteref) refs/heads/origin/master refs/remotes/origin/master [5ms]
2026-06-28 01:14:26.320 [info] > git for-each-ref --format=%(refname)%00%(upstream:short)%00%(objectname)%00%(upstream:track)%00%(upstream:remotename)%00%(upstream:remoteref) refs/heads/master refs/remotes/master [6ms]
2026-06-28 01:14:26.323 [warning] [Git][revParse] Unable to read file: ENOENT: no such file or directory, open '/home/ladybug-me/caelestia-dots-kde/.git/modules/shell/plugin/src/QMLTermWidget/refs/remotes/origin/master'
2026-06-28 01:14:26.323 [info] > git merge-base refs/heads/master refs/remotes/origin/master [4ms]
2026-06-28 01:14:26.328 [info] > git rev-parse refs/remotes/origin/master [5ms]
2026-06-28 01:14:26.337 [info] > git status -z -uall [6ms]
2026-06-28 01:14:26.337 [info] > git diff --name-status -z --diff-filter=ADMR --find-renames=50% 8913504fa2ebd220ebe7c680c32954e1b3c035c5...refs/remotes/origin/master -- [10ms]
2026-06-28 01:14:26.338 [info] > git for-each-ref --sort -committerdate --format %(refname)%00%(objectname)%00%(*objectname) [2ms]
2026-06-28 01:14:26.361 [info] > git for-each-ref --sort -committerdate --format %(refname)%00%(objectname)%00%(*objectname) [80ms]
2026-06-28 01:14:26.414 [info] > git check-ignore -v -z --stdin [2ms]
2026-06-28 01:14:27.015 [info] > git status -z -uall [738ms]
2026-06-28 01:14:27.044 [info] > git for-each-ref --format=%(refname)%00%(upstream:short)%00%(objectname)%00%(upstream:track)%00%(upstream:remotename)%00%(upstream:remoteref) refs/heads/main refs/remotes/main [18ms]
2026-06-28 01:14:27.053 [info] > git config --get --local branch.main.vscode-merge-base [3ms]
2026-06-28 01:14:27.057 [info] > git config --get commit.template [15ms]
2026-06-28 01:14:27.058 [info] > git for-each-ref --format=%(refname)%00%(upstream:short)%00%(objectname)%00%(upstream:track)%00%(upstream:remotename)%00%(upstream:remoteref) refs/heads/origin/main refs/remotes/origin/main [1ms]
2026-06-28 01:14:27.067 [info] > git merge-base refs/heads/main refs/remotes/origin/main [4ms]
2026-06-28 01:14:27.072 [info] > git for-each-ref --format=%(refname)%00%(upstream:short)%00%(objectname)%00%(upstream:track)%00%(upstream:remotename)%00%(upstream:remoteref) refs/heads/main refs/remotes/main [5ms]
2026-06-28 01:14:27.076 [warning] [Git][revParse] Unable to read file: ENOENT: no such file or directory, open '/home/ladybug-me/caelestia-dots-kde/shell-new/.git/refs/remotes/origin/main'
2026-06-28 01:14:27.077 [info] > git diff --name-status -z --diff-filter=ADMR --find-renames=50% b9fac609e0064b4691734845dbea76dff2a13491...refs/remotes/origin/main -- [5ms]
2026-06-28 01:14:27.077 [info] > git rev-parse refs/remotes/origin/main [1ms]
2026-06-28 01:14:27.087 [info] > git for-each-ref --sort -committerdate --format %(refname)%00%(objectname)%00%(*objectname) [1ms]
2026-06-28 01:14:27.224 [info] > git status -z -uall [143ms]
2026-06-28 01:14:31.968 [info] > git check-ignore -v -z --stdin [2ms]
2026-06-28 01:14:43.948 [info] > git check-ignore -v -z --stdin [7ms]
2026-06-28 01:14:43.948 [info] > git check-ignore -v -z --stdin [2ms]
2026-06-28 01:14:45.787 [info] > git check-ignore -v -z --stdin [3ms]
2026-06-28 01:14:51.748 [warning] [Git][getRemotes] Error: ENOENT: no such file or directory, open '/home/ladybug-me/caelestia-dots-kde/shell-new/.git/config'
2026-06-28 01:14:51.759 [warning] [Git][getHEAD] Failed to parse HEAD file: ENOENT: no such file or directory, open '/home/ladybug-me/caelestia-dots-kde/shell-new/.git/HEAD'
2026-06-28 01:14:51.771 [warning] [Git][getHEAD] Failed to parse HEAD file: ENOENT: no such file or directory, open '/home/ladybug-me/caelestia-dots-kde/shell-new/.git/HEAD'
2026-06-28 01:14:51.777 [warning] [Git][getRemotes] Error: ENOENT: no such file or directory, open '/home/ladybug-me/caelestia-dots-kde/shell-new/.git/config'
2026-06-28 01:14:51.780 [info] > git config --get commit.template [38ms]
2026-06-28 01:14:51.784 [info] > git for-each-ref --format=%(refname)%00%(upstream:short)%00%(objectname)%00%(upstream:track)%00%(upstream:remotename)%00%(upstream:remoteref) refs/heads/main refs/remotes/main [1ms]
2026-06-28 01:14:51.788 [warning] [Git][revParse] Unable to read file: ENOENT: no such file or directory, open '/home/ladybug-me/caelestia-dots-kde/.git/refs/remotes/origin/main'
2026-06-28 01:14:51.788 [info] > git rev-parse refs/remotes/origin/main [1ms]
2026-06-28 01:14:51.796 [info] > git for-each-ref --sort -committerdate --format %(refname)%00%(objectname)%00%(*objectname) [1ms]
2026-06-28 01:14:51.808 [info] > git status -z -uall [17ms]
2026-06-28 01:14:52.377 [info] > git check-ignore -v -z --stdin [2ms]
2026-06-28 01:14:53.177 [info] > git check-ignore -v -z --stdin [2ms]
2026-06-28 01:14:56.857 [info] > git config --get commit.template [5ms]
2026-06-28 01:14:56.858 [info] > git for-each-ref --format=%(refname)%00%(upstream:short)%00%(objectname)%00%(upstream:track)%00%(upstream:remotename)%00%(upstream:remoteref) refs/heads/main refs/remotes/main [2ms]
2026-06-28 01:14:56.862 [warning] [Git][revParse] Unable to read file: ENOENT: no such file or directory, open '/home/ladybug-me/caelestia-dots-kde/.git/refs/remotes/origin/main'
2026-06-28 01:14:56.863 [info] > git rev-parse refs/remotes/origin/main [1ms]
2026-06-28 01:14:56.870 [info] > git for-each-ref --sort -committerdate --format %(refname)%00%(objectname)%00%(*objectname) [1ms]
2026-06-28 01:14:56.880 [info] > git status -z -uall [14ms]
2026-06-28 01:14:57.903 [info] > git check-ignore -v -z --stdin [3ms]
2026-06-28 01:15:01.924 [info] > git config --get commit.template [2ms]
2026-06-28 01:15:01.934 [info] > git for-each-ref --format=%(refname)%00%(upstream:short)%00%(objectname)%00%(upstream:track)%00%(upstream:remotename)%00%(upstream:remoteref) refs/heads/main refs/remotes/main [2ms]
2026-06-28 01:15:01.941 [warning] [Git][revParse] Unable to read file: ENOENT: no such file or directory, open '/home/ladybug-me/caelestia-dots-kde/.git/refs/remotes/origin/main'
2026-06-28 01:15:01.943 [info] > git rev-parse refs/remotes/origin/main [2ms]
2026-06-28 01:15:01.950 [info] > git for-each-ref --sort -committerdate --format %(refname)%00%(objectname)%00%(*objectname) [1ms]
2026-06-28 01:15:01.951 [info] > git status -z -uall [5ms]
2026-06-28 01:15:05.598 [info] > git check-ignore -v -z --stdin [0ms]
2026-06-28 01:15:50.641 [info] > git config --get commit.template [1ms]
2026-06-28 01:15:50.645 [info] > git for-each-ref --format=%(refname)%00%(upstream:short)%00%(objectname)%00%(upstream:track)%00%(upstream:remotename)%00%(upstream:remoteref) refs/heads/main refs/remotes/main [0ms]
2026-06-28 01:15:50.648 [warning] [Git][revParse] Unable to read file: ENOENT: no such file or directory, open '/home/ladybug-me/caelestia-dots-kde/.git/refs/remotes/origin/main'
2026-06-28 01:15:50.649 [info] > git rev-parse refs/remotes/origin/main [1ms]
2026-06-28 01:15:50.656 [info] > git for-each-ref --sort -committerdate --format %(refname)%00%(objectname)%00%(*objectname) [1ms]
2026-06-28 01:15:50.670 [info] > git status -z -uall [18ms]
2026-06-28 01:15:55.767 [info] > git config --get commit.template [32ms]
2026-06-28 01:15:55.794 [info] > git for-each-ref --format=%(refname)%00%(upstream:short)%00%(objectname)%00%(upstream:track)%00%(upstream:remotename)%00%(upstream:remoteref) refs/heads/main refs/remotes/main [30ms]
2026-06-28 01:15:55.819 [warning] [Git][revParse] Unable to read file: ENOENT: no such file or directory, open '/home/ladybug-me/caelestia-dots-kde/.git/refs/remotes/origin/main'
2026-06-28 01:15:55.830 [info] > git rev-parse refs/remotes/origin/main [10ms]
2026-06-28 01:15:55.889 [info] > git for-each-ref --sort -committerdate --format %(refname)%00%(objectname)%00%(*objectname) [4ms]
2026-06-28 01:15:56.241 [info] > git status -z -uall [386ms]
2026-06-28 01:16:02.882 [info] > git config --get commit.template [14ms]
2026-06-28 01:16:02.900 [info] > git for-each-ref --format=%(refname)%00%(upstream:short)%00%(objectname)%00%(upstream:track)%00%(upstream:remotename)%00%(upstream:remoteref) refs/heads/main refs/remotes/main [22ms]
2026-06-28 01:16:02.905 [warning] [Git][revParse] Unable to read file: ENOENT: no such file or directory, open '/home/ladybug-me/caelestia-dots-kde/.git/refs/remotes/origin/main'
2026-06-28 01:16:02.910 [info] > git rev-parse refs/remotes/origin/main [5ms]
2026-06-28 01:16:02.946 [info] > git for-each-ref --sort -committerdate --format %(refname)%00%(objectname)%00%(*objectname) [16ms]
2026-06-28 01:16:03.226 [info] > git status -z -uall [309ms]
2026-06-28 01:16:08.375 [info] > git config --get commit.template [20ms]
2026-06-28 01:16:08.388 [info] > git for-each-ref --format=%(refname)%00%(upstream:short)%00%(objectname)%00%(upstream:track)%00%(upstream:remotename)%00%(upstream:remoteref) refs/heads/main refs/remotes/main [18ms]
2026-06-28 01:16:08.409 [warning] [Git][revParse] Unable to read file: ENOENT: no such file or directory, open '/home/ladybug-me/caelestia-dots-kde/.git/refs/remotes/origin/main'
2026-06-28 01:16:08.416 [info] > git rev-parse refs/remotes/origin/main [6ms]
2026-06-28 01:16:08.458 [info] > git for-each-ref --sort -committerdate --format %(refname)%00%(objectname)%00%(*objectname) [6ms]
2026-06-28 01:16:08.589 [info] > git status -z -uall [156ms]
2026-06-28 01:16:13.888 [info] > git config --get commit.template [14ms]
2026-06-28 01:16:13.900 [info] > git for-each-ref --format=%(refname)%00%(upstream:short)%00%(objectname)%00%(upstream:track)%00%(upstream:remotename)%00%(upstream:remoteref) refs/heads/main refs/remotes/main [13ms]
2026-06-28 01:16:13.913 [warning] [Git][revParse] Unable to read file: ENOENT: no such file or directory, open '/home/ladybug-me/caelestia-dots-kde/.git/refs/remotes/origin/main'
2026-06-28 01:16:13.918 [info] > git rev-parse refs/remotes/origin/main [5ms]
2026-06-28 01:16:13.961 [info] > git for-each-ref --sort -committerdate --format %(refname)%00%(objectname)%00%(*objectname) [7ms]
2026-06-28 01:16:14.039 [info] > git status -z -uall [105ms]
2026-06-28 01:16:19.235 [info] > git config --get commit.template [1ms]
2026-06-28 01:16:19.257 [info] > git for-each-ref --format=%(refname)%00%(upstream:short)%00%(objectname)%00%(upstream:track)%00%(upstream:remotename)%00%(upstream:remoteref) refs/heads/main refs/remotes/main [7ms]
2026-06-28 01:16:19.271 [warning] [Git][revParse] Unable to read file: ENOENT: no such file or directory, open '/home/ladybug-me/caelestia-dots-kde/.git/refs/remotes/origin/main'
2026-06-28 01:16:19.276 [info] > git rev-parse refs/remotes/origin/main [6ms]
2026-06-28 01:16:19.327 [info] > git for-each-ref --sort -committerdate --format %(refname)%00%(objectname)%00%(*objectname) [17ms]
2026-06-28 01:16:19.414 [info] > git status -z -uall [125ms]
2026-06-28 01:16:48.084 [info] > git config --get commit.template [10ms]
2026-06-28 01:16:48.088 [info] > git for-each-ref --format=%(refname)%00%(upstream:short)%00%(objectname)%00%(upstream:track)%00%(upstream:remotename)%00%(upstream:remoteref) refs/heads/main refs/remotes/main [5ms]
2026-06-28 01:16:48.092 [warning] [Git][revParse] Unable to read file: ENOENT: no such file or directory, open '/home/ladybug-me/caelestia-dots-kde/.git/refs/remotes/origin/main'
2026-06-28 01:16:48.101 [info] > git rev-parse refs/remotes/origin/main [9ms]
2026-06-28 01:16:48.112 [info] > git for-each-ref --sort -committerdate --format %(refname)%00%(objectname)%00%(*objectname) [2ms]
2026-06-28 01:16:48.313 [info] > git status -z -uall [207ms]
2026-06-28 01:16:53.361 [info] > git config --get commit.template [1ms]
2026-06-28 01:16:53.367 [info] > git for-each-ref --format=%(refname)%00%(upstream:short)%00%(objectname)%00%(upstream:track)%00%(upstream:remotename)%00%(upstream:remoteref) refs/heads/main refs/remotes/main [1ms]
2026-06-28 01:16:53.373 [warning] [Git][revParse] Unable to read file: ENOENT: no such file or directory, open '/home/ladybug-me/caelestia-dots-kde/.git/refs/remotes/origin/main'
2026-06-28 01:16:53.374 [info] > git rev-parse refs/remotes/origin/main [1ms]
2026-06-28 01:16:53.381 [info] > git for-each-ref --sort -committerdate --format %(refname)%00%(objectname)%00%(*objectname) [1ms]
2026-06-28 01:16:53.391 [info] > git status -z -uall [14ms]
