2026-06-27 23:41:59.040 [info] [main] Log level: Info
2026-06-27 23:41:59.040 [info] [main] Validating found git in: "git"
2026-06-27 23:41:59.040 [info] [main] Using git "2.54.0" from "git"
2026-06-27 23:41:59.040 [info] [Model][doInitialScan] Initial repository scan started
2026-06-27 23:41:59.040 [info] > git rev-parse --show-toplevel [6ms]
2026-06-27 23:41:59.040 [info] > git rev-parse --git-dir --git-common-dir --show-superproject-working-tree [13ms]
2026-06-27 23:41:59.040 [info] [Model][openRepository] Opened repository (path): /home/ladybug-me/caelestia-dots-kde
2026-06-27 23:41:59.040 [info] [Model][openRepository] Opened repository (real path): /home/ladybug-me/caelestia-dots-kde
2026-06-27 23:41:59.040 [info] [Model][openRepository] Opened repository (kind): repository
2026-06-27 23:41:59.040 [info] > git rev-parse --show-toplevel [2ms]
2026-06-27 23:41:59.040 [info] > git config --get commit.template [4ms]
2026-06-27 23:41:59.040 [info] > git for-each-ref --format=%(refname)%00%(upstream:short)%00%(objectname)%00%(upstream:track)%00%(upstream:remotename)%00%(upstream:remoteref) refs/heads/main refs/remotes/main [64ms]
2026-06-27 23:41:59.040 [info] > git rev-parse --show-toplevel [68ms]
2026-06-27 23:41:59.040 [warning] [Git][revParse] Unable to read file: ENOENT: no such file or directory, open '/home/ladybug-me/caelestia-dots-kde/.git/refs/remotes/origin/main'
2026-06-27 23:41:59.041 [info] > git rev-parse --show-toplevel [2ms]
2026-06-27 23:41:59.041 [info] > git rev-parse refs/remotes/origin/main [6ms]
2026-06-27 23:41:59.235 [info] > git for-each-ref --sort -committerdate --format %(refname)%00%(objectname)%00%(*objectname) [188ms]
2026-06-27 23:41:59.238 [info] > git rev-parse --show-toplevel [187ms]
2026-06-27 23:41:59.244 [info] > git rev-parse --show-toplevel [2ms]
2026-06-27 23:41:59.256 [info] > git rev-parse --show-toplevel [9ms]
2026-06-27 23:41:59.261 [info] > git status -z -uall [217ms]
2026-06-27 23:41:59.339 [info] > git for-each-ref --format=%(refname)%00%(upstream:short)%00%(objectname)%00%(upstream:track)%00%(upstream:remotename)%00%(upstream:remoteref) refs/heads/main refs/remotes/main [4ms]
2026-06-27 23:41:59.342 [info] > git rev-parse --git-dir --git-common-dir --show-superproject-working-tree [82ms]
2026-06-27 23:41:59.345 [info] [Model][openRepository] Opened repository (path): /home/ladybug-me/caelestia-dots-kde/shell-new
2026-06-27 23:41:59.345 [info] [Model][openRepository] Opened repository (real path): /home/ladybug-me/caelestia-dots-kde/shell-new
2026-06-27 23:41:59.345 [info] [Model][openRepository] Opened repository (kind): repository
2026-06-27 23:41:59.353 [info] > git config --get --local branch.main.vscode-merge-base [11ms]
2026-06-27 23:41:59.356 [info] > git config --get commit.template [17ms]
2026-06-27 23:41:59.358 [info] > git for-each-ref --format=%(refname)%00%(upstream:short)%00%(objectname)%00%(upstream:track)%00%(upstream:remotename)%00%(upstream:remoteref) refs/heads/origin/main refs/remotes/origin/main [2ms]
2026-06-27 23:41:59.362 [info] > git rev-parse --show-toplevel [10ms]
2026-06-27 23:41:59.362 [info] > git config --get commit.template [12ms]
2026-06-27 23:41:59.367 [info] > git merge-base refs/heads/main refs/remotes/origin/main [6ms]
2026-06-27 23:41:59.373 [info] > git rev-parse --show-toplevel [6ms]
2026-06-27 23:41:59.375 [info] [Model][doInitialScan] Initial repository scan completed - repositories (2), closed repositories (0), parent repositories (0), unsafe repositories (0)
2026-06-27 23:41:59.375 [info] > git for-each-ref --format=%(refname)%00%(upstream:short)%00%(objectname)%00%(upstream:track)%00%(upstream:remotename)%00%(upstream:remoteref) refs/heads/main refs/remotes/main [10ms]
2026-06-27 23:41:59.378 [warning] [Git][revParse] Unable to read file: ENOENT: no such file or directory, open '/home/ladybug-me/caelestia-dots-kde/.git/refs/remotes/origin/main'
2026-06-27 23:41:59.378 [info] > git diff --name-status -z --diff-filter=ADMR --find-renames=50% 7c3fe8902858fe57c8d188e3dc1d69fe73bb2cb4...refs/remotes/origin/main -- [8ms]
2026-06-27 23:41:59.674 [info] > git rev-parse refs/remotes/origin/main [297ms]
2026-06-27 23:41:59.678 [info] > git for-each-ref --format=%(refname)%00%(upstream:short)%00%(objectname)%00%(upstream:track)%00%(upstream:remotename)%00%(upstream:remoteref) refs/heads/main refs/remotes/main [306ms]
2026-06-27 23:41:59.694 [warning] [Git][revParse] Unable to read file: ENOENT: no such file or directory, open '/home/ladybug-me/caelestia-dots-kde/shell-new/.git/refs/remotes/origin/main'
2026-06-27 23:41:59.696 [info] > git check-ignore -v -z --stdin [14ms]
2026-06-27 23:41:59.696 [info] > git for-each-ref --sort -committerdate --format %(refname)%00%(objectname)%00%(*objectname) [18ms]
2026-06-27 23:41:59.697 [info] > git rev-parse refs/remotes/origin/main [3ms]
2026-06-27 23:41:59.704 [info] > git status -z -uall [28ms]
2026-06-27 23:41:59.747 [info] > git for-each-ref --sort -committerdate --format %(refname)%00%(objectname)%00%(*objectname) [45ms]
2026-06-27 23:42:00.181 [info] > git status -z -uall [482ms]
2026-06-27 23:42:00.198 [info] > git check-ignore -v -z --stdin [9ms]
2026-06-27 23:42:00.198 [info] > git for-each-ref --format=%(refname)%00%(upstream:short)%00%(objectname)%00%(upstream:track)%00%(upstream:remotename)%00%(upstream:remoteref) refs/heads/main refs/remotes/main [13ms]
2026-06-27 23:42:00.206 [info] > git config --get --local branch.main.vscode-merge-base [5ms]
2026-06-27 23:42:00.209 [info] > git config --get commit.template [11ms]
2026-06-27 23:42:00.210 [info] > git for-each-ref --format=%(refname)%00%(upstream:short)%00%(objectname)%00%(upstream:track)%00%(upstream:remotename)%00%(upstream:remoteref) refs/heads/origin/main refs/remotes/origin/main [1ms]
2026-06-27 23:42:00.222 [info] > git rev-parse --show-toplevel [2ms]
2026-06-27 23:42:00.222 [info] > git for-each-ref --format=%(refname)%00%(upstream:short)%00%(objectname)%00%(upstream:track)%00%(upstream:remotename)%00%(upstream:remoteref) refs/heads/main refs/remotes/main [5ms]
2026-06-27 23:42:00.222 [info] > git merge-base refs/heads/main refs/remotes/origin/main [8ms]
2026-06-27 23:42:00.230 [warning] [Git][revParse] Unable to read file: ENOENT: no such file or directory, open '/home/ladybug-me/caelestia-dots-kde/shell-new/.git/refs/remotes/origin/main'
2026-06-27 23:42:00.238 [info] > git rev-parse refs/remotes/origin/main [8ms]
2026-06-27 23:42:00.243 [info] > git rev-parse --git-dir --git-common-dir --show-superproject-working-tree [15ms]
2026-06-27 23:42:00.246 [info] [Model][openRepository] Opened repository (path): /home/ladybug-me/caelestia-dots-kde/shell/plugin/src/QMLTermWidget
2026-06-27 23:42:00.246 [info] [Model][openRepository] Opened repository (real path): /home/ladybug-me/caelestia-dots-kde/shell/plugin/src/QMLTermWidget
2026-06-27 23:42:00.246 [info] [Model][openRepository] Opened repository (kind): submodule
2026-06-27 23:42:00.248 [info] > git diff --name-status -z --diff-filter=ADMR --find-renames=50% b9fac609e0064b4691734845dbea76dff2a13491...refs/remotes/origin/main -- [24ms]
2026-06-27 23:42:00.251 [info] > git for-each-ref --sort -committerdate --format %(refname)%00%(objectname)%00%(*objectname) [8ms]
2026-06-27 23:42:00.252 [info] > git config --get commit.template [1ms]
2026-06-27 23:42:00.255 [info] > git for-each-ref --format=%(refname)%00%(upstream:short)%00%(objectname)%00%(upstream:track)%00%(upstream:remotename)%00%(upstream:remoteref) refs/heads/master refs/remotes/master [1ms]
2026-06-27 23:42:00.257 [warning] [Git][revParse] Unable to read file: ENOENT: no such file or directory, open '/home/ladybug-me/caelestia-dots-kde/.git/modules/shell/plugin/src/QMLTermWidget/refs/remotes/origin/master'
2026-06-27 23:42:00.258 [info] > git rev-parse refs/remotes/origin/master [1ms]
2026-06-27 23:42:00.264 [info] > git status -z -uall [3ms]
2026-06-27 23:42:00.266 [info] > git for-each-ref --sort -committerdate --format %(refname)%00%(objectname)%00%(*objectname) [2ms]
2026-06-27 23:42:00.276 [info] > git for-each-ref --format=%(refname)%00%(upstream:short)%00%(objectname)%00%(upstream:track)%00%(upstream:remotename)%00%(upstream:remoteref) refs/heads/master refs/remotes/master [6ms]
2026-06-27 23:42:00.279 [info] > git config --get commit.template [4ms]
2026-06-27 23:42:00.281 [info] > git config --get --local branch.master.vscode-merge-base [3ms]
2026-06-27 23:42:00.288 [info] > git for-each-ref --format=%(refname)%00%(upstream:short)%00%(objectname)%00%(upstream:track)%00%(upstream:remotename)%00%(upstream:remoteref) refs/heads/origin/master refs/remotes/origin/master [4ms]
2026-06-27 23:42:00.293 [info] > git for-each-ref --format=%(refname)%00%(upstream:short)%00%(objectname)%00%(upstream:track)%00%(upstream:remotename)%00%(upstream:remoteref) refs/heads/master refs/remotes/master [6ms]
2026-06-27 23:42:00.296 [warning] [Git][revParse] Unable to read file: ENOENT: no such file or directory, open '/home/ladybug-me/caelestia-dots-kde/.git/modules/shell/plugin/src/QMLTermWidget/refs/remotes/origin/master'
2026-06-27 23:42:00.296 [info] > git merge-base refs/heads/master refs/remotes/origin/master [5ms]
2026-06-27 23:42:00.299 [info] > git rev-parse refs/remotes/origin/master [3ms]
2026-06-27 23:42:00.305 [info] > git status -z -uall [4ms]
2026-06-27 23:42:00.305 [info] > git diff --name-status -z --diff-filter=ADMR --find-renames=50% 8913504fa2ebd220ebe7c680c32954e1b3c035c5...refs/remotes/origin/master -- [7ms]
2026-06-27 23:42:00.305 [info] > git for-each-ref --sort -committerdate --format %(refname)%00%(objectname)%00%(*objectname) [1ms]
2026-06-27 23:42:00.386 [info] > git status -z -uall [145ms]
2026-06-27 23:42:00.785 [info] > git check-ignore -v -z --stdin [1ms]
2026-06-27 23:42:16.375 [info] > git check-ignore -v -z --stdin [2ms]
2026-06-27 23:42:16.877 [info] > git config --get commit.template [4ms]
2026-06-27 23:42:16.877 [info] > git for-each-ref --format=%(refname)%00%(upstream:short)%00%(objectname)%00%(upstream:track)%00%(upstream:remotename)%00%(upstream:remoteref) refs/heads/main refs/remotes/main [1ms]
2026-06-27 23:42:16.881 [warning] [Git][revParse] Unable to read file: ENOENT: no such file or directory, open '/home/ladybug-me/caelestia-dots-kde/.git/refs/remotes/origin/main'
2026-06-27 23:42:16.882 [info] > git rev-parse refs/remotes/origin/main [1ms]
2026-06-27 23:42:16.887 [info] > git for-each-ref --sort -committerdate --format %(refname)%00%(objectname)%00%(*objectname) [0ms]
2026-06-27 23:42:16.905 [info] > git status -z -uall [21ms]
2026-06-27 23:42:23.853 [info] > git check-ignore -v -z --stdin [1ms]
2026-06-27 23:42:24.366 [info] > git config --get commit.template [5ms]
2026-06-27 23:42:24.366 [info] > git for-each-ref --format=%(refname)%00%(upstream:short)%00%(objectname)%00%(upstream:track)%00%(upstream:remotename)%00%(upstream:remoteref) refs/heads/main refs/remotes/main [1ms]
2026-06-27 23:42:24.370 [warning] [Git][revParse] Unable to read file: ENOENT: no such file or directory, open '/home/ladybug-me/caelestia-dots-kde/.git/refs/remotes/origin/main'
2026-06-27 23:42:24.370 [info] > git rev-parse refs/remotes/origin/main [0ms]
2026-06-27 23:42:24.380 [info] > git for-each-ref --sort -committerdate --format %(refname)%00%(objectname)%00%(*objectname) [1ms]
2026-06-27 23:42:24.398 [info] > git status -z -uall [24ms]
2026-06-27 23:42:41.772 [info] > git config --get commit.template [0ms]
2026-06-27 23:42:41.776 [info] > git for-each-ref --format=%(refname)%00%(upstream:short)%00%(objectname)%00%(upstream:track)%00%(upstream:remotename)%00%(upstream:remoteref) refs/heads/main refs/remotes/main [1ms]
2026-06-27 23:42:41.779 [warning] [Git][revParse] Unable to read file: ENOENT: no such file or directory, open '/home/ladybug-me/caelestia-dots-kde/.git/refs/remotes/origin/main'
2026-06-27 23:42:41.780 [info] > git rev-parse refs/remotes/origin/main [0ms]
2026-06-27 23:42:41.786 [info] > git for-each-ref --sort -committerdate --format %(refname)%00%(objectname)%00%(*objectname) [1ms]
2026-06-27 23:42:41.809 [info] > git status -z -uall [26ms]
2026-06-27 23:43:00.544 [info] > git config --get commit.template [1ms]
2026-06-27 23:43:00.549 [info] > git for-each-ref --format=%(refname)%00%(upstream:short)%00%(objectname)%00%(upstream:track)%00%(upstream:remotename)%00%(upstream:remoteref) refs/heads/main refs/remotes/main [1ms]
2026-06-27 23:43:00.552 [warning] [Git][revParse] Unable to read file: ENOENT: no such file or directory, open '/home/ladybug-me/caelestia-dots-kde/.git/refs/remotes/origin/main'
2026-06-27 23:43:00.553 [info] > git rev-parse refs/remotes/origin/main [1ms]
2026-06-27 23:43:00.559 [info] > git for-each-ref --sort -committerdate --format %(refname)%00%(objectname)%00%(*objectname) [1ms]
2026-06-27 23:43:00.577 [info] > git status -z -uall [21ms]
2026-06-27 23:43:05.631 [info] > git config --get commit.template [11ms]
2026-06-27 23:43:05.632 [info] > git for-each-ref --format=%(refname)%00%(upstream:short)%00%(objectname)%00%(upstream:track)%00%(upstream:remotename)%00%(upstream:remoteref) refs/heads/main refs/remotes/main [2ms]
2026-06-27 23:43:05.640 [warning] [Git][revParse] Unable to read file: ENOENT: no such file or directory, open '/home/ladybug-me/caelestia-dots-kde/.git/refs/remotes/origin/main'
2026-06-27 23:43:05.645 [info] > git rev-parse refs/remotes/origin/main [5ms]
2026-06-27 23:43:05.667 [info] > git for-each-ref --sort -committerdate --format %(refname)%00%(objectname)%00%(*objectname) [4ms]
2026-06-27 23:43:05.753 [info] > git status -z -uall [99ms]
2026-06-27 23:43:10.888 [info] > git config --get commit.template [1ms]
2026-06-27 23:43:10.893 [info] > git for-each-ref --format=%(refname)%00%(upstream:short)%00%(objectname)%00%(upstream:track)%00%(upstream:remotename)%00%(upstream:remoteref) refs/heads/main refs/remotes/main [2ms]
2026-06-27 23:43:10.897 [warning] [Git][revParse] Unable to read file: ENOENT: no such file or directory, open '/home/ladybug-me/caelestia-dots-kde/.git/refs/remotes/origin/main'
2026-06-27 23:43:10.898 [info] > git rev-parse refs/remotes/origin/main [1ms]
2026-06-27 23:43:10.910 [info] > git for-each-ref --sort -committerdate --format %(refname)%00%(objectname)%00%(*objectname) [4ms]
2026-06-27 23:43:10.935 [info] > git status -z -uall [33ms]
2026-06-27 23:43:16.070 [info] > git config --get commit.template [2ms]
2026-06-27 23:43:16.085 [info] > git for-each-ref --format=%(refname)%00%(upstream:short)%00%(objectname)%00%(upstream:track)%00%(upstream:remotename)%00%(upstream:remoteref) refs/heads/main refs/remotes/main [5ms]
2026-06-27 23:43:16.093 [warning] [Git][revParse] Unable to read file: ENOENT: no such file or directory, open '/home/ladybug-me/caelestia-dots-kde/.git/refs/remotes/origin/main'
2026-06-27 23:43:16.095 [info] > git rev-parse refs/remotes/origin/main [2ms]
2026-06-27 23:43:16.115 [info] > git for-each-ref --sort -committerdate --format %(refname)%00%(objectname)%00%(*objectname) [4ms]
2026-06-27 23:43:16.173 [info] > git status -z -uall [73ms]
2026-06-27 23:43:21.367 [info] > git config --get commit.template [14ms]
2026-06-27 23:43:21.368 [info] > git for-each-ref --format=%(refname)%00%(upstream:short)%00%(objectname)%00%(upstream:track)%00%(upstream:remotename)%00%(upstream:remoteref) refs/heads/main refs/remotes/main [3ms]
2026-06-27 23:43:21.378 [warning] [Git][revParse] Unable to read file: ENOENT: no such file or directory, open '/home/ladybug-me/caelestia-dots-kde/.git/refs/remotes/origin/main'
2026-06-27 23:43:21.385 [info] > git rev-parse refs/remotes/origin/main [7ms]
2026-06-27 23:43:21.411 [info] > git for-each-ref --sort -committerdate --format %(refname)%00%(objectname)%00%(*objectname) [3ms]
2026-06-27 23:43:21.477 [info] > git status -z -uall [82ms]
2026-06-27 23:43:27.430 [info] > git check-ignore -v -z --stdin [4ms]
2026-06-27 23:43:27.430 [info] > git check-ignore -v -z --stdin [1ms]
2026-06-27 23:43:46.443 [info] > git config --get commit.template [3ms]
2026-06-27 23:43:46.444 [info] > git for-each-ref --format=%(refname)%00%(upstream:short)%00%(objectname)%00%(upstream:track)%00%(upstream:remotename)%00%(upstream:remoteref) refs/heads/main refs/remotes/main [1ms]
2026-06-27 23:43:46.446 [warning] [Git][revParse] Unable to read file: ENOENT: no such file or directory, open '/home/ladybug-me/caelestia-dots-kde/.git/refs/remotes/origin/main'
2026-06-27 23:43:46.446 [info] > git rev-parse refs/remotes/origin/main [0ms]
2026-06-27 23:43:46.452 [info] > git for-each-ref --sort -committerdate --format %(refname)%00%(objectname)%00%(*objectname) [1ms]
2026-06-27 23:43:46.469 [info] > git status -z -uall [20ms]
2026-06-27 23:43:56.051 [info] > git check-ignore -v -z --stdin [2ms]
2026-06-27 23:43:57.950 [info] > git check-ignore -v -z --stdin [2ms]
2026-06-27 23:43:59.118 [info] > git check-ignore -v -z --stdin [0ms]
2026-06-27 23:44:00.683 [info] > git check-ignore -v -z --stdin [1ms]
2026-06-27 23:44:05.495 [info] > git check-ignore -v -z --stdin [2ms]
2026-06-27 23:47:03.238 [info] > git check-ignore -v -z --stdin [1ms]
2026-06-27 23:47:03.743 [info] > git config --get commit.template [4ms]
2026-06-27 23:47:03.743 [info] > git for-each-ref --format=%(refname)%00%(upstream:short)%00%(objectname)%00%(upstream:track)%00%(upstream:remotename)%00%(upstream:remoteref) refs/heads/main refs/remotes/main [1ms]
2026-06-27 23:47:03.746 [warning] [Git][revParse] Unable to read file: ENOENT: no such file or directory, open '/home/ladybug-me/caelestia-dots-kde/.git/refs/remotes/origin/main'
2026-06-27 23:47:03.746 [info] > git rev-parse refs/remotes/origin/main [0ms]
2026-06-27 23:47:03.753 [info] > git for-each-ref --sort -committerdate --format %(refname)%00%(objectname)%00%(*objectname) [1ms]
2026-06-27 23:47:03.773 [info] > git status -z -uall [25ms]
2026-06-27 23:48:19.765 [info] > git config --get commit.template [0ms]
2026-06-27 23:48:19.769 [info] > git for-each-ref --format=%(refname)%00%(upstream:short)%00%(objectname)%00%(upstream:track)%00%(upstream:remotename)%00%(upstream:remoteref) refs/heads/main refs/remotes/main [1ms]
2026-06-27 23:48:19.771 [warning] [Git][revParse] Unable to read file: ENOENT: no such file or directory, open '/home/ladybug-me/caelestia-dots-kde/.git/refs/remotes/origin/main'
2026-06-27 23:48:19.771 [info] > git rev-parse refs/remotes/origin/main [0ms]
2026-06-27 23:48:19.777 [info] > git for-each-ref --sort -committerdate --format %(refname)%00%(objectname)%00%(*objectname) [1ms]
2026-06-27 23:48:19.795 [info] > git status -z -uall [21ms]
2026-06-27 23:48:59.027 [info] > git config --get commit.template [0ms]
2026-06-27 23:48:59.030 [info] > git for-each-ref --format=%(refname)%00%(upstream:short)%00%(objectname)%00%(upstream:track)%00%(upstream:remotename)%00%(upstream:remoteref) refs/heads/main refs/remotes/main [0ms]
2026-06-27 23:48:59.033 [warning] [Git][revParse] Unable to read file: ENOENT: no such file or directory, open '/home/ladybug-me/caelestia-dots-kde/.git/refs/remotes/origin/main'
2026-06-27 23:48:59.033 [info] > git rev-parse refs/remotes/origin/main [0ms]
2026-06-27 23:48:59.039 [info] > git for-each-ref --sort -committerdate --format %(refname)%00%(objectname)%00%(*objectname) [1ms]
2026-06-27 23:48:59.058 [info] > git status -z -uall [23ms]
2026-06-27 23:55:09.382 [info] > git config --get commit.template [1ms]
2026-06-27 23:55:09.386 [info] > git for-each-ref --format=%(refname)%00%(upstream:short)%00%(objectname)%00%(upstream:track)%00%(upstream:remotename)%00%(upstream:remoteref) refs/heads/main refs/remotes/main [1ms]
2026-06-27 23:55:09.388 [warning] [Git][revParse] Unable to read file: ENOENT: no such file or directory, open '/home/ladybug-me/caelestia-dots-kde/.git/refs/remotes/origin/main'
2026-06-27 23:55:09.389 [info] > git rev-parse refs/remotes/origin/main [1ms]
2026-06-27 23:55:09.395 [info] > git for-each-ref --sort -committerdate --format %(refname)%00%(objectname)%00%(*objectname) [1ms]
2026-06-27 23:55:09.413 [info] > git status -z -uall [22ms]
2026-06-27 23:55:22.789 [info] > git config --get commit.template [3ms]
2026-06-27 23:55:22.789 [info] > git for-each-ref --format=%(refname)%00%(upstream:short)%00%(objectname)%00%(upstream:track)%00%(upstream:remotename)%00%(upstream:remoteref) refs/heads/main refs/remotes/main [1ms]
2026-06-27 23:55:22.791 [warning] [Git][revParse] Unable to read file: ENOENT: no such file or directory, open '/home/ladybug-me/caelestia-dots-kde/.git/refs/remotes/origin/main'
2026-06-27 23:55:22.792 [info] > git rev-parse refs/remotes/origin/main [1ms]
2026-06-27 23:55:22.798 [info] > git for-each-ref --sort -committerdate --format %(refname)%00%(objectname)%00%(*objectname) [1ms]
2026-06-27 23:55:22.815 [info] > git status -z -uall [22ms]
2026-06-27 23:57:55.191 [info] > git check-ignore -v -z --stdin [1ms]
2026-06-27 23:57:55.623 [info] > git config --get commit.template [4ms]
2026-06-27 23:57:55.624 [info] > git for-each-ref --format=%(refname)%00%(upstream:short)%00%(objectname)%00%(upstream:track)%00%(upstream:remotename)%00%(upstream:remoteref) refs/heads/main refs/remotes/main [1ms]
2026-06-27 23:57:55.627 [warning] [Git][revParse] Unable to read file: ENOENT: no such file or directory, open '/home/ladybug-me/caelestia-dots-kde/.git/refs/remotes/origin/main'
2026-06-27 23:57:55.627 [info] > git rev-parse refs/remotes/origin/main [0ms]
2026-06-27 23:57:55.633 [info] > git for-each-ref --sort -committerdate --format %(refname)%00%(objectname)%00%(*objectname) [1ms]
2026-06-27 23:57:55.653 [info] > git status -z -uall [23ms]
2026-06-28 00:00:09.943 [info] > git config --get commit.template [2ms]
2026-06-28 00:00:09.948 [info] > git for-each-ref --format=%(refname)%00%(upstream:short)%00%(objectname)%00%(upstream:track)%00%(upstream:remotename)%00%(upstream:remoteref) refs/heads/main refs/remotes/main [1ms]
2026-06-28 00:00:09.953 [warning] [Git][revParse] Unable to read file: ENOENT: no such file or directory, open '/home/ladybug-me/caelestia-dots-kde/.git/refs/remotes/origin/main'
2026-06-28 00:00:09.954 [info] > git rev-parse refs/remotes/origin/main [1ms]
2026-06-28 00:00:09.961 [info] > git for-each-ref --sort -committerdate --format %(refname)%00%(objectname)%00%(*objectname) [0ms]
2026-06-28 00:00:09.980 [info] > git status -z -uall [22ms]
2026-06-28 00:00:18.069 [info] > git config --get commit.template [4ms]
2026-06-28 00:00:18.070 [info] > git for-each-ref --format=%(refname)%00%(upstream:short)%00%(objectname)%00%(upstream:track)%00%(upstream:remotename)%00%(upstream:remoteref) refs/heads/main refs/remotes/main [1ms]
2026-06-28 00:00:18.073 [warning] [Git][revParse] Unable to read file: ENOENT: no such file or directory, open '/home/ladybug-me/caelestia-dots-kde/.git/refs/remotes/origin/main'
2026-06-28 00:00:18.073 [info] > git rev-parse refs/remotes/origin/main [0ms]
2026-06-28 00:00:18.081 [info] > git for-each-ref --sort -committerdate --format %(refname)%00%(objectname)%00%(*objectname) [2ms]
2026-06-28 00:00:18.100 [info] > git status -z -uall [24ms]
2026-06-28 00:00:23.156 [info] > git config --get commit.template [10ms]
2026-06-28 00:00:23.158 [info] > git for-each-ref --format=%(refname)%00%(upstream:short)%00%(objectname)%00%(upstream:track)%00%(upstream:remotename)%00%(upstream:remoteref) refs/heads/main refs/remotes/main [4ms]
2026-06-28 00:00:23.171 [warning] [Git][revParse] Unable to read file: ENOENT: no such file or directory, open '/home/ladybug-me/caelestia-dots-kde/.git/refs/remotes/origin/main'
2026-06-28 00:00:23.174 [info] > git rev-parse refs/remotes/origin/main [3ms]
2026-06-28 00:00:23.197 [info] > git for-each-ref --sort -committerdate --format %(refname)%00%(objectname)%00%(*objectname) [4ms]
2026-06-28 00:00:23.269 [info] > git status -z -uall [86ms]
2026-06-28 00:00:28.464 [info] > git config --get commit.template [28ms]
2026-06-28 00:00:28.470 [info] > git for-each-ref --format=%(refname)%00%(upstream:short)%00%(objectname)%00%(upstream:track)%00%(upstream:remotename)%00%(upstream:remoteref) refs/heads/main refs/remotes/main [9ms]
2026-06-28 00:00:28.497 [warning] [Git][revParse] Unable to read file: ENOENT: no such file or directory, open '/home/ladybug-me/caelestia-dots-kde/.git/refs/remotes/origin/main'
2026-06-28 00:00:28.508 [info] > git rev-parse refs/remotes/origin/main [11ms]
2026-06-28 00:00:28.536 [info] > git for-each-ref --sort -committerdate --format %(refname)%00%(objectname)%00%(*objectname) [4ms]
2026-06-28 00:00:28.626 [info] > git status -z -uall [104ms]
2026-06-28 00:00:33.913 [info] > git config --get commit.template [11ms]
2026-06-28 00:00:33.916 [info] > git for-each-ref --format=%(refname)%00%(upstream:short)%00%(objectname)%00%(upstream:track)%00%(upstream:remotename)%00%(upstream:remoteref) refs/heads/main refs/remotes/main [4ms]
2026-06-28 00:00:33.925 [warning] [Git][revParse] Unable to read file: ENOENT: no such file or directory, open '/home/ladybug-me/caelestia-dots-kde/.git/refs/remotes/origin/main'
2026-06-28 00:00:33.930 [info] > git rev-parse refs/remotes/origin/main [5ms]
2026-06-28 00:00:33.960 [info] > git for-each-ref --sort -committerdate --format %(refname)%00%(objectname)%00%(*objectname) [6ms]
2026-06-28 00:00:34.042 [info] > git status -z -uall [102ms]
2026-06-28 00:00:39.195 [info] > git config --get commit.template [11ms]
2026-06-28 00:00:39.197 [info] > git for-each-ref --format=%(refname)%00%(upstream:short)%00%(objectname)%00%(upstream:track)%00%(upstream:remotename)%00%(upstream:remoteref) refs/heads/main refs/remotes/main [3ms]
2026-06-28 00:00:39.208 [warning] [Git][revParse] Unable to read file: ENOENT: no such file or directory, open '/home/ladybug-me/caelestia-dots-kde/.git/refs/remotes/origin/main'
2026-06-28 00:00:39.213 [info] > git rev-parse refs/remotes/origin/main [5ms]
2026-06-28 00:00:39.237 [info] > git for-each-ref --sort -committerdate --format %(refname)%00%(objectname)%00%(*objectname) [6ms]
2026-06-28 00:00:39.312 [info] > git status -z -uall [92ms]
2026-06-28 00:00:41.205 [info] > git check-ignore -v -z --stdin [2ms]
2026-06-28 00:01:03.135 [info] > git config --get commit.template [4ms]
2026-06-28 00:01:03.135 [info] > git for-each-ref --format=%(refname)%00%(upstream:short)%00%(objectname)%00%(upstream:track)%00%(upstream:remotename)%00%(upstream:remoteref) refs/heads/main refs/remotes/main [1ms]
2026-06-28 00:01:03.138 [warning] [Git][revParse] Unable to read file: ENOENT: no such file or directory, open '/home/ladybug-me/caelestia-dots-kde/.git/refs/remotes/origin/main'
2026-06-28 00:01:03.139 [info] > git rev-parse refs/remotes/origin/main [1ms]
2026-06-28 00:01:03.146 [info] > git for-each-ref --sort -committerdate --format %(refname)%00%(objectname)%00%(*objectname) [0ms]
2026-06-28 00:01:03.169 [info] > git status -z -uall [27ms]
2026-06-28 00:05:29.560 [info] > git config --get commit.template [3ms]
2026-06-28 00:05:29.560 [info] > git for-each-ref --format=%(refname)%00%(upstream:short)%00%(objectname)%00%(upstream:track)%00%(upstream:remotename)%00%(upstream:remoteref) refs/heads/main refs/remotes/main [1ms]
2026-06-28 00:05:29.562 [warning] [Git][revParse] Unable to read file: ENOENT: no such file or directory, open '/home/ladybug-me/caelestia-dots-kde/.git/refs/remotes/origin/main'
2026-06-28 00:05:29.563 [info] > git rev-parse refs/remotes/origin/main [1ms]
2026-06-28 00:05:29.569 [info] > git for-each-ref --sort -committerdate --format %(refname)%00%(objectname)%00%(*objectname) [0ms]
2026-06-28 00:05:29.589 [info] > git status -z -uall [23ms]
2026-06-28 00:05:31.243 [info] > git check-ignore -v -z --stdin [2ms]
2026-06-28 00:05:36.876 [info] > git check-ignore -v -z --stdin [13ms]
2026-06-28 00:05:37.255 [info] > git show --textconv :src/keyboardshortcuts/shortcuts.md [5ms]
2026-06-28 00:05:37.256 [info] > git ls-files --stage -- src/keyboardshortcuts/shortcuts.md [2ms]
2026-06-28 00:05:37.261 [info] > git cat-file -s 2f8220c20459da214fe11b31349f2188596bcc33 [1ms]
2026-06-28 00:05:37.344 [info] > git blame --root --incremental 7c3fe8902858fe57c8d188e3dc1d69fe73bb2cb4 -- src/keyboardshortcuts/shortcuts.md [18ms]
2026-06-28 00:05:38.451 [info] > git check-ignore -v -z --stdin [2ms]
2026-06-28 00:05:40.248 [info] > git config --get commit.template [4ms]
2026-06-28 00:05:40.249 [info] > git for-each-ref --format=%(refname)%00%(upstream:short)%00%(objectname)%00%(upstream:track)%00%(upstream:remotename)%00%(upstream:remoteref) refs/heads/main refs/remotes/main [1ms]
2026-06-28 00:05:40.252 [warning] [Git][revParse] Unable to read file: ENOENT: no such file or directory, open '/home/ladybug-me/caelestia-dots-kde/.git/refs/remotes/origin/main'
2026-06-28 00:05:40.252 [info] > git rev-parse refs/remotes/origin/main [0ms]
2026-06-28 00:05:40.259 [info] > git for-each-ref --sort -committerdate --format %(refname)%00%(objectname)%00%(*objectname) [1ms]
2026-06-28 00:05:40.278 [info] > git status -z -uall [23ms]
2026-06-28 00:05:45.336 [info] > git config --get commit.template [10ms]
2026-06-28 00:05:45.340 [info] > git for-each-ref --format=%(refname)%00%(upstream:short)%00%(objectname)%00%(upstream:track)%00%(upstream:remotename)%00%(upstream:remoteref) refs/heads/main refs/remotes/main [5ms]
2026-06-28 00:05:45.352 [warning] [Git][revParse] Unable to read file: ENOENT: no such file or directory, open '/home/ladybug-me/caelestia-dots-kde/.git/refs/remotes/origin/main'
2026-06-28 00:05:45.355 [info] > git rev-parse refs/remotes/origin/main [3ms]
2026-06-28 00:05:45.377 [info] > git for-each-ref --sort -committerdate --format %(refname)%00%(objectname)%00%(*objectname) [4ms]
2026-06-28 00:05:45.455 [info] > git status -z -uall [92ms]
2026-06-28 00:05:50.642 [info] > git config --get commit.template [15ms]
2026-06-28 00:05:50.669 [info] > git for-each-ref --format=%(refname)%00%(upstream:short)%00%(objectname)%00%(upstream:track)%00%(upstream:remotename)%00%(upstream:remoteref) refs/heads/main refs/remotes/main [29ms]
2026-06-28 00:05:50.681 [warning] [Git][revParse] Unable to read file: ENOENT: no such file or directory, open '/home/ladybug-me/caelestia-dots-kde/.git/refs/remotes/origin/main'
2026-06-28 00:05:50.683 [info] > git rev-parse refs/remotes/origin/main [2ms]
2026-06-28 00:05:50.710 [info] > git for-each-ref --sort -committerdate --format %(refname)%00%(objectname)%00%(*objectname) [10ms]
2026-06-28 00:05:50.771 [info] > git status -z -uall [80ms]
2026-06-28 00:05:55.934 [info] > git config --get commit.template [32ms]
2026-06-28 00:05:55.935 [info] > git for-each-ref --format=%(refname)%00%(upstream:short)%00%(objectname)%00%(upstream:track)%00%(upstream:remotename)%00%(upstream:remoteref) refs/heads/main refs/remotes/main [4ms]
2026-06-28 00:05:55.943 [warning] [Git][revParse] Unable to read file: ENOENT: no such file or directory, open '/home/ladybug-me/caelestia-dots-kde/.git/refs/remotes/origin/main'
2026-06-28 00:05:55.953 [info] > git rev-parse refs/remotes/origin/main [10ms]
2026-06-28 00:05:55.985 [info] > git for-each-ref --sort -committerdate --format %(refname)%00%(objectname)%00%(*objectname) [5ms]
2026-06-28 00:05:56.076 [info] > git status -z -uall [110ms]
2026-06-28 00:06:01.238 [info] > git for-each-ref --format=%(refname)%00%(upstream:short)%00%(objectname)%00%(upstream:track)%00%(upstream:remotename)%00%(upstream:remoteref) refs/heads/main refs/remotes/main [4ms]
2026-06-28 00:06:01.239 [info] > git config --get commit.template [19ms]
2026-06-28 00:06:01.255 [warning] [Git][revParse] Unable to read file: ENOENT: no such file or directory, open '/home/ladybug-me/caelestia-dots-kde/.git/refs/remotes/origin/main'
2026-06-28 00:06:01.267 [info] > git rev-parse refs/remotes/origin/main [12ms]
2026-06-28 00:06:01.314 [info] > git for-each-ref --sort -committerdate --format %(refname)%00%(objectname)%00%(*objectname) [11ms]
2026-06-28 00:06:01.447 [info] > git status -z -uall [169ms]
2026-06-28 00:06:06.731 [info] > git config --get commit.template [6ms]
2026-06-28 00:06:06.747 [info] > git for-each-ref --format=%(refname)%00%(upstream:short)%00%(objectname)%00%(upstream:track)%00%(upstream:remotename)%00%(upstream:remoteref) refs/heads/main refs/remotes/main [5ms]
2026-06-28 00:06:06.763 [warning] [Git][revParse] Unable to read file: ENOENT: no such file or directory, open '/home/ladybug-me/caelestia-dots-kde/.git/refs/remotes/origin/main'
2026-06-28 00:06:06.765 [info] > git rev-parse refs/remotes/origin/main [2ms]
2026-06-28 00:06:06.796 [info] > git for-each-ref --sort -committerdate --format %(refname)%00%(objectname)%00%(*objectname) [5ms]
2026-06-28 00:06:06.853 [info] > git status -z -uall [74ms]
2026-06-28 00:06:29.434 [info] > git config --get commit.template [4ms]
2026-06-28 00:06:29.434 [info] > git for-each-ref --format=%(refname)%00%(upstream:short)%00%(objectname)%00%(upstream:track)%00%(upstream:remotename)%00%(upstream:remoteref) refs/heads/main refs/remotes/main [1ms]
2026-06-28 00:06:29.437 [warning] [Git][revParse] Unable to read file: ENOENT: no such file or directory, open '/home/ladybug-me/caelestia-dots-kde/.git/refs/remotes/origin/main'
2026-06-28 00:06:29.438 [info] > git rev-parse refs/remotes/origin/main [1ms]
2026-06-28 00:06:29.447 [info] > git for-each-ref --sort -committerdate --format %(refname)%00%(objectname)%00%(*objectname) [2ms]
2026-06-28 00:06:29.464 [info] > git status -z -uall [23ms]
2026-06-28 00:09:14.902 [info] > git check-ignore -v -z --stdin [1ms]
2026-06-28 00:09:15.679 [info] > git check-ignore -v -z --stdin [1ms]
2026-06-28 00:09:18.535 [info] > git check-ignore -v -z --stdin [2ms]
2026-06-28 00:09:20.696 [info] > git check-ignore -v -z --stdin [2ms]
2026-06-28 00:09:25.223 [info] > git config --get commit.template [7ms]
2026-06-28 00:09:25.223 [info] > git for-each-ref --format=%(refname)%00%(upstream:short)%00%(objectname)%00%(upstream:track)%00%(upstream:remotename)%00%(upstream:remoteref) refs/heads/main refs/remotes/main [1ms]
2026-06-28 00:09:25.227 [warning] [Git][revParse] Unable to read file: ENOENT: no such file or directory, open '/home/ladybug-me/caelestia-dots-kde/.git/refs/remotes/origin/main'
2026-06-28 00:09:25.228 [info] > git rev-parse refs/remotes/origin/main [1ms]
2026-06-28 00:09:25.236 [info] > git for-each-ref --sort -committerdate --format %(refname)%00%(objectname)%00%(*objectname) [1ms]
2026-06-28 00:09:25.256 [info] > git status -z -uall [24ms]
2026-06-28 00:09:25.800 [info] > git check-ignore -v -z --stdin [1ms]
2026-06-28 00:09:36.030 [info] > git config --get commit.template [2ms]
2026-06-28 00:09:36.031 [info] > git for-each-ref --format=%(refname)%00%(upstream:short)%00%(objectname)%00%(upstream:track)%00%(upstream:remotename)%00%(upstream:remoteref) refs/heads/main refs/remotes/main [1ms]
2026-06-28 00:09:36.033 [warning] [Git][revParse] Unable to read file: ENOENT: no such file or directory, open '/home/ladybug-me/caelestia-dots-kde/.git/refs/remotes/origin/main'
2026-06-28 00:09:36.034 [info] > git rev-parse refs/remotes/origin/main [1ms]
2026-06-28 00:09:36.041 [info] > git for-each-ref --sort -committerdate --format %(refname)%00%(objectname)%00%(*objectname) [0ms]
2026-06-28 00:09:36.061 [info] > git status -z -uall [24ms]
2026-06-28 00:09:39.743 [info] > git check-ignore -v -z --stdin [1ms]
2026-06-28 00:09:39.803 [info] > git check-ignore -v -z --stdin [1ms]
2026-06-28 00:10:59.148 [info] > git config --get commit.template [7ms]
2026-06-28 00:10:59.149 [info] > git for-each-ref --format=%(refname)%00%(upstream:short)%00%(objectname)%00%(upstream:track)%00%(upstream:remotename)%00%(upstream:remoteref) refs/heads/main refs/remotes/main [3ms]
2026-06-28 00:10:59.152 [warning] [Git][revParse] Unable to read file: ENOENT: no such file or directory, open '/home/ladybug-me/caelestia-dots-kde/.git/refs/remotes/origin/main'
2026-06-28 00:10:59.153 [info] > git rev-parse refs/remotes/origin/main [1ms]
2026-06-28 00:10:59.160 [info] > git for-each-ref --sort -committerdate --format %(refname)%00%(objectname)%00%(*objectname) [1ms]
2026-06-28 00:10:59.178 [info] > git status -z -uall [23ms]
