2026-06-28 02:49:56.968 [info] [main] Log level: Info
2026-06-28 02:49:56.968 [info] [main] Validating found git in: "git"
2026-06-28 02:49:56.968 [info] [main] Using git "2.54.0" from "git"
2026-06-28 02:49:56.968 [info] [Model][doInitialScan] Initial repository scan started
2026-06-28 02:49:56.968 [info] > git rev-parse --show-toplevel [3ms]
2026-06-28 02:49:56.968 [info] > git rev-parse --git-dir --git-common-dir --show-superproject-working-tree [4ms]
2026-06-28 02:49:56.968 [info] [Model][openRepository] Opened repository (path): /home/ladybug-me/caelestia-dots-kde
2026-06-28 02:49:56.968 [info] [Model][openRepository] Opened repository (real path): /home/ladybug-me/caelestia-dots-kde
2026-06-28 02:49:56.968 [info] [Model][openRepository] Opened repository (kind): repository
2026-06-28 02:49:56.968 [info] > git config --get commit.template [7ms]
2026-06-28 02:49:56.968 [info] > git rev-parse --show-toplevel [3ms]
2026-06-28 02:49:56.968 [info] > git rev-parse --show-toplevel [2ms]
2026-06-28 02:49:56.968 [info] > git for-each-ref --format=%(refname)%00%(upstream:short)%00%(objectname)%00%(upstream:track)%00%(upstream:remotename)%00%(upstream:remoteref) refs/heads/main refs/remotes/main [5ms]
2026-06-28 02:49:56.968 [warning] [Git][revParse] Unable to read file: ENOENT: no such file or directory, open '/home/ladybug-me/caelestia-dots-kde/.git/refs/remotes/origin/main'
2026-06-28 02:49:56.997 [info] > git rev-parse refs/remotes/origin/main [46ms]
2026-06-28 02:49:57.004 [info] > git rev-parse --show-toplevel [55ms]
2026-06-28 02:49:57.011 [info] > git status -z -uall [10ms]
2026-06-28 02:49:57.011 [info] > git for-each-ref --sort -committerdate --format %(refname)%00%(objectname)%00%(*objectname) [8ms]
2026-06-28 02:49:57.014 [info] > git rev-parse --show-toplevel [4ms]
2026-06-28 02:49:57.271 [info] > git for-each-ref --format=%(refname)%00%(upstream:short)%00%(objectname)%00%(upstream:track)%00%(upstream:remotename)%00%(upstream:remoteref) refs/heads/main refs/remotes/main [235ms]
2026-06-28 02:49:57.283 [info] > git config --get --local branch.main.vscode-merge-base [8ms]
2026-06-28 02:49:57.287 [info] > git config --get commit.template [210ms]
2026-06-28 02:49:57.287 [info] > git rev-parse --show-toplevel [212ms]
2026-06-28 02:49:57.290 [info] [Model][doInitialScan] Initial repository scan completed - repositories (1), closed repositories (0), parent repositories (0), unsafe repositories (0)
2026-06-28 02:49:57.293 [info] > git for-each-ref --format=%(refname)%00%(upstream:short)%00%(objectname)%00%(upstream:track)%00%(upstream:remotename)%00%(upstream:remoteref) refs/heads/origin/main refs/remotes/origin/main [7ms]
2026-06-28 02:49:57.301 [info] > git merge-base refs/heads/main refs/remotes/origin/main [4ms]
2026-06-28 02:49:57.305 [info] > git for-each-ref --format=%(refname)%00%(upstream:short)%00%(objectname)%00%(upstream:track)%00%(upstream:remotename)%00%(upstream:remoteref) refs/heads/main refs/remotes/main [5ms]
2026-06-28 02:49:57.309 [warning] [Git][revParse] Unable to read file: ENOENT: no such file or directory, open '/home/ladybug-me/caelestia-dots-kde/.git/refs/remotes/origin/main'
2026-06-28 02:49:57.310 [info] > git diff --name-status -z --diff-filter=ADMR --find-renames=50% 7c3fe8902858fe57c8d188e3dc1d69fe73bb2cb4...refs/remotes/origin/main -- [6ms]
2026-06-28 02:49:57.310 [info] > git rev-parse refs/remotes/origin/main [1ms]
2026-06-28 02:49:57.317 [info] > git for-each-ref --sort -committerdate --format %(refname)%00%(objectname)%00%(*objectname) [1ms]
2026-06-28 02:49:57.318 [info] > git status -z -uall [5ms]
2026-06-28 02:49:57.511 [info] > git check-ignore -v -z --stdin [2ms]
2026-06-28 02:49:57.825 [info] > git rev-parse --show-toplevel [1ms]
2026-06-28 02:49:57.832 [info] > git rev-parse --git-dir --git-common-dir --show-superproject-working-tree [3ms]
2026-06-28 02:49:57.835 [info] [Model][openRepository] Opened repository (path): /home/ladybug-me/caelestia-dots-kde/shell/plugin/src/QMLTermWidget
2026-06-28 02:49:57.835 [info] [Model][openRepository] Opened repository (real path): /home/ladybug-me/caelestia-dots-kde/shell/plugin/src/QMLTermWidget
2026-06-28 02:49:57.835 [info] [Model][openRepository] Opened repository (kind): submodule
2026-06-28 02:49:57.841 [info] > git config --get commit.template [1ms]
2026-06-28 02:49:57.845 [info] > git for-each-ref --format=%(refname)%00%(upstream:short)%00%(objectname)%00%(upstream:track)%00%(upstream:remotename)%00%(upstream:remoteref) refs/heads/master refs/remotes/master [1ms]
2026-06-28 02:49:57.847 [warning] [Git][revParse] Unable to read file: ENOENT: no such file or directory, open '/home/ladybug-me/caelestia-dots-kde/.git/modules/shell/plugin/src/QMLTermWidget/refs/remotes/origin/master'
2026-06-28 02:49:57.848 [info] > git rev-parse refs/remotes/origin/master [1ms]
2026-06-28 02:49:57.855 [info] > git status -z -uall [3ms]
2026-06-28 02:49:57.858 [info] > git for-each-ref --sort -committerdate --format %(refname)%00%(objectname)%00%(*objectname) [3ms]
2026-06-28 02:49:57.883 [info] > git for-each-ref --format=%(refname)%00%(upstream:short)%00%(objectname)%00%(upstream:track)%00%(upstream:remotename)%00%(upstream:remoteref) refs/heads/master refs/remotes/master [16ms]
2026-06-28 02:49:57.889 [info] > git config --get --local branch.master.vscode-merge-base [2ms]
2026-06-28 02:49:57.892 [info] > git config --get commit.template [9ms]
2026-06-28 02:49:57.896 [info] > git for-each-ref --format=%(refname)%00%(upstream:short)%00%(objectname)%00%(upstream:track)%00%(upstream:remotename)%00%(upstream:remoteref) refs/heads/origin/master refs/remotes/origin/master [4ms]
2026-06-28 02:49:57.899 [info] > git for-each-ref --format=%(refname)%00%(upstream:short)%00%(objectname)%00%(upstream:track)%00%(upstream:remotename)%00%(upstream:remoteref) refs/heads/master refs/remotes/master [4ms]
2026-06-28 02:49:57.902 [warning] [Git][revParse] Unable to read file: ENOENT: no such file or directory, open '/home/ladybug-me/caelestia-dots-kde/.git/modules/shell/plugin/src/QMLTermWidget/refs/remotes/origin/master'
2026-06-28 02:49:57.902 [info] > git merge-base refs/heads/master refs/remotes/origin/master [4ms]
2026-06-28 02:49:57.905 [info] > git rev-parse refs/remotes/origin/master [3ms]
2026-06-28 02:49:57.912 [info] > git status -z -uall [3ms]
2026-06-28 02:49:57.913 [info] > git diff --name-status -z --diff-filter=ADMR --find-renames=50% 8913504fa2ebd220ebe7c680c32954e1b3c035c5...refs/remotes/origin/master -- [8ms]
2026-06-28 02:49:57.913 [info] > git for-each-ref --sort -committerdate --format %(refname)%00%(objectname)%00%(*objectname) [1ms]
2026-06-28 02:49:58.401 [info] > git check-ignore -v -z --stdin [2ms]
2026-06-28 02:50:03.332 [info] > git check-ignore -v -z --stdin [1ms]
2026-06-28 02:50:04.764 [info] > git check-ignore -v -z --stdin [2ms]
2026-06-28 02:50:05.465 [info] > git check-ignore -v -z --stdin [19ms]
2026-06-28 02:50:05.527 [info] > git check-ignore -v -z --stdin [0ms]
2026-06-28 02:50:05.661 [info] > git show --textconv :.github/README.md [4ms]
2026-06-28 02:50:05.662 [info] > git ls-files --stage -- .github/README.md [1ms]
2026-06-28 02:50:05.665 [info] > git cat-file -s de5f3599378a63a967a029faef6a96b195bbc7c5 [0ms]
2026-06-28 02:50:05.694 [info] > git blame --root --incremental 7c3fe8902858fe57c8d188e3dc1d69fe73bb2cb4 -- .github/README.md [6ms]
2026-06-28 02:50:17.941 [info] > git check-ignore -v -z --stdin [1ms]
2026-06-28 02:51:24.502 [info] > git config --get commit.template [7ms]
2026-06-28 02:51:24.503 [info] > git for-each-ref --format=%(refname)%00%(upstream:short)%00%(objectname)%00%(upstream:track)%00%(upstream:remotename)%00%(upstream:remoteref) refs/heads/main refs/remotes/main [2ms]
2026-06-28 02:51:24.506 [warning] [Git][revParse] Unable to read file: ENOENT: no such file or directory, open '/home/ladybug-me/caelestia-dots-kde/.git/refs/remotes/origin/main'
2026-06-28 02:51:24.507 [info] > git rev-parse refs/remotes/origin/main [1ms]
2026-06-28 02:51:24.513 [info] > git for-each-ref --sort -committerdate --format %(refname)%00%(objectname)%00%(*objectname) [1ms]
2026-06-28 02:51:24.514 [info] > git status -z -uall [5ms]
2026-06-28 02:51:24.598 [info] > git ls-files --stage -- .github/README.md [2ms]
2026-06-28 02:51:24.604 [info] > git cat-file -s de5f3599378a63a967a029faef6a96b195bbc7c5 [1ms]
2026-06-28 02:51:24.613 [info] > git show --textconv :.github/README.md [2ms]
2026-06-28 02:51:37.745 [info] > git config --get commit.template [1ms]
2026-06-28 02:51:37.754 [info] > git for-each-ref --format=%(refname)%00%(upstream:short)%00%(objectname)%00%(upstream:track)%00%(upstream:remotename)%00%(upstream:remoteref) refs/heads/main refs/remotes/main [2ms]
2026-06-28 02:51:37.760 [warning] [Git][revParse] Unable to read file: ENOENT: no such file or directory, open '/home/ladybug-me/caelestia-dots-kde/.git/refs/remotes/origin/main'
2026-06-28 02:51:37.764 [info] > git rev-parse refs/remotes/origin/main [4ms]
2026-06-28 02:51:37.783 [info] > git for-each-ref --sort -committerdate --format %(refname)%00%(objectname)%00%(*objectname) [2ms]
2026-06-28 02:51:37.791 [info] > git status -z -uall [19ms]
2026-06-28 02:52:11.038 [info] > git config --get commit.template [4ms]
2026-06-28 02:52:11.039 [info] > git for-each-ref --format=%(refname)%00%(upstream:short)%00%(objectname)%00%(upstream:track)%00%(upstream:remotename)%00%(upstream:remoteref) refs/heads/main refs/remotes/main [1ms]
2026-06-28 02:52:11.042 [warning] [Git][revParse] Unable to read file: ENOENT: no such file or directory, open '/home/ladybug-me/caelestia-dots-kde/.git/refs/remotes/origin/main'
2026-06-28 02:52:11.043 [info] > git rev-parse refs/remotes/origin/main [1ms]
2026-06-28 02:52:11.051 [info] > git for-each-ref --sort -committerdate --format %(refname)%00%(objectname)%00%(*objectname) [1ms]
2026-06-28 02:52:11.053 [info] > git status -z -uall [7ms]
2026-06-28 02:52:24.636 [info] > git check-ignore -v -z --stdin [2ms]
2026-06-28 02:52:31.179 [info] > git check-ignore -v -z --stdin [1ms]
2026-06-28 02:52:32.295 [info] > git check-ignore -v -z --stdin [1ms]
2026-06-28 02:54:16.548 [info] > git config --get commit.template [7ms]
2026-06-28 02:54:16.548 [info] > git for-each-ref --format=%(refname)%00%(upstream:short)%00%(objectname)%00%(upstream:track)%00%(upstream:remotename)%00%(upstream:remoteref) refs/heads/main refs/remotes/main [2ms]
2026-06-28 02:54:16.553 [warning] [Git][revParse] Unable to read file: ENOENT: no such file or directory, open '/home/ladybug-me/caelestia-dots-kde/.git/refs/remotes/origin/main'
2026-06-28 02:54:16.554 [info] > git rev-parse refs/remotes/origin/main [0ms]
2026-06-28 02:54:16.560 [info] > git for-each-ref --sort -committerdate --format %(refname)%00%(objectname)%00%(*objectname) [1ms]
2026-06-28 02:54:16.563 [info] > git status -z -uall [7ms]
2026-06-28 02:54:24.115 [info] > git check-ignore -v -z --stdin [0ms]
2026-06-28 02:54:25.124 [info] > git check-ignore -v -z --stdin [1ms]
2026-06-28 02:57:41.304 [info] > git config --get commit.template [5ms]
2026-06-28 02:57:41.306 [info] > git for-each-ref --format=%(refname)%00%(upstream:short)%00%(objectname)%00%(upstream:track)%00%(upstream:remotename)%00%(upstream:remoteref) refs/heads/main refs/remotes/main [3ms]
2026-06-28 02:57:41.311 [warning] [Git][revParse] Unable to read file: ENOENT: no such file or directory, open '/home/ladybug-me/caelestia-dots-kde/.git/refs/remotes/origin/main'
2026-06-28 02:57:41.313 [info] > git rev-parse refs/remotes/origin/main [2ms]
2026-06-28 02:57:41.323 [info] > git for-each-ref --sort -committerdate --format %(refname)%00%(objectname)%00%(*objectname) [1ms]
2026-06-28 02:57:41.348 [info] > git status -z -uall [30ms]
2026-06-28 02:57:42.883 [info] > git log --format=%H%n%aN%n%aE%n%at%n%ct%n%P%n%D%n%B -z --shortstat --diff-merges=first-parent -n50 --skip=0 --topo-order --decorate=full --stdin [555ms]
2026-06-28 02:57:44.035 [info] > git merge-base main origin/main [1ms]
2026-06-28 02:57:49.316 [info] > git log --format=%H%n%aN%n%aE%n%at%n%ct%n%P%n%D%n%B -z --shortstat --diff-merges=first-parent -n50 --skip=0 --topo-order --decorate=full --stdin [38ms]
2026-06-28 02:57:50.637 [info] > git merge-base master origin/master [2ms]
2026-06-28 02:58:06.197 [info] > git check-ignore -v -z --stdin [4ms]
2026-06-28 02:58:17.583 [info] > git check-ignore -v -z --stdin [3ms]
2026-06-28 02:58:37.824 [info] > git config --get commit.template [7ms]
2026-06-28 02:58:37.825 [info] > git for-each-ref --format=%(refname)%00%(upstream:short)%00%(objectname)%00%(upstream:track)%00%(upstream:remotename)%00%(upstream:remoteref) refs/heads/main refs/remotes/main [2ms]
2026-06-28 02:58:37.828 [warning] [Git][revParse] Unable to read file: ENOENT: no such file or directory, open '/home/ladybug-me/caelestia-dots-kde/.git/refs/remotes/origin/main'
2026-06-28 02:58:37.829 [info] > git rev-parse refs/remotes/origin/main [1ms]
2026-06-28 02:58:37.836 [info] > git for-each-ref --sort -committerdate --format %(refname)%00%(objectname)%00%(*objectname) [0ms]
2026-06-28 02:58:37.837 [info] > git status -z -uall [4ms]
2026-06-28 02:58:42.856 [info] > git config --get commit.template [4ms]
2026-06-28 02:58:42.856 [info] > git for-each-ref --format=%(refname)%00%(upstream:short)%00%(objectname)%00%(upstream:track)%00%(upstream:remotename)%00%(upstream:remoteref) refs/heads/main refs/remotes/main [1ms]
2026-06-28 02:58:42.859 [warning] [Git][revParse] Unable to read file: ENOENT: no such file or directory, open '/home/ladybug-me/caelestia-dots-kde/.git/refs/remotes/origin/main'
2026-06-28 02:58:42.860 [info] > git rev-parse refs/remotes/origin/main [1ms]
2026-06-28 02:58:42.867 [info] > git for-each-ref --sort -committerdate --format %(refname)%00%(objectname)%00%(*objectname) [0ms]
2026-06-28 02:58:42.868 [info] > git status -z -uall [5ms]
2026-06-28 02:58:43.309 [info] > git log --format=%H%n%aN%n%aE%n%at%n%ct%n%P%n%D%n%B -z --shortstat --diff-merges=first-parent -n50 --skip=0 --topo-order --decorate=full --stdin [45ms]
2026-06-28 02:58:43.355 [info] > git merge-base master origin/master [1ms]
2026-06-28 02:58:48.621 [info] > git log --format=%H%n%aN%n%aE%n%at%n%ct%n%P%n%D%n%B -z --shortstat --diff-merges=first-parent -n50 --skip=0 --topo-order --decorate=full --stdin [38ms]
2026-06-28 02:58:48.661 [info] > git merge-base master origin/master [1ms]
2026-06-28 02:59:17.476 [info] > git check-ignore -v -z --stdin [2ms]
2026-06-28 02:59:18.898 [info] > git check-ignore -v -z --stdin [5ms]
2026-06-28 02:59:18.957 [info] > git check-ignore -v -z --stdin [1ms]
2026-06-28 02:59:19.105 [info] > git show --textconv :.gitignore [6ms]
2026-06-28 02:59:19.105 [info] > git ls-files --stage -- .gitignore [1ms]
2026-06-28 02:59:19.114 [info] > git cat-file -s ef2c3f45de1e36fba525816105dded80b6bb1c53 [4ms]
