2026-06-27 23:42:00.238 [info] Reading sessions from keychain...
2026-06-27 23:42:00.238 [info] Got stored sessions!
2026-06-27 23:42:00.238 [info] Got 1 verified sessions.
2026-06-27 23:42:00.238 [info] Getting sessions for all scopes...
2026-06-27 23:42:00.238 [info] Got 1 sessions for ...
2026-06-27 23:42:00.238 [info] Getting sessions for all scopes...
2026-06-27 23:42:00.238 [info] Got 1 sessions for ...
2026-06-27 23:42:00.238 [info] Getting sessions for all scopes...
2026-06-27 23:42:00.238 [info] Got 1 sessions for ...
2026-06-27 23:42:00.238 [info] Getting sessions for read:user,repo,user:email,workflow...
2026-06-27 23:42:00.238 [info] Got 1 sessions for read:user,repo,user:email,workflow...
2026-06-27 23:42:00.328 [info] Getting sessions for all scopes...
2026-06-27 23:42:00.328 [info] Got 1 sessions for ...
2026-06-27 23:42:00.670 [info] Getting sessions for all scopes...
2026-06-27 23:42:00.670 [info] Got 1 sessions for ...
2026-06-27 23:42:00.687 [info] Getting sessions for all scopes...
2026-06-27 23:42:00.687 [info] Got 1 sessions for ...
2026-06-27 23:42:02.767 [info] FetcherService: Electron fetch failed with status: 401 
2026-06-27 23:42:04.146 [info] FetcherService: Node fetch failed with status: 401 Unauthorized
2026-06-27 23:42:05.430 [info] FetcherService: Node http/s failed with status: 401 Unauthorized
2026-06-27 23:46:12.393 [info] Getting sessions for all scopes...
2026-06-27 23:46:12.393 [info] Got 1 sessions for ...
2026-06-28 00:09:33.843 [info] Getting sessions for all scopes...
2026-06-28 00:09:33.843 [info] Got 1 sessions for ...
