2026-06-28 01:18:24.599 [info] Extension host with pid 302060 started
2026-06-28 01:18:24.599 [info] Skipping acquiring lock for /home/ladybug-me/.config/Antigravity IDE/User/workspaceStorage/48dee0af0a7ade50dd6f2f28e680cb1c.
2026-06-28 01:18:24.929 [info] ExtensionService#_doActivateExtension vscode.emmet, startup: false, activationEvent: 'onLanguage'
2026-06-28 01:18:25.081 [info] ExtensionService#_doActivateExtension vscode.git-base, startup: true, activationEvent: '*', root cause: google.antigravity
2026-06-28 01:18:25.123 [info] ExtensionService#_doActivateExtension vscode.terminal-suggest, startup: false, activationEvent: 'onTerminalShellIntegration:*'
2026-06-28 01:18:25.189 [info] ExtensionService#_doActivateExtension vscode.git, startup: true, activationEvent: '*', root cause: google.antigravity
2026-06-28 01:18:25.256 [info] ExtensionService#_doActivateExtension vscode.github, startup: true, activationEvent: '*'
2026-06-28 01:18:25.388 [info] ExtensionService#_doActivateExtension google.antigravity, startup: true, activationEvent: '*'
2026-06-28 01:18:25.889 [warning] [Decorations] CAPPING events from decorations provider vscode.git 3521
2026-06-28 01:18:26.438 [warning] [Decorations] CAPPING events from decorations provider vscode.git 3521
2026-06-28 01:18:26.506 [info] ExtensionService#_doActivateExtension vscode.github-authentication, startup: false, activationEvent: 'onAuthenticationRequest:github'
2026-06-28 01:18:33.118 [info] Eager extensions activated
2026-06-28 01:18:33.199 [info] ExtensionService#_doActivateExtension google.antigravity-dev-containers, startup: false, activationEvent: 'onStartupFinished'
2026-06-28 01:18:33.206 [info] ExtensionService#_doActivateExtension vscode.debug-auto-launch, startup: false, activationEvent: 'onStartupFinished'
2026-06-28 01:18:33.209 [info] ExtensionService#_doActivateExtension vscode.merge-conflict, startup: false, activationEvent: 'onStartupFinished'
2026-06-28 01:18:33.230 [info] ExtensionService#_doActivateExtension vscode.extension-editing, startup: false, activationEvent: 'onLanguage:markdown'
2026-06-28 01:18:33.246 [info] ExtensionService#_doActivateExtension vscode.markdown-language-features, startup: false, activationEvent: 'onLanguage:markdown'
2026-06-28 01:18:42.831 [warning] [Decorations] CAPPING events from decorations provider vscode.git 3521
2026-06-28 01:19:06.036 [info] ExtensionService#_doActivateExtension vscode.markdown-math, startup: false, activationEvent: 'api', root cause: vscode.markdown-language-features
2026-06-28 01:19:07.061 [warning] [Decorations] CAPPING events from decorations provider vscode.git 715
2026-06-28 01:21:03.061 [warning] [Decorations] CAPPING events from decorations provider vscode.git 715
2026-06-28 01:22:14.820 [error] Error: Model is disposed!
    at vA._assertNotDisposed (vscode-file://vscode-app/opt/antigravity-ide/resources/app/out/vs/workbench/workbench.desktop.main.js:3053:519)
    at vA.changeDecorations (vscode-file://vscode-app/opt/antigravity-ide/resources/app/out/vs/workbench/workbench.desktop.main.js:3061:3749)
    at rOl._fn (vscode-file://vscode-app/opt/antigravity-ide/resources/app/out/vs/workbench/workbench.desktop.main.js:3276:7243)
    at rOl.dispose (vscode-file://vscode-app/opt/antigravity-ide/resources/app/out/vs/workbench/workbench.desktop.main.js:2802:1342)
    at fn (vscode-file://vscode-app/opt/antigravity-ide/resources/app/out/vs/workbench/workbench.desktop.main.js:2802:762)
    at pOa.clear (vscode-file://vscode-app/opt/antigravity-ide/resources/app/out/vs/workbench/workbench.desktop.main.js:2802:1663)
    at PPe.clearEdits (vscode-file://vscode-app/opt/antigravity-ide/resources/app/out/vs/workbench/workbench.desktop.main.js:3276:15306)
    at R_n.$clearInlineEdits (vscode-file://vscode-app/opt/antigravity-ide/resources/app/out/vs/workbench/workbench.desktop.main.js:5017:51522)
    at Xdr._doInvokeHandler (vscode-file://vscode-app/opt/antigravity-ide/resources/app/out/vs/workbench/workbench.desktop.main.js:8475:50761)
    at Xdr._invokeHandler (vscode-file://vscode-app/opt/antigravity-ide/resources/app/out/vs/workbench/workbench.desktop.main.js:8475:50503)
2026-06-28 01:22:15.846 [warning] [Decorations] CAPPING events from decorations provider vscode.git 715
2026-06-28 01:22:36.790 [warning] [Decorations] CAPPING events from decorations provider vscode.git 715
2026-06-28 01:28:25.261 [info] ExtensionService#_doActivateExtension vscode.npm, startup: false, activationEvent: 'onTerminalQuickFixRequest:ms-vscode.npm-command'
2026-06-28 01:35:15.445 [warning] [Decorations] CAPPING events from decorations provider vscode.git 737
2026-06-28 01:35:47.307 [warning] [Decorations] CAPPING events from decorations provider vscode.git 737
2026-06-28 01:36:46.604 [warning] [Decorations] CAPPING events from decorations provider vscode.git 3859
2026-06-28 01:36:51.676 [warning] [Decorations] CAPPING events from decorations provider vscode.git 3859
2026-06-28 01:36:57.007 [warning] [Decorations] CAPPING events from decorations provider vscode.git 3859
2026-06-28 01:37:02.468 [warning] [Decorations] CAPPING events from decorations provider vscode.git 3859
2026-06-28 01:37:07.834 [warning] [Decorations] CAPPING events from decorations provider vscode.git 3859
2026-06-28 01:37:13.141 [warning] [Decorations] CAPPING events from decorations provider vscode.git 3859
2026-06-28 01:37:18.455 [warning] [Decorations] CAPPING events from decorations provider vscode.git 3859
2026-06-28 01:37:41.180 [warning] [Decorations] CAPPING events from decorations provider vscode.git 3859
2026-06-28 01:37:47.994 [warning] [Decorations] CAPPING events from decorations provider vscode.git 3859
2026-06-28 01:41:27.958 [warning] [Decorations] CAPPING events from decorations provider vscode.git 3859
2026-06-28 01:41:48.772 [warning] [Decorations] CAPPING events from decorations provider vscode.git 3859
2026-06-28 01:49:25.063 [warning] [Decorations] CAPPING events from decorations provider vscode.git 711
2026-06-28 01:49:33.513 [warning] [Decorations] CAPPING events from decorations provider vscode.git 711
2026-06-28 01:51:02.251 [warning] [Decorations] CAPPING events from decorations provider vscode.git 711
2026-06-28 01:51:26.140 [warning] [Decorations] CAPPING events from decorations provider vscode.git 711
2026-06-28 01:51:34.754 [warning] [Decorations] CAPPING events from decorations provider vscode.git 711
2026-06-28 01:51:39.993 [warning] [Decorations] CAPPING events from decorations provider vscode.git 711
2026-06-28 01:51:45.112 [warning] [Decorations] CAPPING events from decorations provider vscode.git 711
2026-06-28 01:51:50.391 [warning] [Decorations] CAPPING events from decorations provider vscode.git 711
2026-06-28 01:51:56.726 [warning] [Decorations] CAPPING events from decorations provider vscode.git 711
2026-06-28 01:52:01.947 [warning] [Decorations] CAPPING events from decorations provider vscode.git 711
2026-06-28 01:52:24.942 [warning] [Decorations] CAPPING events from decorations provider vscode.git 711
2026-06-28 01:54:22.596 [warning] [Decorations] CAPPING events from decorations provider vscode.git 711
2026-06-28 01:54:32.248 [warning] [Decorations] CAPPING events from decorations provider vscode.git 711
2026-06-28 01:54:37.326 [warning] [Decorations] CAPPING events from decorations provider vscode.git 711
2026-06-28 01:54:44.878 [warning] [Decorations] CAPPING events from decorations provider vscode.git 711
2026-06-28 01:54:50.081 [warning] [Decorations] CAPPING events from decorations provider vscode.git 711
2026-06-28 01:54:55.526 [warning] [Decorations] CAPPING events from decorations provider vscode.git 711
2026-06-28 01:55:00.574 [warning] [Decorations] CAPPING events from decorations provider vscode.git 711
2026-06-28 01:55:20.710 [warning] [Decorations] CAPPING events from decorations provider vscode.git 711
2026-06-28 01:56:14.186 [warning] [Decorations] CAPPING events from decorations provider vscode.git 711
2026-06-28 01:56:22.497 [warning] [Decorations] CAPPING events from decorations provider vscode.git 711
2026-06-28 01:56:30.778 [warning] [Decorations] CAPPING events from decorations provider vscode.git 711
2026-06-28 01:56:38.645 [warning] [Decorations] CAPPING events from decorations provider vscode.git 711
2026-06-28 01:56:48.012 [warning] [Decorations] CAPPING events from decorations provider vscode.git 711
2026-06-28 01:56:53.061 [warning] [Decorations] CAPPING events from decorations provider vscode.git 711
2026-06-28 01:56:58.212 [warning] [Decorations] CAPPING events from decorations provider vscode.git 711
2026-06-28 01:57:04.431 [warning] [Decorations] CAPPING events from decorations provider vscode.git 711
2026-06-28 01:57:09.618 [warning] [Decorations] CAPPING events from decorations provider vscode.git 711
2026-06-28 01:57:14.675 [warning] [Decorations] CAPPING events from decorations provider vscode.git 711
2026-06-28 01:57:37.632 [warning] [Decorations] CAPPING events from decorations provider vscode.git 711
2026-06-28 01:59:34.386 [warning] [Decorations] CAPPING events from decorations provider vscode.git 711
2026-06-28 02:10:27.980 [warning] [Decorations] CAPPING events from decorations provider vscode.git 711
2026-06-28 02:10:33.031 [warning] [Decorations] CAPPING events from decorations provider vscode.git 707
2026-06-28 02:19:23.153 [warning] [Decorations] CAPPING events from decorations provider vscode.git 708
2026-06-28 02:20:42.435 [warning] [Decorations] CAPPING events from decorations provider vscode.git 708
2026-06-28 02:22:25.425 [warning] [Decorations] CAPPING events from decorations provider vscode.git 708
2026-06-28 02:22:55.878 [warning] [Decorations] CAPPING events from decorations provider vscode.git 708
2026-06-28 02:25:21.364 [warning] [Decorations] CAPPING events from decorations provider vscode.git 708
2026-06-28 02:25:26.415 [warning] [Decorations] CAPPING events from decorations provider vscode.git 708
2026-06-28 02:25:31.447 [warning] [Decorations] CAPPING events from decorations provider vscode.git 708
2026-06-28 02:27:07.434 [warning] [Decorations] CAPPING events from decorations provider vscode.git 708
2026-06-28 02:27:19.899 [warning] [Decorations] CAPPING events from decorations provider vscode.git 708
2026-06-28 02:27:24.939 [warning] [Decorations] CAPPING events from decorations provider vscode.git 708
2026-06-28 02:27:48.295 [warning] [Decorations] CAPPING events from decorations provider vscode.git 708
2026-06-28 02:27:56.087 [warning] [Decorations] CAPPING events from decorations provider vscode.git 708
2026-06-28 02:28:16.725 [warning] [Decorations] CAPPING events from decorations provider vscode.git 708
2026-06-28 02:28:21.920 [warning] [Decorations] CAPPING events from decorations provider vscode.git 708
2026-06-28 02:28:27.015 [warning] [Decorations] CAPPING events from decorations provider vscode.git 708
2026-06-28 02:28:32.516 [warning] [Decorations] CAPPING events from decorations provider vscode.git 708
2026-06-28 02:28:37.670 [warning] [Decorations] CAPPING events from decorations provider vscode.git 708
2026-06-28 02:28:43.159 [warning] [Decorations] CAPPING events from decorations provider vscode.git 708
2026-06-28 02:29:11.080 [warning] [Decorations] CAPPING events from decorations provider vscode.git 708
2026-06-28 02:29:34.117 [warning] [Decorations] CAPPING events from decorations provider vscode.git 708
2026-06-28 02:29:39.151 [warning] [Decorations] CAPPING events from decorations provider vscode.git 708
2026-06-28 02:43:13.834 [warning] [Decorations] CAPPING events from decorations provider vscode.git 708
2026-06-28 02:44:21.508 [warning] [Decorations] CAPPING events from decorations provider vscode.git 709
2026-06-28 02:44:26.560 [warning] [Decorations] CAPPING events from decorations provider vscode.git 3872
2026-06-28 02:44:31.626 [warning] [Decorations] CAPPING events from decorations provider vscode.git 3872
2026-06-28 02:44:37.001 [warning] [Decorations] CAPPING events from decorations provider vscode.git 3872
2026-06-28 02:44:43.435 [warning] [Decorations] CAPPING events from decorations provider vscode.git 3872
2026-06-28 02:44:48.852 [warning] [Decorations] CAPPING events from decorations provider vscode.git 3872
2026-06-28 02:44:54.236 [warning] [Decorations] CAPPING events from decorations provider vscode.git 3872
2026-06-28 02:44:59.421 [warning] [Decorations] CAPPING events from decorations provider vscode.git 3873
2026-06-28 02:45:21.843 [warning] [Decorations] CAPPING events from decorations provider vscode.git 3872
2026-06-28 02:45:26.908 [warning] [Decorations] CAPPING events from decorations provider vscode.git 3872
2026-06-28 02:47:31.053 [warning] [Decorations] CAPPING events from decorations provider vscode.git 3872
2026-06-28 02:47:36.118 [warning] [Decorations] CAPPING events from decorations provider vscode.git 3872
2026-06-28 02:47:54.825 [warning] [Decorations] CAPPING events from decorations provider vscode.git 3872
2026-06-28 02:48:34.638 [warning] [Decorations] CAPPING events from decorations provider vscode.git 3872
2026-06-28 02:48:37.936 [info] Extension host terminating: renderer closed the MessagePort
2026-06-28 02:48:38.013 [info] Extension host with pid 302060 exiting with code 0
