2026-06-28 02:59:42.478 [info] Reading sessions from keychain...
2026-06-28 02:59:42.478 [info] Getting sessions for all scopes...
2026-06-28 02:59:42.533 [info] Got stored sessions!
2026-06-28 02:59:42.533 [info] Got 1 verified sessions.
2026-06-28 02:59:42.533 [info] Got 1 sessions for ...
2026-06-28 02:59:42.533 [info] Getting sessions for read:user,repo,user:email,workflow...
2026-06-28 02:59:42.533 [info] Got 1 sessions for read:user,repo,user:email,workflow...
2026-06-28 02:59:42.534 [info] Getting sessions for all scopes...
2026-06-28 02:59:42.534 [info] Got 1 sessions for ...
2026-06-28 02:59:42.534 [info] Getting sessions for all scopes...
2026-06-28 02:59:42.534 [info] Got 1 sessions for ...
2026-06-28 02:59:42.829 [info] Getting sessions for all scopes...
2026-06-28 02:59:42.829 [info] Got 1 sessions for ...
2026-06-28 02:59:42.872 [info] Getting sessions for all scopes...
2026-06-28 02:59:42.872 [info] Got 1 sessions for ...
2026-06-28 02:59:44.141 [info] Getting sessions for all scopes...
2026-06-28 02:59:44.141 [info] Got 1 sessions for ...
2026-06-28 02:59:44.254 [info] Getting sessions for all scopes...
2026-06-28 02:59:44.254 [info] Got 1 sessions for ...
2026-06-28 02:59:44.841 [info] FetcherService: Electron fetch failed with status: 401 
2026-06-28 02:59:46.115 [info] FetcherService: Node fetch failed with status: 401 Unauthorized
2026-06-28 02:59:47.388 [info] FetcherService: Node http/s failed with status: 401 Unauthorized
2026-06-28 03:00:20.372 [info] Getting sessions for all scopes...
2026-06-28 03:00:20.372 [info] Got 1 sessions for ...
2026-06-28 03:00:21.755 [info] Getting sessions for all scopes...
2026-06-28 03:00:21.755 [info] Got 1 sessions for ...
