2026-06-27 22:55:16.008 [info] [main] Log level: Info
2026-06-27 22:55:16.008 [info] [main] Validating found git in: "git"
2026-06-27 22:55:16.008 [info] [main] Using git "2.54.0" from "git"
2026-06-27 22:55:16.008 [info] [Model][doInitialScan] Initial repository scan started
2026-06-27 22:55:16.008 [info] > git rev-parse --show-toplevel [6ms]
2026-06-27 22:55:16.008 [info] > git rev-parse --git-dir --git-common-dir --show-superproject-working-tree [3ms]
2026-06-27 22:55:16.008 [info] [Model][openRepository] Opened repository (path): /home/ladybug-me/caelestia-dots-kde
2026-06-27 22:55:16.008 [info] [Model][openRepository] Opened repository (real path): /home/ladybug-me/caelestia-dots-kde
2026-06-27 22:55:16.008 [info] [Model][openRepository] Opened repository (kind): repository
2026-06-27 22:55:16.008 [info] > git config --get commit.template [1ms]
2026-06-27 22:55:16.008 [info] > git rev-parse --show-toplevel [1ms]
2026-06-27 22:55:16.008 [info] > git for-each-ref --format=%(refname)%00%(upstream:short)%00%(objectname)%00%(upstream:track)%00%(upstream:remotename)%00%(upstream:remoteref) refs/heads/main refs/remotes/main [4ms]
2026-06-27 22:55:16.008 [warning] [Git][revParse] Unable to read file: ENOENT: no such file or directory, open '/home/ladybug-me/caelestia-dots-kde/.git/refs/remotes/origin/main'
2026-06-27 22:55:16.008 [info] > git rev-parse --show-toplevel [4ms]
2026-06-27 22:55:16.008 [info] > git rev-parse refs/remotes/origin/main [4ms]
2026-06-27 22:55:16.008 [info] > git rev-parse --show-toplevel [8ms]
2026-06-27 22:55:16.008 [info] > git for-each-ref --sort -committerdate --format %(refname)%00%(objectname)%00%(*objectname) [23ms]
2026-06-27 22:55:16.008 [info] > git rev-parse --show-toplevel [50ms]
2026-06-27 22:55:16.014 [info] > git rev-parse --show-toplevel [3ms]
2026-06-27 22:55:16.205 [info] > git status -z -uall [255ms]
2026-06-27 22:55:16.205 [info] > git rev-parse --show-toplevel [188ms]
2026-06-27 22:55:16.249 [info] > git for-each-ref --format=%(refname)%00%(upstream:short)%00%(objectname)%00%(upstream:track)%00%(upstream:remotename)%00%(upstream:remoteref) refs/heads/main refs/remotes/main [7ms]
2026-06-27 22:55:16.251 [info] > git rev-parse --git-dir --git-common-dir --show-superproject-working-tree [43ms]
2026-06-27 22:55:16.254 [info] [Model][openRepository] Opened repository (path): /home/ladybug-me/caelestia-dots-kde/shell-new
2026-06-27 22:55:16.254 [info] [Model][openRepository] Opened repository (real path): /home/ladybug-me/caelestia-dots-kde/shell-new
2026-06-27 22:55:16.254 [info] [Model][openRepository] Opened repository (kind): repository
2026-06-27 22:55:16.262 [info] > git config --get --local branch.main.vscode-merge-base [11ms]
2026-06-27 22:55:16.265 [info] > git config --get commit.template [18ms]
2026-06-27 22:55:16.267 [info] > git for-each-ref --format=%(refname)%00%(upstream:short)%00%(objectname)%00%(upstream:track)%00%(upstream:remotename)%00%(upstream:remoteref) refs/heads/origin/main refs/remotes/origin/main [2ms]
2026-06-27 22:55:16.271 [info] > git rev-parse --show-toplevel [9ms]
2026-06-27 22:55:16.271 [info] > git config --get commit.template [11ms]
2026-06-27 22:55:16.276 [info] > git merge-base refs/heads/main refs/remotes/origin/main [6ms]
2026-06-27 22:55:16.283 [info] > git rev-parse --show-toplevel [7ms]
2026-06-27 22:55:16.285 [info] [Model][doInitialScan] Initial repository scan completed - repositories (2), closed repositories (0), parent repositories (0), unsafe repositories (0)
2026-06-27 22:55:16.285 [info] > git for-each-ref --format=%(refname)%00%(upstream:short)%00%(objectname)%00%(upstream:track)%00%(upstream:remotename)%00%(upstream:remoteref) refs/heads/main refs/remotes/main [12ms]
2026-06-27 22:55:16.287 [warning] [Git][revParse] Unable to read file: ENOENT: no such file or directory, open '/home/ladybug-me/caelestia-dots-kde/.git/refs/remotes/origin/main'
2026-06-27 22:55:16.287 [info] > git diff --name-status -z --diff-filter=ADMR --find-renames=50% 7c3fe8902858fe57c8d188e3dc1d69fe73bb2cb4...refs/remotes/origin/main -- [8ms]
2026-06-27 22:55:16.288 [info] > git rev-parse refs/remotes/origin/main [1ms]
2026-06-27 22:55:16.294 [info] > git for-each-ref --sort -committerdate --format %(refname)%00%(objectname)%00%(*objectname) [1ms]
2026-06-27 22:55:16.300 [info] > git for-each-ref --format=%(refname)%00%(upstream:short)%00%(objectname)%00%(upstream:track)%00%(upstream:remotename)%00%(upstream:remoteref) refs/heads/main refs/remotes/main [17ms]
2026-06-27 22:55:16.302 [warning] [Git][revParse] Unable to read file: ENOENT: no such file or directory, open '/home/ladybug-me/caelestia-dots-kde/shell-new/.git/refs/remotes/origin/main'
2026-06-27 22:55:16.305 [info] > git rev-parse refs/remotes/origin/main [3ms]
2026-06-27 22:55:16.502 [info] > git status -z -uall [212ms]
2026-06-27 22:55:16.502 [info] > git for-each-ref --sort -committerdate --format %(refname)%00%(objectname)%00%(*objectname) [192ms]
2026-06-27 22:55:16.541 [info] > git check-ignore -v -z --stdin [10ms]
2026-06-27 22:55:16.811 [info] > git status -z -uall [504ms]
2026-06-27 22:55:16.829 [info] > git for-each-ref --format=%(refname)%00%(upstream:short)%00%(objectname)%00%(upstream:track)%00%(upstream:remotename)%00%(upstream:remoteref) refs/heads/main refs/remotes/main [13ms]
2026-06-27 22:55:16.833 [info] > git config --get --local branch.main.vscode-merge-base [1ms]
2026-06-27 22:55:16.836 [info] > git config --get commit.template [7ms]
2026-06-27 22:55:16.838 [info] > git for-each-ref --format=%(refname)%00%(upstream:short)%00%(objectname)%00%(upstream:track)%00%(upstream:remotename)%00%(upstream:remoteref) refs/heads/origin/main refs/remotes/origin/main [2ms]
2026-06-27 22:55:16.841 [info] > git for-each-ref --format=%(refname)%00%(upstream:short)%00%(objectname)%00%(upstream:track)%00%(upstream:remotename)%00%(upstream:remoteref) refs/heads/main refs/remotes/main [3ms]
2026-06-27 22:55:16.841 [info] > git merge-base refs/heads/main refs/remotes/origin/main [0ms]
2026-06-27 22:55:16.846 [warning] [Git][revParse] Unable to read file: ENOENT: no such file or directory, open '/home/ladybug-me/caelestia-dots-kde/shell-new/.git/refs/remotes/origin/main'
2026-06-27 22:55:16.846 [info] > git diff --name-status -z --diff-filter=ADMR --find-renames=50% b9fac609e0064b4691734845dbea76dff2a13491...refs/remotes/origin/main -- [2ms]
2026-06-27 22:55:16.847 [info] > git rev-parse refs/remotes/origin/main [1ms]
2026-06-27 22:55:16.852 [info] > git for-each-ref --sort -committerdate --format %(refname)%00%(objectname)%00%(*objectname) [1ms]
2026-06-27 22:55:16.945 [info] > git status -z -uall [96ms]
2026-06-27 22:55:17.014 [info] > git rev-parse --show-toplevel [1ms]
2026-06-27 22:55:17.021 [info] > git rev-parse --git-dir --git-common-dir --show-superproject-working-tree [3ms]
2026-06-27 22:55:17.027 [info] [Model][openRepository] Opened repository (path): /home/ladybug-me/caelestia-dots-kde/shell/plugin/src/QMLTermWidget
2026-06-27 22:55:17.027 [info] [Model][openRepository] Opened repository (real path): /home/ladybug-me/caelestia-dots-kde/shell/plugin/src/QMLTermWidget
2026-06-27 22:55:17.027 [info] [Model][openRepository] Opened repository (kind): submodule
2026-06-27 22:55:17.032 [info] > git config --get commit.template [2ms]
2026-06-27 22:55:17.035 [info] > git for-each-ref --format=%(refname)%00%(upstream:short)%00%(objectname)%00%(upstream:track)%00%(upstream:remotename)%00%(upstream:remoteref) refs/heads/master refs/remotes/master [1ms]
2026-06-27 22:55:17.037 [warning] [Git][revParse] Unable to read file: ENOENT: no such file or directory, open '/home/ladybug-me/caelestia-dots-kde/.git/modules/shell/plugin/src/QMLTermWidget/refs/remotes/origin/master'
2026-06-27 22:55:17.038 [info] > git rev-parse refs/remotes/origin/master [1ms]
2026-06-27 22:55:17.044 [info] > git status -z -uall [3ms]
2026-06-27 22:55:17.044 [info] > git for-each-ref --sort -committerdate --format %(refname)%00%(objectname)%00%(*objectname) [1ms]
2026-06-27 22:55:17.065 [info] > git for-each-ref --format=%(refname)%00%(upstream:short)%00%(objectname)%00%(upstream:track)%00%(upstream:remotename)%00%(upstream:remoteref) refs/heads/master refs/remotes/master [16ms]
2026-06-27 22:55:17.073 [info] > git config --get --local branch.master.vscode-merge-base [4ms]
2026-06-27 22:55:17.076 [info] > git config --get commit.template [12ms]
2026-06-27 22:55:17.088 [info] > git for-each-ref --format=%(refname)%00%(upstream:short)%00%(objectname)%00%(upstream:track)%00%(upstream:remotename)%00%(upstream:remoteref) refs/heads/origin/master refs/remotes/origin/master [12ms]
2026-06-27 22:55:17.091 [info] > git for-each-ref --format=%(refname)%00%(upstream:short)%00%(objectname)%00%(upstream:track)%00%(upstream:remotename)%00%(upstream:remoteref) refs/heads/master refs/remotes/master [5ms]
2026-06-27 22:55:17.096 [warning] [Git][revParse] Unable to read file: ENOENT: no such file or directory, open '/home/ladybug-me/caelestia-dots-kde/.git/modules/shell/plugin/src/QMLTermWidget/refs/remotes/origin/master'
2026-06-27 22:55:17.096 [info] > git merge-base refs/heads/master refs/remotes/origin/master [6ms]
2026-06-27 22:55:17.100 [info] > git rev-parse refs/remotes/origin/master [4ms]
2026-06-27 22:55:17.107 [info] > git status -z -uall [5ms]
2026-06-27 22:55:17.107 [info] > git diff --name-status -z --diff-filter=ADMR --find-renames=50% 8913504fa2ebd220ebe7c680c32954e1b3c035c5...refs/remotes/origin/master -- [8ms]
2026-06-27 22:55:17.107 [info] > git for-each-ref --sort -committerdate --format %(refname)%00%(objectname)%00%(*objectname) [2ms]
2026-06-27 22:55:17.577 [info] > git check-ignore -v -z --stdin [2ms]
2026-06-27 22:57:40.287 [info] > git config --get commit.template [0ms]
2026-06-27 22:57:40.290 [info] > git for-each-ref --format=%(refname)%00%(upstream:short)%00%(objectname)%00%(upstream:track)%00%(upstream:remotename)%00%(upstream:remoteref) refs/heads/main refs/remotes/main [1ms]
2026-06-27 22:57:40.292 [warning] [Git][revParse] Unable to read file: ENOENT: no such file or directory, open '/home/ladybug-me/caelestia-dots-kde/.git/refs/remotes/origin/main'
2026-06-27 22:57:40.293 [info] > git rev-parse refs/remotes/origin/main [1ms]
2026-06-27 22:57:40.298 [info] > git for-each-ref --sort -committerdate --format %(refname)%00%(objectname)%00%(*objectname) [1ms]
2026-06-27 22:57:40.319 [info] > git status -z -uall [24ms]
2026-06-27 22:57:45.369 [info] > git config --get commit.template [1ms]
2026-06-27 22:57:45.376 [info] > git for-each-ref --format=%(refname)%00%(upstream:short)%00%(objectname)%00%(upstream:track)%00%(upstream:remotename)%00%(upstream:remoteref) refs/heads/main refs/remotes/main [2ms]
2026-06-27 22:57:45.381 [warning] [Git][revParse] Unable to read file: ENOENT: no such file or directory, open '/home/ladybug-me/caelestia-dots-kde/.git/refs/remotes/origin/main'
2026-06-27 22:57:45.381 [info] > git rev-parse refs/remotes/origin/main [0ms]
2026-06-27 22:57:45.390 [info] > git for-each-ref --sort -committerdate --format %(refname)%00%(objectname)%00%(*objectname) [2ms]
2026-06-27 22:57:45.407 [info] > git status -z -uall [22ms]
2026-06-27 22:57:50.459 [info] > git config --get commit.template [6ms]
2026-06-27 22:57:50.459 [info] > git for-each-ref --format=%(refname)%00%(upstream:short)%00%(objectname)%00%(upstream:track)%00%(upstream:remotename)%00%(upstream:remoteref) refs/heads/main refs/remotes/main [1ms]
2026-06-27 22:57:50.463 [warning] [Git][revParse] Unable to read file: ENOENT: no such file or directory, open '/home/ladybug-me/caelestia-dots-kde/.git/refs/remotes/origin/main'
2026-06-27 22:57:50.463 [info] > git rev-parse refs/remotes/origin/main [0ms]
2026-06-27 22:57:50.472 [info] > git for-each-ref --sort -committerdate --format %(refname)%00%(objectname)%00%(*objectname) [1ms]
2026-06-27 22:57:50.506 [info] > git status -z -uall [38ms]
2026-06-27 22:57:55.571 [info] > git config --get commit.template [1ms]
2026-06-27 22:57:55.578 [info] > git for-each-ref --format=%(refname)%00%(upstream:short)%00%(objectname)%00%(upstream:track)%00%(upstream:remotename)%00%(upstream:remoteref) refs/heads/main refs/remotes/main [2ms]
2026-06-27 22:57:55.584 [warning] [Git][revParse] Unable to read file: ENOENT: no such file or directory, open '/home/ladybug-me/caelestia-dots-kde/.git/refs/remotes/origin/main'
2026-06-27 22:57:55.585 [info] > git rev-parse refs/remotes/origin/main [1ms]
2026-06-27 22:57:55.600 [info] > git for-each-ref --sort -committerdate --format %(refname)%00%(objectname)%00%(*objectname) [3ms]
2026-06-27 22:57:55.641 [info] > git status -z -uall [49ms]
2026-06-27 22:58:00.740 [info] > git config --get commit.template [7ms]
2026-06-27 22:58:00.741 [info] > git for-each-ref --format=%(refname)%00%(upstream:short)%00%(objectname)%00%(upstream:track)%00%(upstream:remotename)%00%(upstream:remoteref) refs/heads/main refs/remotes/main [1ms]
2026-06-27 22:58:00.749 [warning] [Git][revParse] Unable to read file: ENOENT: no such file or directory, open '/home/ladybug-me/caelestia-dots-kde/.git/refs/remotes/origin/main'
2026-06-27 22:58:00.750 [info] > git rev-parse refs/remotes/origin/main [1ms]
2026-06-27 22:58:00.765 [info] > git for-each-ref --sort -committerdate --format %(refname)%00%(objectname)%00%(*objectname) [3ms]
2026-06-27 22:58:00.808 [info] > git status -z -uall [52ms]
2026-06-27 22:58:05.890 [info] > git config --get commit.template [1ms]
2026-06-27 22:58:05.899 [info] > git for-each-ref --format=%(refname)%00%(upstream:short)%00%(objectname)%00%(upstream:track)%00%(upstream:remotename)%00%(upstream:remoteref) refs/heads/main refs/remotes/main [1ms]
2026-06-27 22:58:05.907 [warning] [Git][revParse] Unable to read file: ENOENT: no such file or directory, open '/home/ladybug-me/caelestia-dots-kde/.git/refs/remotes/origin/main'
2026-06-27 22:58:05.911 [info] > git rev-parse refs/remotes/origin/main [4ms]
2026-06-27 22:58:05.928 [info] > git for-each-ref --sort -committerdate --format %(refname)%00%(objectname)%00%(*objectname) [1ms]
2026-06-27 22:58:05.967 [info] > git status -z -uall [49ms]
2026-06-27 22:58:11.048 [info] > git config --get commit.template [3ms]
2026-06-27 22:58:11.048 [info] > git for-each-ref --format=%(refname)%00%(upstream:short)%00%(objectname)%00%(upstream:track)%00%(upstream:remotename)%00%(upstream:remoteref) refs/heads/main refs/remotes/main [1ms]
2026-06-27 22:58:11.051 [warning] [Git][revParse] Unable to read file: ENOENT: no such file or directory, open '/home/ladybug-me/caelestia-dots-kde/.git/refs/remotes/origin/main'
2026-06-27 22:58:11.052 [info] > git rev-parse refs/remotes/origin/main [1ms]
2026-06-27 22:58:11.058 [info] > git for-each-ref --sort -committerdate --format %(refname)%00%(objectname)%00%(*objectname) [1ms]
2026-06-27 22:58:11.075 [info] > git status -z -uall [21ms]
2026-06-27 22:58:28.342 [info] > git config --get commit.template [3ms]
2026-06-27 22:58:28.343 [info] > git for-each-ref --format=%(refname)%00%(upstream:short)%00%(objectname)%00%(upstream:track)%00%(upstream:remotename)%00%(upstream:remoteref) refs/heads/main refs/remotes/main [1ms]
2026-06-27 22:58:28.346 [warning] [Git][revParse] Unable to read file: ENOENT: no such file or directory, open '/home/ladybug-me/caelestia-dots-kde/.git/refs/remotes/origin/main'
2026-06-27 22:58:28.346 [info] > git rev-parse refs/remotes/origin/main [0ms]
2026-06-27 22:58:28.351 [info] > git for-each-ref --sort -committerdate --format %(refname)%00%(objectname)%00%(*objectname) [0ms]
2026-06-27 22:58:28.370 [info] > git status -z -uall [22ms]
2026-06-27 22:58:33.412 [info] > git config --get commit.template [5ms]
2026-06-27 22:58:33.413 [info] > git for-each-ref --format=%(refname)%00%(upstream:short)%00%(objectname)%00%(upstream:track)%00%(upstream:remotename)%00%(upstream:remoteref) refs/heads/main refs/remotes/main [2ms]
2026-06-27 22:58:33.416 [warning] [Git][revParse] Unable to read file: ENOENT: no such file or directory, open '/home/ladybug-me/caelestia-dots-kde/.git/refs/remotes/origin/main'
2026-06-27 22:58:33.417 [info] > git rev-parse refs/remotes/origin/main [1ms]
2026-06-27 22:58:33.425 [info] > git for-each-ref --sort -committerdate --format %(refname)%00%(objectname)%00%(*objectname) [1ms]
2026-06-27 22:58:33.443 [info] > git status -z -uall [23ms]
2026-06-27 22:59:41.397 [info] > git check-ignore -v -z --stdin [1ms]
2026-06-27 22:59:41.898 [info] > git config --get commit.template [0ms]
2026-06-27 22:59:41.904 [info] > git for-each-ref --format=%(refname)%00%(upstream:short)%00%(objectname)%00%(upstream:track)%00%(upstream:remotename)%00%(upstream:remoteref) refs/heads/main refs/remotes/main [2ms]
2026-06-27 22:59:41.907 [warning] [Git][revParse] Unable to read file: ENOENT: no such file or directory, open '/home/ladybug-me/caelestia-dots-kde/.git/refs/remotes/origin/main'
2026-06-27 22:59:41.908 [info] > git rev-parse refs/remotes/origin/main [1ms]
2026-06-27 22:59:41.914 [info] > git for-each-ref --sort -committerdate --format %(refname)%00%(objectname)%00%(*objectname) [1ms]
2026-06-27 22:59:41.934 [info] > git status -z -uall [24ms]
2026-06-27 22:59:49.472 [info] > git config --get commit.template [1ms]
2026-06-27 22:59:49.475 [info] > git for-each-ref --format=%(refname)%00%(upstream:short)%00%(objectname)%00%(upstream:track)%00%(upstream:remotename)%00%(upstream:remoteref) refs/heads/main refs/remotes/main [1ms]
2026-06-27 22:59:49.478 [warning] [Git][revParse] Unable to read file: ENOENT: no such file or directory, open '/home/ladybug-me/caelestia-dots-kde/.git/refs/remotes/origin/main'
2026-06-27 22:59:49.478 [info] > git rev-parse refs/remotes/origin/main [0ms]
2026-06-27 22:59:49.486 [info] > git for-each-ref --sort -committerdate --format %(refname)%00%(objectname)%00%(*objectname) [2ms]
2026-06-27 22:59:49.505 [info] > git status -z -uall [24ms]
2026-06-27 23:00:00.209 [info] > git config --get commit.template [2ms]
2026-06-27 23:00:00.217 [info] > git for-each-ref --format=%(refname)%00%(upstream:short)%00%(objectname)%00%(upstream:track)%00%(upstream:remotename)%00%(upstream:remoteref) refs/heads/main refs/remotes/main [2ms]
2026-06-27 23:00:00.221 [warning] [Git][revParse] Unable to read file: ENOENT: no such file or directory, open '/home/ladybug-me/caelestia-dots-kde/.git/refs/remotes/origin/main'
2026-06-27 23:00:00.223 [info] > git rev-parse refs/remotes/origin/main [2ms]
2026-06-27 23:00:00.232 [info] > git for-each-ref --sort -committerdate --format %(refname)%00%(objectname)%00%(*objectname) [1ms]
2026-06-27 23:00:00.247 [info] > git status -z -uall [21ms]
2026-06-27 23:00:57.502 [info] > git check-ignore -v -z --stdin [1ms]
2026-06-27 23:00:58.012 [info] > git config --get commit.template [6ms]
2026-06-27 23:00:58.013 [info] > git for-each-ref --format=%(refname)%00%(upstream:short)%00%(objectname)%00%(upstream:track)%00%(upstream:remotename)%00%(upstream:remoteref) refs/heads/main refs/remotes/main [1ms]
2026-06-27 23:00:58.020 [warning] [Git][revParse] Unable to read file: ENOENT: no such file or directory, open '/home/ladybug-me/caelestia-dots-kde/.git/refs/remotes/origin/main'
2026-06-27 23:00:58.022 [info] > git rev-parse refs/remotes/origin/main [2ms]
2026-06-27 23:00:58.034 [info] > git for-each-ref --sort -committerdate --format %(refname)%00%(objectname)%00%(*objectname) [2ms]
2026-06-27 23:00:58.055 [info] > git status -z -uall [28ms]
