2026-06-27 23:08:10.935 [info] [main] Log level: Info
2026-06-27 23:08:10.935 [info] [main] Validating found git in: "git"
2026-06-27 23:08:10.935 [info] [main] Using git "2.54.0" from "git"
2026-06-27 23:08:10.935 [info] [Model][doInitialScan] Initial repository scan started
2026-06-27 23:08:10.935 [info] > git rev-parse --show-toplevel [3ms]
2026-06-27 23:08:10.935 [info] > git rev-parse --git-dir --git-common-dir --show-superproject-working-tree [2ms]
2026-06-27 23:08:10.935 [info] [Model][openRepository] Opened repository (path): /home/ladybug-me/caelestia-dots-kde
2026-06-27 23:08:10.935 [info] [Model][openRepository] Opened repository (real path): /home/ladybug-me/caelestia-dots-kde
2026-06-27 23:08:10.935 [info] [Model][openRepository] Opened repository (kind): repository
2026-06-27 23:08:10.935 [info] > git rev-parse --show-toplevel [2ms]
2026-06-27 23:08:10.935 [info] > git config --get commit.template [5ms]
2026-06-27 23:08:10.935 [info] > git for-each-ref --format=%(refname)%00%(upstream:short)%00%(objectname)%00%(upstream:track)%00%(upstream:remotename)%00%(upstream:remoteref) refs/heads/main refs/remotes/main [3ms]
2026-06-27 23:08:10.935 [info] > git rev-parse --show-toplevel [8ms]
2026-06-27 23:08:10.935 [warning] [Git][revParse] Unable to read file: ENOENT: no such file or directory, open '/home/ladybug-me/caelestia-dots-kde/.git/refs/remotes/origin/main'
2026-06-27 23:08:10.935 [info] > git rev-parse refs/remotes/origin/main [3ms]
2026-06-27 23:08:10.935 [info] > git rev-parse --show-toplevel [11ms]
2026-06-27 23:08:10.935 [info] > git for-each-ref --sort -committerdate --format %(refname)%00%(objectname)%00%(*objectname) [28ms]
2026-06-27 23:08:10.935 [info] > git rev-parse --show-toplevel [57ms]
2026-06-27 23:08:10.944 [info] > git rev-parse --show-toplevel [4ms]
2026-06-27 23:08:11.183 [info] > git rev-parse --show-toplevel [235ms]
2026-06-27 23:08:11.193 [info] > git status -z -uall [328ms]
2026-06-27 23:08:11.263 [info] > git for-each-ref --format=%(refname)%00%(upstream:short)%00%(objectname)%00%(upstream:track)%00%(upstream:remotename)%00%(upstream:remoteref) refs/heads/main refs/remotes/main [6ms]
2026-06-27 23:08:11.268 [info] > git rev-parse --git-dir --git-common-dir --show-superproject-working-tree [76ms]
2026-06-27 23:08:11.272 [info] [Model][openRepository] Opened repository (path): /home/ladybug-me/caelestia-dots-kde/shell-new
2026-06-27 23:08:11.272 [info] [Model][openRepository] Opened repository (real path): /home/ladybug-me/caelestia-dots-kde/shell-new
2026-06-27 23:08:11.272 [info] [Model][openRepository] Opened repository (kind): repository
2026-06-27 23:08:11.288 [info] > git config --get --local branch.main.vscode-merge-base [21ms]
2026-06-27 23:08:11.291 [info] > git config --get commit.template [28ms]
2026-06-27 23:08:11.294 [info] > git for-each-ref --format=%(refname)%00%(upstream:short)%00%(objectname)%00%(upstream:track)%00%(upstream:remotename)%00%(upstream:remoteref) refs/heads/origin/main refs/remotes/origin/main [3ms]
2026-06-27 23:08:11.299 [info] > git rev-parse --show-toplevel [12ms]
2026-06-27 23:08:11.299 [info] > git config --get commit.template [16ms]
2026-06-27 23:08:11.308 [info] > git merge-base refs/heads/main refs/remotes/origin/main [9ms]
2026-06-27 23:08:11.645 [info] > git diff --name-status -z --diff-filter=ADMR --find-renames=50% 7c3fe8902858fe57c8d188e3dc1d69fe73bb2cb4...refs/remotes/origin/main -- [334ms]
2026-06-27 23:08:11.646 [info] > git rev-parse --show-toplevel [339ms]
2026-06-27 23:08:11.648 [info] [Model][doInitialScan] Initial repository scan completed - repositories (2), closed repositories (0), parent repositories (0), unsafe repositories (0)
2026-06-27 23:08:11.648 [info] > git for-each-ref --format=%(refname)%00%(upstream:short)%00%(objectname)%00%(upstream:track)%00%(upstream:remotename)%00%(upstream:remoteref) refs/heads/main refs/remotes/main [344ms]
2026-06-27 23:08:11.665 [warning] [Git][revParse] Unable to read file: ENOENT: no such file or directory, open '/home/ladybug-me/caelestia-dots-kde/.git/refs/remotes/origin/main'
2026-06-27 23:08:11.665 [info] > git for-each-ref --format=%(refname)%00%(upstream:short)%00%(objectname)%00%(upstream:track)%00%(upstream:remotename)%00%(upstream:remoteref) refs/heads/main refs/remotes/main [21ms]
2026-06-27 23:08:11.669 [warning] [Git][revParse] Unable to read file: ENOENT: no such file or directory, open '/home/ladybug-me/caelestia-dots-kde/shell-new/.git/refs/remotes/origin/main'
2026-06-27 23:08:11.669 [info] > git check-ignore -v -z --stdin [18ms]
2026-06-27 23:08:11.670 [info] > git rev-parse refs/remotes/origin/main [1ms]
2026-06-27 23:08:11.677 [info] > git rev-parse refs/remotes/origin/main [12ms]
2026-06-27 23:08:11.683 [info] > git for-each-ref --sort -committerdate --format %(refname)%00%(objectname)%00%(*objectname) [7ms]
2026-06-27 23:08:11.684 [info] > git for-each-ref --sort -committerdate --format %(refname)%00%(objectname)%00%(*objectname) [1ms]
2026-06-27 23:08:11.711 [info] > git status -z -uall [31ms]
2026-06-27 23:08:11.760 [info] > git rev-parse --show-toplevel [49ms]
2026-06-27 23:08:11.767 [info] > git rev-parse --git-dir --git-common-dir --show-superproject-working-tree [4ms]
2026-06-27 23:08:11.770 [info] [Model][openRepository] Opened repository (path): /home/ladybug-me/caelestia-dots-kde/shell/plugin/src/QMLTermWidget
2026-06-27 23:08:11.770 [info] [Model][openRepository] Opened repository (real path): /home/ladybug-me/caelestia-dots-kde/shell/plugin/src/QMLTermWidget
2026-06-27 23:08:11.770 [info] [Model][openRepository] Opened repository (kind): submodule
2026-06-27 23:08:11.791 [info] > git status -z -uall [118ms]
2026-06-27 23:08:11.792 [info] > git config --get commit.template [17ms]
2026-06-27 23:08:11.812 [info] > git for-each-ref --format=%(refname)%00%(upstream:short)%00%(objectname)%00%(upstream:track)%00%(upstream:remotename)%00%(upstream:remoteref) refs/heads/main refs/remotes/main [16ms]
2026-06-27 23:08:11.820 [info] > git config --get --local branch.main.vscode-merge-base [5ms]
2026-06-27 23:08:11.823 [info] > git config --get commit.template [12ms]
2026-06-27 23:08:12.125 [info] > git for-each-ref --format=%(refname)%00%(upstream:short)%00%(objectname)%00%(upstream:track)%00%(upstream:remotename)%00%(upstream:remoteref) refs/heads/origin/main refs/remotes/origin/main [301ms]
2026-06-27 23:08:12.128 [info] > git for-each-ref --format=%(refname)%00%(upstream:short)%00%(objectname)%00%(upstream:track)%00%(upstream:remotename)%00%(upstream:remoteref) refs/heads/master refs/remotes/master [309ms]
2026-06-27 23:08:12.149 [warning] [Git][revParse] Unable to read file: ENOENT: no such file or directory, open '/home/ladybug-me/caelestia-dots-kde/.git/modules/shell/plugin/src/QMLTermWidget/refs/remotes/origin/master'
2026-06-27 23:08:12.149 [info] > git merge-base refs/heads/main refs/remotes/origin/main [21ms]
2026-06-27 23:08:12.164 [info] > git diff --name-status -z --diff-filter=ADMR --find-renames=50% b9fac609e0064b4691734845dbea76dff2a13491...refs/remotes/origin/main -- [9ms]
2026-06-27 23:08:12.164 [info] > git rev-parse refs/remotes/origin/master [16ms]
2026-06-27 23:08:12.177 [info] > git for-each-ref --format=%(refname)%00%(upstream:short)%00%(objectname)%00%(upstream:track)%00%(upstream:remotename)%00%(upstream:remoteref) refs/heads/main refs/remotes/main [35ms]
2026-06-27 23:08:12.182 [warning] [Git][revParse] Unable to read file: ENOENT: no such file or directory, open '/home/ladybug-me/caelestia-dots-kde/shell-new/.git/refs/remotes/origin/main'
2026-06-27 23:08:12.183 [info] > git check-ignore -v -z --stdin [21ms]
2026-06-27 23:08:12.184 [info] > git status -z -uall [14ms]
2026-06-27 23:08:12.185 [info] > git rev-parse refs/remotes/origin/main [3ms]
2026-06-27 23:08:12.191 [info] > git for-each-ref --sort -committerdate --format %(refname)%00%(objectname)%00%(*objectname) [15ms]
2026-06-27 23:08:12.209 [info] > git for-each-ref --format=%(refname)%00%(upstream:short)%00%(objectname)%00%(upstream:track)%00%(upstream:remotename)%00%(upstream:remoteref) refs/heads/master refs/remotes/master [9ms]
2026-06-27 23:08:12.213 [info] > git for-each-ref --sort -committerdate --format %(refname)%00%(objectname)%00%(*objectname) [22ms]
2026-06-27 23:08:12.214 [info] > git config --get --local branch.master.vscode-merge-base [1ms]
2026-06-27 23:08:12.217 [info] > git config --get commit.template [9ms]
2026-06-27 23:08:12.218 [info] > git for-each-ref --format=%(refname)%00%(upstream:short)%00%(objectname)%00%(upstream:track)%00%(upstream:remotename)%00%(upstream:remoteref) refs/heads/origin/master refs/remotes/origin/master [1ms]
2026-06-27 23:08:12.227 [info] > git for-each-ref --format=%(refname)%00%(upstream:short)%00%(objectname)%00%(upstream:track)%00%(upstream:remotename)%00%(upstream:remoteref) refs/heads/master refs/remotes/master [1ms]
2026-06-27 23:08:12.227 [info] > git merge-base refs/heads/master refs/remotes/origin/master [6ms]
2026-06-27 23:08:12.233 [warning] [Git][revParse] Unable to read file: ENOENT: no such file or directory, open '/home/ladybug-me/caelestia-dots-kde/.git/modules/shell/plugin/src/QMLTermWidget/refs/remotes/origin/master'
2026-06-27 23:08:12.236 [info] > git rev-parse refs/remotes/origin/master [3ms]
2026-06-27 23:08:12.243 [info] > git diff --name-status -z --diff-filter=ADMR --find-renames=50% 8913504fa2ebd220ebe7c680c32954e1b3c035c5...refs/remotes/origin/master -- [13ms]
2026-06-27 23:08:12.253 [info] > git status -z -uall [14ms]
2026-06-27 23:08:12.253 [info] > git for-each-ref --sort -committerdate --format %(refname)%00%(objectname)%00%(*objectname) [11ms]
2026-06-27 23:08:12.299 [info] > git status -z -uall [111ms]
2026-06-27 23:21:16.836 [info] > git check-ignore -v -z --stdin [1ms]
2026-06-27 23:21:17.351 [info] > git config --get commit.template [4ms]
2026-06-27 23:21:17.366 [info] > git for-each-ref --format=%(refname)%00%(upstream:short)%00%(objectname)%00%(upstream:track)%00%(upstream:remotename)%00%(upstream:remoteref) refs/heads/main refs/remotes/main [5ms]
2026-06-27 23:21:17.373 [warning] [Git][revParse] Unable to read file: ENOENT: no such file or directory, open '/home/ladybug-me/caelestia-dots-kde/.git/refs/remotes/origin/main'
2026-06-27 23:21:17.375 [info] > git rev-parse refs/remotes/origin/main [2ms]
2026-06-27 23:21:17.391 [info] > git for-each-ref --sort -committerdate --format %(refname)%00%(objectname)%00%(*objectname) [2ms]
2026-06-27 23:21:17.412 [info] > git status -z -uall [29ms]
2026-06-27 23:21:27.347 [info] > git config --get commit.template [0ms]
2026-06-27 23:21:27.350 [info] > git for-each-ref --format=%(refname)%00%(upstream:short)%00%(objectname)%00%(upstream:track)%00%(upstream:remotename)%00%(upstream:remoteref) refs/heads/main refs/remotes/main [1ms]
2026-06-27 23:21:27.353 [warning] [Git][revParse] Unable to read file: ENOENT: no such file or directory, open '/home/ladybug-me/caelestia-dots-kde/.git/refs/remotes/origin/main'
2026-06-27 23:21:27.354 [info] > git rev-parse refs/remotes/origin/main [1ms]
2026-06-27 23:21:27.360 [info] > git for-each-ref --sort -committerdate --format %(refname)%00%(objectname)%00%(*objectname) [1ms]
2026-06-27 23:21:27.378 [info] > git status -z -uall [22ms]
2026-06-27 23:21:36.384 [info] > git config --get commit.template [1ms]
2026-06-27 23:21:36.389 [info] > git for-each-ref --format=%(refname)%00%(upstream:short)%00%(objectname)%00%(upstream:track)%00%(upstream:remotename)%00%(upstream:remoteref) refs/heads/main refs/remotes/main [1ms]
2026-06-27 23:21:36.393 [warning] [Git][revParse] Unable to read file: ENOENT: no such file or directory, open '/home/ladybug-me/caelestia-dots-kde/.git/refs/remotes/origin/main'
2026-06-27 23:21:36.394 [info] > git rev-parse refs/remotes/origin/main [1ms]
2026-06-27 23:21:36.404 [info] > git for-each-ref --sort -committerdate --format %(refname)%00%(objectname)%00%(*objectname) [2ms]
2026-06-27 23:21:36.452 [info] > git status -z -uall [54ms]
2026-06-27 23:21:44.680 [info] > git config --get commit.template [5ms]
2026-06-27 23:21:44.680 [info] > git for-each-ref --format=%(refname)%00%(upstream:short)%00%(objectname)%00%(upstream:track)%00%(upstream:remotename)%00%(upstream:remoteref) refs/heads/main refs/remotes/main [1ms]
2026-06-27 23:21:44.684 [warning] [Git][revParse] Unable to read file: ENOENT: no such file or directory, open '/home/ladybug-me/caelestia-dots-kde/.git/refs/remotes/origin/main'
2026-06-27 23:21:44.685 [info] > git rev-parse refs/remotes/origin/main [1ms]
2026-06-27 23:21:44.693 [info] > git for-each-ref --sort -committerdate --format %(refname)%00%(objectname)%00%(*objectname) [0ms]
2026-06-27 23:21:44.711 [info] > git status -z -uall [23ms]
2026-06-27 23:21:55.244 [info] > git config --get commit.template [0ms]
2026-06-27 23:21:55.247 [info] > git for-each-ref --format=%(refname)%00%(upstream:short)%00%(objectname)%00%(upstream:track)%00%(upstream:remotename)%00%(upstream:remoteref) refs/heads/main refs/remotes/main [1ms]
2026-06-27 23:21:55.249 [warning] [Git][revParse] Unable to read file: ENOENT: no such file or directory, open '/home/ladybug-me/caelestia-dots-kde/.git/refs/remotes/origin/main'
2026-06-27 23:21:55.250 [info] > git rev-parse refs/remotes/origin/main [1ms]
2026-06-27 23:21:55.257 [info] > git for-each-ref --sort -committerdate --format %(refname)%00%(objectname)%00%(*objectname) [1ms]
2026-06-27 23:21:55.274 [info] > git status -z -uall [21ms]
2026-06-27 23:22:13.264 [info] > git config --get commit.template [0ms]
2026-06-27 23:22:13.267 [info] > git for-each-ref --format=%(refname)%00%(upstream:short)%00%(objectname)%00%(upstream:track)%00%(upstream:remotename)%00%(upstream:remoteref) refs/heads/main refs/remotes/main [0ms]
2026-06-27 23:22:13.270 [warning] [Git][revParse] Unable to read file: ENOENT: no such file or directory, open '/home/ladybug-me/caelestia-dots-kde/.git/refs/remotes/origin/main'
2026-06-27 23:22:13.271 [info] > git rev-parse refs/remotes/origin/main [1ms]
2026-06-27 23:22:13.280 [info] > git for-each-ref --sort -committerdate --format %(refname)%00%(objectname)%00%(*objectname) [2ms]
2026-06-27 23:22:13.299 [info] > git status -z -uall [24ms]
2026-06-27 23:23:45.097 [info] > git check-ignore -v -z --stdin [1ms]
2026-06-27 23:23:45.602 [info] > git config --get commit.template [4ms]
2026-06-27 23:23:45.602 [info] > git for-each-ref --format=%(refname)%00%(upstream:short)%00%(objectname)%00%(upstream:track)%00%(upstream:remotename)%00%(upstream:remoteref) refs/heads/main refs/remotes/main [1ms]
2026-06-27 23:23:45.605 [warning] [Git][revParse] Unable to read file: ENOENT: no such file or directory, open '/home/ladybug-me/caelestia-dots-kde/.git/refs/remotes/origin/main'
2026-06-27 23:23:45.606 [info] > git rev-parse refs/remotes/origin/main [1ms]
2026-06-27 23:23:45.613 [info] > git for-each-ref --sort -committerdate --format %(refname)%00%(objectname)%00%(*objectname) [1ms]
2026-06-27 23:23:45.633 [info] > git status -z -uall [24ms]
2026-06-27 23:23:54.415 [info] > git config --get commit.template [0ms]
2026-06-27 23:23:54.419 [info] > git for-each-ref --format=%(refname)%00%(upstream:short)%00%(objectname)%00%(upstream:track)%00%(upstream:remotename)%00%(upstream:remoteref) refs/heads/main refs/remotes/main [1ms]
2026-06-27 23:23:54.422 [warning] [Git][revParse] Unable to read file: ENOENT: no such file or directory, open '/home/ladybug-me/caelestia-dots-kde/.git/refs/remotes/origin/main'
2026-06-27 23:23:54.422 [info] > git rev-parse refs/remotes/origin/main [0ms]
2026-06-27 23:23:54.428 [info] > git for-each-ref --sort -committerdate --format %(refname)%00%(objectname)%00%(*objectname) [0ms]
2026-06-27 23:23:54.445 [info] > git status -z -uall [20ms]
2026-06-27 23:26:51.721 [info] > git check-ignore -v -z --stdin [1ms]
2026-06-27 23:26:52.221 [info] > git config --get commit.template [0ms]
2026-06-27 23:26:52.226 [info] > git for-each-ref --format=%(refname)%00%(upstream:short)%00%(objectname)%00%(upstream:track)%00%(upstream:remotename)%00%(upstream:remoteref) refs/heads/main refs/remotes/main [1ms]
2026-06-27 23:26:52.229 [warning] [Git][revParse] Unable to read file: ENOENT: no such file or directory, open '/home/ladybug-me/caelestia-dots-kde/.git/refs/remotes/origin/main'
2026-06-27 23:26:52.230 [info] > git rev-parse refs/remotes/origin/main [1ms]
2026-06-27 23:26:52.238 [info] > git for-each-ref --sort -committerdate --format %(refname)%00%(objectname)%00%(*objectname) [1ms]
2026-06-27 23:26:52.256 [info] > git status -z -uall [24ms]
2026-06-27 23:32:34.441 [info] > git config --get commit.template [5ms]
2026-06-27 23:32:34.441 [info] > git for-each-ref --format=%(refname)%00%(upstream:short)%00%(objectname)%00%(upstream:track)%00%(upstream:remotename)%00%(upstream:remoteref) refs/heads/main refs/remotes/main [1ms]
2026-06-27 23:32:34.445 [warning] [Git][revParse] Unable to read file: ENOENT: no such file or directory, open '/home/ladybug-me/caelestia-dots-kde/.git/refs/remotes/origin/main'
2026-06-27 23:32:34.446 [info] > git rev-parse refs/remotes/origin/main [1ms]
2026-06-27 23:32:34.455 [info] > git for-each-ref --sort -committerdate --format %(refname)%00%(objectname)%00%(*objectname) [1ms]
2026-06-27 23:32:34.477 [info] > git status -z -uall [27ms]
2026-06-27 23:33:03.886 [info] > git config --get commit.template [4ms]
2026-06-27 23:33:03.886 [info] > git for-each-ref --format=%(refname)%00%(upstream:short)%00%(objectname)%00%(upstream:track)%00%(upstream:remotename)%00%(upstream:remoteref) refs/heads/main refs/remotes/main [1ms]
2026-06-27 23:33:03.889 [warning] [Git][revParse] Unable to read file: ENOENT: no such file or directory, open '/home/ladybug-me/caelestia-dots-kde/.git/refs/remotes/origin/main'
2026-06-27 23:33:03.890 [info] > git rev-parse refs/remotes/origin/main [1ms]
2026-06-27 23:33:03.898 [info] > git for-each-ref --sort -committerdate --format %(refname)%00%(objectname)%00%(*objectname) [2ms]
2026-06-27 23:33:03.918 [info] > git status -z -uall [26ms]
2026-06-27 23:33:20.911 [info] > git config --get commit.template [4ms]
2026-06-27 23:33:20.912 [info] > git for-each-ref --format=%(refname)%00%(upstream:short)%00%(objectname)%00%(upstream:track)%00%(upstream:remotename)%00%(upstream:remoteref) refs/heads/main refs/remotes/main [1ms]
2026-06-27 23:33:20.915 [warning] [Git][revParse] Unable to read file: ENOENT: no such file or directory, open '/home/ladybug-me/caelestia-dots-kde/.git/refs/remotes/origin/main'
2026-06-27 23:33:20.917 [info] > git rev-parse refs/remotes/origin/main [2ms]
2026-06-27 23:33:20.926 [info] > git for-each-ref --sort -committerdate --format %(refname)%00%(objectname)%00%(*objectname) [1ms]
2026-06-27 23:33:20.947 [info] > git status -z -uall [26ms]
