2026-06-27 23:08:12.208 [info] I0627 23:08:12.200705 21770 server.go:1296] Starting language server process with pid 21770
2026-06-27 23:08:12.208 [info] I0627 23:08:12.200772 21770 server.go:336] Setting GOMAXPROCS to 4
2026-06-27 23:08:12.208 [info] I0627 23:08:12.201734 21770 server.go:479] Language server will attempt to listen on host localhost
2026-06-27 23:08:12.208 [info] I0627 23:08:12.203471 21770 server.go:493] Language server listening on random port at 34001 for HTTPS (gRPC)
2026-06-27 23:08:12.208 [info] I0627 23:08:12.204031 21770 server.go:500] Language server listening on random port at 41377 for HTTP
2026-06-27 23:08:12.655 [info] I0627 23:08:12.654797 21770 server.go:472] Created extension server client at port 35423
2026-06-27 23:08:12.677 [info] I0627 23:08:12.677658 21770 manager.go:92] Creating trajectory store manager with proto store and SQLite store
2026-06-27 23:08:15.402 [info] I0627 23:08:15.402429 21770 http_helpers.go:183] URL: https://daily-cloudcode-pa.googleapis.com/v1internal:loadCodeAssist Trace: 0x9b97df09811b2296
2026-06-27 23:08:15.678 [info] E0627 23:08:15.678551 21770 log.go:398] WaitForReady failed: context deadline exceeded
2026-06-27 23:08:15.680 [info] I0627 23:08:15.679881 21770 server.go:2283] Auth succeeded, refreshing features and managers
2026-06-27 23:08:16.109 [info] I0627 23:08:16.109469 21770 http_helpers.go:183] URL: https://daily-cloudcode-pa.googleapis.com/v1internal:fetchAvailableModels Trace: 0x1235ed611a7386e2
2026-06-27 23:08:16.113 [info] I0627 23:08:16.112849 21770 server.go:2289] State refresh took 432ms
2026-06-27 23:08:16.123 [info] (Antigravity IDE) 2026-06-27 23:08:16.122 [INFO]: Language server started
2026-06-27 23:08:16.133 [info] I0627 23:08:16.132102 21770 server.go:1944] initialized server successfully in 3.931310157s
2026-06-27 23:08:16.148 [info] (Antigravity IDE) 2026-06-27 23:08:16.148 [INFO]: LS lspClient started successfully
2026-06-27 23:14:14.422 [info] I0627 23:14:14.421702 21770 http_helpers.go:183] URL: https://daily-cloudcode-pa.googleapis.com/v1internal:fetchAvailableModels Trace: 0xbeb454791f42a5ea
2026-06-27 23:14:15.863 [info] I0627 23:14:15.862228 21770 http_helpers.go:183] URL: https://daily-cloudcode-pa.googleapis.com/v1internal:loadCodeAssist Trace: 0x6c4c9bac3ed51c86
2026-06-27 23:18:15.268 [info] I0627 23:18:15.268190 21770 http_helpers.go:183] URL: https://daily-cloudcode-pa.googleapis.com/v1internal:loadCodeAssist Trace: 0x225e66f5a1824f8e
2026-06-27 23:18:15.984 [info] I0627 23:18:15.984089 21770 http_helpers.go:183] URL: https://daily-cloudcode-pa.googleapis.com/v1internal:fetchAvailableModels Trace: 0xd88bca2c2fb130f6
2026-06-27 23:24:13.879 [info] I0627 23:24:13.878490 21770 http_helpers.go:183] URL: https://daily-cloudcode-pa.googleapis.com/v1internal:fetchAvailableModels Trace: 0xa7d8eb7c8cab77d2
2026-06-27 23:24:15.906 [info] I0627 23:24:15.905660 21770 http_helpers.go:183] URL: https://daily-cloudcode-pa.googleapis.com/v1internal:loadCodeAssist Trace: 0xd82bd44b5737d163
2026-06-27 23:29:46.762 [info] (Antigravity IDE) 2026-06-27 23:29:46.761 [INFO]: [Terminal] Command completed:  exit code 0
2026-06-27 23:29:49.380 [info] (Antigravity IDE) 2026-06-27 23:29:49.380 [INFO]: [Terminal] Command completed:  exit code 0
2026-06-27 23:30:13.986 [info] I0627 23:30:13.986254 21770 http_helpers.go:183] URL: https://daily-cloudcode-pa.googleapis.com/v1internal:fetchAvailableModels Trace: 0x6d052d3f67e830ed
2026-06-27 23:30:15.961 [info] I0627 23:30:15.961137 21770 http_helpers.go:183] URL: https://daily-cloudcode-pa.googleapis.com/v1internal:loadCodeAssist Trace: 0x8b347b6fb0dbc594
2026-06-27 23:36:14.162 [info] I0627 23:36:14.161663 21770 http_helpers.go:183] URL: https://daily-cloudcode-pa.googleapis.com/v1internal:fetchAvailableModels Trace: 0xcd20524613db50ca
2026-06-27 23:36:16.210 [info] I0627 23:36:16.210201 21770 http_helpers.go:183] URL: https://daily-cloudcode-pa.googleapis.com/v1internal:loadCodeAssist Trace: 0x124238f342e841a0
