2026-06-28 01:14:26.319 [info] Reading sessions from keychain...
2026-06-28 01:14:26.319 [info] Getting sessions for all scopes...
2026-06-28 01:14:26.413 [info] Got stored sessions!
2026-06-28 01:14:26.413 [info] Got 1 verified sessions.
2026-06-28 01:14:26.413 [info] Got 1 sessions for ...
2026-06-28 01:14:26.413 [info] Getting sessions for all scopes...
2026-06-28 01:14:26.413 [info] Got 1 sessions for ...
2026-06-28 01:14:26.413 [info] Getting sessions for all scopes...
2026-06-28 01:14:26.413 [info] Got 1 sessions for ...
2026-06-28 01:14:26.413 [info] Getting sessions for read:user,repo,user:email,workflow...
2026-06-28 01:14:26.413 [info] Got 1 sessions for read:user,repo,user:email,workflow...
2026-06-28 01:14:27.014 [info] Getting sessions for all scopes...
2026-06-28 01:14:27.014 [info] Got 1 sessions for ...
2026-06-28 01:14:27.050 [info] Getting sessions for all scopes...
2026-06-28 01:14:27.050 [info] Got 1 sessions for ...
2026-06-28 01:14:28.888 [info] FetcherService: Electron fetch failed with status: 401 
2026-06-28 01:14:30.556 [info] FetcherService: Node fetch failed with status: 401 Unauthorized
2026-06-28 01:14:31.818 [info] FetcherService: Node http/s failed with status: 401 Unauthorized
2026-06-28 01:14:39.810 [info] Getting sessions for all scopes...
2026-06-28 01:14:39.810 [info] Got 1 sessions for ...
2026-06-28 01:15:06.863 [info] Getting sessions for all scopes...
2026-06-28 01:15:06.863 [info] Got 1 sessions for ...
