2026-06-27 23:41:58.340 [info] Extension host with pid 3508 started
2026-06-27 23:41:58.340 [info] Skipping acquiring lock for /home/ladybug-me/.config/Antigravity IDE/User/workspaceStorage/48dee0af0a7ade50dd6f2f28e680cb1c.
2026-06-27 23:41:58.428 [info] ExtensionService#_doActivateExtension vscode.emmet, startup: false, activationEvent: 'onLanguage'
2026-06-27 23:41:58.457 [info] ExtensionService#_doActivateExtension vscode.extension-editing, startup: false, activationEvent: 'onLanguage:markdown'
2026-06-27 23:41:58.480 [info] ExtensionService#_doActivateExtension vscode.markdown-language-features, startup: false, activationEvent: 'onLanguage:markdown'
2026-06-27 23:41:58.781 [info] ExtensionService#_doActivateExtension vscode.git-base, startup: true, activationEvent: '*', root cause: google.antigravity
2026-06-27 23:41:58.829 [info] ExtensionService#_doActivateExtension vscode.git, startup: true, activationEvent: '*', root cause: google.antigravity
2026-06-27 23:41:58.870 [info] ExtensionService#_doActivateExtension vscode.github, startup: true, activationEvent: '*'
2026-06-27 23:41:58.933 [info] ExtensionService#_doActivateExtension google.antigravity, startup: true, activationEvent: '*'
2026-06-27 23:41:59.321 [warning] [Decorations] CAPPING events from decorations provider vscode.git 5554
2026-06-27 23:41:59.742 [warning] [Decorations] CAPPING events from decorations provider vscode.git 5554
2026-06-27 23:41:59.769 [info] ExtensionService#_doActivateExtension vscode.terminal-suggest, startup: false, activationEvent: 'onTerminalShellIntegration:*'
2026-06-27 23:42:00.105 [info] ExtensionService#_doActivateExtension vscode.github-authentication, startup: false, activationEvent: 'onAuthenticationRequest:github'
2026-06-27 23:42:05.961 [info] Eager extensions activated
2026-06-27 23:42:06.008 [info] ExtensionService#_doActivateExtension google.antigravity-dev-containers, startup: false, activationEvent: 'onStartupFinished'
2026-06-27 23:42:06.014 [info] ExtensionService#_doActivateExtension vscode.debug-auto-launch, startup: false, activationEvent: 'onStartupFinished'
2026-06-27 23:42:06.016 [info] ExtensionService#_doActivateExtension vscode.merge-conflict, startup: false, activationEvent: 'onStartupFinished'
2026-06-27 23:42:07.008 [error] l: Language server has not been started!
	at get client (file:///opt/antigravity-ide/resources/app/extensions/antigravity/dist/extension.js:2:956087)
	at file:///opt/antigravity-ide/resources/app/extensions/antigravity/dist/extension.js:2:870550
2026-06-27 23:42:16.938 [warning] [Decorations] CAPPING events from decorations provider vscode.git 5554
2026-06-27 23:42:24.432 [warning] [Decorations] CAPPING events from decorations provider vscode.git 5554
2026-06-27 23:42:41.844 [warning] [Decorations] CAPPING events from decorations provider vscode.git 5554
2026-06-27 23:43:00.609 [warning] [Decorations] CAPPING events from decorations provider vscode.git 5554
2026-06-27 23:43:05.865 [warning] [Decorations] CAPPING events from decorations provider vscode.git 5554
2026-06-27 23:43:11.048 [warning] [Decorations] CAPPING events from decorations provider vscode.git 5554
2026-06-27 23:43:16.322 [warning] [Decorations] CAPPING events from decorations provider vscode.git 5554
2026-06-27 23:43:21.593 [warning] [Decorations] CAPPING events from decorations provider vscode.git 5554
2026-06-27 23:43:46.500 [warning] [Decorations] CAPPING events from decorations provider vscode.git 5554
2026-06-27 23:44:06.513 [info] ExtensionService#_doActivateExtension vscode.media-preview, startup: false, activationEvent: 'onCustomEditor:imagePreview.previewEditor'
2026-06-27 23:47:03.808 [warning] [Decorations] CAPPING events from decorations provider vscode.git 5554
2026-06-27 23:48:19.825 [warning] [Decorations] CAPPING events from decorations provider vscode.git 5554
2026-06-27 23:48:59.089 [warning] [Decorations] CAPPING events from decorations provider vscode.git 5554
2026-06-27 23:55:09.442 [warning] [Decorations] CAPPING events from decorations provider vscode.git 5554
2026-06-27 23:55:22.845 [warning] [Decorations] CAPPING events from decorations provider vscode.git 5554
2026-06-27 23:57:55.687 [warning] [Decorations] CAPPING events from decorations provider vscode.git 5554
2026-06-28 00:00:10.011 [warning] [Decorations] CAPPING events from decorations provider vscode.git 5554
2026-06-28 00:00:18.130 [warning] [Decorations] CAPPING events from decorations provider vscode.git 5554
2026-06-28 00:00:23.396 [warning] [Decorations] CAPPING events from decorations provider vscode.git 5554
2026-06-28 00:00:28.875 [warning] [Decorations] CAPPING events from decorations provider vscode.git 5554
2026-06-28 00:00:34.159 [warning] [Decorations] CAPPING events from decorations provider vscode.git 5554
2026-06-28 00:00:39.427 [warning] [Decorations] CAPPING events from decorations provider vscode.git 5554
2026-06-28 00:01:03.204 [warning] [Decorations] CAPPING events from decorations provider vscode.git 5554
2026-06-28 00:05:29.619 [warning] [Decorations] CAPPING events from decorations provider vscode.git 5554
2026-06-28 00:05:36.864 [info] ExtensionService#_doActivateExtension vscode.markdown-math, startup: false, activationEvent: 'api', root cause: vscode.markdown-language-features
2026-06-28 00:05:40.312 [warning] [Decorations] CAPPING events from decorations provider vscode.git 5554
2026-06-28 00:05:45.567 [warning] [Decorations] CAPPING events from decorations provider vscode.git 5554
2026-06-28 00:05:50.858 [warning] [Decorations] CAPPING events from decorations provider vscode.git 5554
2026-06-28 00:05:56.189 [warning] [Decorations] CAPPING events from decorations provider vscode.git 5554
2026-06-28 00:06:01.600 [warning] [Decorations] CAPPING events from decorations provider vscode.git 5554
2026-06-28 00:06:06.928 [warning] [Decorations] CAPPING events from decorations provider vscode.git 5554
2026-06-28 00:06:29.491 [warning] [Decorations] CAPPING events from decorations provider vscode.git 5554
2026-06-28 00:07:57.961 [info] ExtensionService#_doActivateExtension vscode.npm, startup: false, activationEvent: 'onTerminalQuickFixRequest:ms-vscode.npm-command'
2026-06-28 00:08:03.041 [info] ExtensionService#_doActivateExtension vscode.configuration-editing, startup: false, activationEvent: 'onLanguage:json'
2026-06-28 00:08:03.048 [info] ExtensionService#_doActivateExtension vscode.json-language-features, startup: false, activationEvent: 'onLanguage:json'
2026-06-28 00:09:25.290 [warning] [Decorations] CAPPING events from decorations provider vscode.git 5554
2026-06-28 00:09:36.091 [warning] [Decorations] CAPPING events from decorations provider vscode.git 5527
2026-06-28 00:10:59.217 [warning] [Decorations] CAPPING events from decorations provider vscode.git 5526
2026-06-28 00:11:42.774 [info] Extension host terminating: renderer closed the MessagePort
2026-06-28 00:11:42.805 [info] Extension host with pid 3508 exiting with code 0
