2026-06-27 23:42:00.251 [info] I0627 23:42:00.238488  3777 server.go:1296] Starting language server process with pid 3777
2026-06-27 23:42:00.251 [info] I0627 23:42:00.238546  3777 server.go:336] Setting GOMAXPROCS to 4
2026-06-27 23:42:00.251 [info] I0627 23:42:00.239030  3777 server.go:479] Language server will attempt to listen on host localhost
2026-06-27 23:42:00.251 [info] I0627 23:42:00.239825  3777 server.go:493] Language server listening on random port at 33197 for HTTPS (gRPC)
2026-06-27 23:42:00.251 [info] I0627 23:42:00.240031  3777 server.go:500] Language server listening on random port at 41055 for HTTP
2026-06-27 23:42:00.835 [info] I0627 23:42:00.835065  3777 server.go:472] Created extension server client at port 38187
2026-06-27 23:42:00.850 [info] I0627 23:42:00.850672  3777 manager.go:92] Creating trajectory store manager with proto store and SQLite store
2026-06-27 23:42:03.852 [info] E0627 23:42:03.851709  3777 log.go:398] WaitForReady failed: context deadline exceeded
2026-06-27 23:42:03.853 [info] I0627 23:42:03.853260  3777 server.go:2283] Auth succeeded, refreshing features and managers
2026-06-27 23:42:04.052 [info] I0627 23:42:04.052286  3777 http_helpers.go:183] URL: https://cloudcode-pa.googleapis.com/v1internal:loadCodeAssist Trace: 0xfcd1ba635dcd02e
2026-06-27 23:42:05.611 [info] I0627 23:42:05.611530  3777 http_helpers.go:183] URL: https://cloudcode-pa.googleapis.com/v1internal:fetchAvailableModels Trace: 0x2d9f0cd57083b42a
2026-06-27 23:42:05.619 [info] I0627 23:42:05.618756  3777 server.go:2289] State refresh took 1765ms
2026-06-27 23:42:05.631 [info] (Antigravity IDE) 2026-06-27 23:42:05.630 [INFO]: Language server started
2026-06-27 23:42:05.642 [info] I0627 23:42:05.640245  3777 server.go:1944] initialized server successfully in 5.401674152s
2026-06-27 23:42:05.658 [info] (Antigravity IDE) 2026-06-27 23:42:05.658 [INFO]: LS lspClient started successfully
2026-06-27 23:42:05.699 [info] I0627 23:42:05.698757  3777 server.go:2149] Got signal terminated, shutting down
2026-06-27 23:42:05.699 [info] I0627 23:42:05.698829  3777 server.go:2190] Language server shutting down
2026-06-27 23:42:05.979 [info] (Antigravity IDE) 2026-06-27 23:42:05.979 [INFO]: Language server exited with code 0
2026-06-27 23:42:06.092 [info] I0627 23:42:06.082959  4076 server.go:1296] Starting language server process with pid 4076
2026-06-27 23:42:06.092 [info] I0627 23:42:06.083015  4076 server.go:336] Setting GOMAXPROCS to 4
2026-06-27 23:42:06.092 [info] I0627 23:42:06.083523  4076 server.go:479] Language server will attempt to listen on host localhost
2026-06-27 23:42:06.092 [info] I0627 23:42:06.084357  4076 server.go:493] Language server listening on fixed port at 33197 for HTTPS (gRPC)
2026-06-27 23:42:06.092 [info] I0627 23:42:06.084558  4076 server.go:500] Language server listening on fixed port at 34649 for HTTP
2026-06-27 23:42:06.573 [info] I0627 23:42:06.572882  4076 server.go:472] Created extension server client at port 38187
2026-06-27 23:42:06.592 [info] I0627 23:42:06.592326  4076 manager.go:92] Creating trajectory store manager with proto store and SQLite store
2026-06-27 23:42:09.107 [info] I0627 23:42:09.107171  4076 http_helpers.go:183] URL: https://daily-cloudcode-pa.googleapis.com/v1internal:loadCodeAssist Trace: 0xd38a4624cc914346
2026-06-27 23:42:09.593 [info] E0627 23:42:09.593007  4076 log.go:398] WaitForReady failed: context deadline exceeded
2026-06-27 23:42:09.594 [info] I0627 23:42:09.594543  4076 server.go:2283] Auth succeeded, refreshing features and managers
2026-06-27 23:42:10.166 [info] I0627 23:42:10.165763  4076 http_helpers.go:183] URL: https://daily-cloudcode-pa.googleapis.com/v1internal:fetchAvailableModels Trace: 0x9a26429542a01a72
2026-06-27 23:42:10.176 [info] I0627 23:42:10.176058  4076 server.go:2289] State refresh took 581ms
2026-06-27 23:42:10.186 [info] (Antigravity IDE) 2026-06-27 23:42:10.185 [INFO]: Language server started
2026-06-27 23:42:10.189 [info] I0627 23:42:10.189503  4076 server.go:1944] initialized server successfully in 4.106467761s
2026-06-27 23:42:10.196 [info] (Antigravity IDE) 2026-06-27 23:42:10.196 [INFO]: LS lspClient started successfully
2026-06-27 23:42:12.182 [info] I0627 23:42:12.181943  4076 http_helpers.go:183] URL: https://daily-cloudcode-pa.googleapis.com/v1internal:loadCodeAssist Trace: 0x687d3ef4aaa45e15
2026-06-27 23:43:09.128 [info] I0627 23:43:09.128351  4076 http_helpers.go:183] URL: https://daily-cloudcode-pa.googleapis.com/v1internal:loadCodeAssist Trace: 0xcb900eaea10e638a
2026-06-27 23:43:10.357 [info] I0627 23:43:10.355613  4076 http_helpers.go:183] URL: https://daily-cloudcode-pa.googleapis.com/v1internal:fetchAvailableModels Trace: 0x363256c7046d445
2026-06-27 23:47:47.856 [info] (Antigravity IDE) 2026-06-27 23:47:47.856 [INFO]: [Terminal] Command completed:  exit code 0
2026-06-27 23:47:49.644 [info] (Antigravity IDE) 2026-06-27 23:47:49.644 [INFO]: [Terminal] Command completed:  exit code 0
2026-06-27 23:49:07.817 [info] I0627 23:49:07.816812  4076 http_helpers.go:183] URL: https://daily-cloudcode-pa.googleapis.com/v1internal:fetchAvailableModels Trace: 0x8b898dbfa2dcd2a9
2026-06-27 23:49:09.975 [info] I0627 23:49:09.974918  4076 http_helpers.go:183] URL: https://daily-cloudcode-pa.googleapis.com/v1internal:loadCodeAssist Trace: 0x6dcc578655facdbd
2026-06-27 23:49:43.279 [info] (Antigravity IDE) 2026-06-27 23:49:43.279 [INFO]: [Terminal] Command completed:  exit code 0
2026-06-27 23:49:46.018 [info] (Antigravity IDE) 2026-06-27 23:49:46.018 [INFO]: [Terminal] Command completed:  exit code 0
2026-06-27 23:55:08.080 [info] I0627 23:55:08.080327  4076 http_helpers.go:183] URL: https://daily-cloudcode-pa.googleapis.com/v1internal:fetchAvailableModels Trace: 0x4cf33dac92ca3cd1
2026-06-27 23:55:09.797 [info] I0627 23:55:09.796747  4076 http_helpers.go:183] URL: https://daily-cloudcode-pa.googleapis.com/v1internal:loadCodeAssist Trace: 0x40d32f821f3131ef
2026-06-28 00:01:00.740 [info] (Antigravity IDE) 2026-06-28 00:01:00.740 [INFO]: [Terminal] Command completed:  exit code 0
2026-06-28 00:01:03.678 [info] (Antigravity IDE) 2026-06-28 00:01:03.678 [INFO]: [Terminal] Command completed:  exit code 0
2026-06-28 00:01:08.017 [info] I0628 00:01:08.016443  4076 http_helpers.go:183] URL: https://daily-cloudcode-pa.googleapis.com/v1internal:fetchAvailableModels Trace: 0x936762e21aac7e4d
2026-06-28 00:01:09.861 [info] I0628 00:01:09.861028  4076 http_helpers.go:183] URL: https://daily-cloudcode-pa.googleapis.com/v1internal:loadCodeAssist Trace: 0x5250a544b3e9e0f4
2026-06-28 00:01:45.412 [info] (Antigravity IDE) 2026-06-28 00:01:45.412 [INFO]: [Terminal] Command completed:  exit code 0
2026-06-28 00:01:47.478 [info] (Antigravity IDE) 2026-06-28 00:01:47.477 [INFO]: [Terminal] Command completed:  exit code 0
2026-06-28 00:04:32.336 [info] (Antigravity IDE) 2026-06-28 00:04:32.335 [INFO]: [Terminal] Command completed:  exit code 0
2026-06-28 00:06:03.854 [info] (Antigravity IDE) 2026-06-28 00:06:03.852 [INFO]: [Terminal] Command completed:  exit code 0
2026-06-28 00:07:07.752 [info] I0628 00:07:07.752143  4076 http_helpers.go:183] URL: https://daily-cloudcode-pa.googleapis.com/v1internal:fetchAvailableModels Trace: 0xc5d78dcbb9d1c18
2026-06-28 00:07:09.796 [info] I0628 00:07:09.796385  4076 http_helpers.go:183] URL: https://daily-cloudcode-pa.googleapis.com/v1internal:loadCodeAssist Trace: 0x1ac203be71e3c93b
2026-06-28 00:07:57.958 [info] (Antigravity IDE) 2026-06-28 00:07:57.958 [INFO]: [Terminal] Command completed:  exit code 1
