2026-06-28 02:49:57.522 [info] I0628 02:49:57.522204 571829 server.go:1296] Starting language server process with pid 571829
2026-06-28 02:49:57.522 [info] I0628 02:49:57.522273 571829 server.go:336] Setting GOMAXPROCS to 4
2026-06-28 02:49:57.522 [info] I0628 02:49:57.522852 571829 server.go:479] Language server will attempt to listen on host localhost
2026-06-28 02:49:57.523 [info] I0628 02:49:57.523731 571829 server.go:493] Language server listening on random port at 32985 for HTTPS (gRPC)
2026-06-28 02:49:57.524 [info] I0628 02:49:57.523951 571829 server.go:500] Language server listening on random port at 45895 for HTTP
2026-06-28 02:49:58.002 [info] I0628 02:49:58.001447 571829 server.go:472] Created extension server client at port 44979
2026-06-28 02:49:58.024 [info] I0628 02:49:58.023878 571829 manager.go:92] Creating trajectory store manager with proto store and SQLite store
2026-06-28 02:50:00.743 [info] I0628 02:50:00.742170 571829 http_helpers.go:183] URL: https://cloudcode-pa.googleapis.com/v1internal:loadCodeAssist Trace: 0x12391fe496b13181
2026-06-28 02:50:01.025 [info] E0628 02:50:01.025164 571829 log.go:398] WaitForReady failed: context deadline exceeded
2026-06-28 02:50:01.026 [info] I0628 02:50:01.026363 571829 server.go:2283] Auth succeeded, refreshing features and managers
2026-06-28 02:50:02.504 [info] I0628 02:50:02.503987 571829 http_helpers.go:183] URL: https://cloudcode-pa.googleapis.com/v1internal:fetchAvailableModels Trace: 0xbf514df72654e014
2026-06-28 02:50:02.508 [info] I0628 02:50:02.507748 571829 server.go:2289] State refresh took 1481ms
2026-06-28 02:50:02.534 [info] (Antigravity IDE) 2026-06-28 02:50:02.533 [INFO]: Language server started
2026-06-28 02:50:02.545 [info] I0628 02:50:02.544406 571829 server.go:1944] initialized server successfully in 5.022096947s
2026-06-28 02:50:02.560 [info] (Antigravity IDE) 2026-06-28 02:50:02.560 [INFO]: LS lspClient started successfully
2026-06-28 02:50:02.600 [info] I0628 02:50:02.600196 571829 server.go:2149] Got signal terminated, shutting down
2026-06-28 02:50:02.600 [info] I0628 02:50:02.600222 571829 server.go:2190] Language server shutting down
2026-06-28 02:50:02.607 [info] (Antigravity IDE) 2026-06-28 02:50:02.607 [INFO]: Language server exited with code 0
2026-06-28 02:50:02.656 [info] I0628 02:50:02.656075 572304 server.go:1296] Starting language server process with pid 572304
2026-06-28 02:50:02.656 [info] I0628 02:50:02.656124 572304 server.go:336] Setting GOMAXPROCS to 4
2026-06-28 02:50:02.656 [info] I0628 02:50:02.656642 572304 server.go:479] Language server will attempt to listen on host localhost
2026-06-28 02:50:02.657 [info] I0628 02:50:02.657457 572304 server.go:493] Language server listening on fixed port at 32985 for HTTPS (gRPC)
2026-06-28 02:50:02.657 [info] I0628 02:50:02.657673 572304 server.go:500] Language server listening on fixed port at 41889 for HTTP
2026-06-28 02:50:03.103 [info] I0628 02:50:03.102708 572304 server.go:472] Created extension server client at port 44979
2026-06-28 02:50:03.118 [info] I0628 02:50:03.117798 572304 manager.go:92] Creating trajectory store manager with proto store and SQLite store
2026-06-28 02:50:05.700 [info] I0628 02:50:05.699229 572304 http_helpers.go:183] URL: https://daily-cloudcode-pa.googleapis.com/v1internal:loadCodeAssist Trace: 0xeb894a42f6c51d4c
2026-06-28 02:50:06.119 [info] E0628 02:50:06.119150 572304 log.go:398] WaitForReady failed: context deadline exceeded
2026-06-28 02:50:06.121 [info] I0628 02:50:06.120675 572304 server.go:2283] Auth succeeded, refreshing features and managers
2026-06-28 02:50:07.053 [info] I0628 02:50:07.053325 572304 http_helpers.go:183] URL: https://daily-cloudcode-pa.googleapis.com/v1internal:fetchAvailableModels Trace: 0xb15456d9874ed8c
2026-06-28 02:50:07.062 [info] I0628 02:50:07.062153 572304 server.go:2289] State refresh took 941ms
2026-06-28 02:50:07.072 [info] (Antigravity IDE) 2026-06-28 02:50:07.072 [INFO]: Language server started
2026-06-28 02:50:07.075 [info] I0628 02:50:07.074994 572304 server.go:1944] initialized server successfully in 4.418851227s
2026-06-28 02:50:07.079 [info] (Antigravity IDE) 2026-06-28 02:50:07.079 [INFO]: LS lspClient started successfully
2026-06-28 02:50:08.509 [info] I0628 02:50:08.509240 572304 http_helpers.go:183] URL: https://daily-cloudcode-pa.googleapis.com/v1internal:loadCodeAssist Trace: 0x66ccf5e4ea1b8eeb
2026-06-28 02:52:28.309 [info] E0628 02:52:28.309350 572304 interceptor.go:74] /exa.language_server_pb.LanguageServerService/AcknowledgeCodeActionStep (unknown): run state not found
2026-06-28 02:53:05.674 [info] I0628 02:53:05.673657 572304 http_helpers.go:183] URL: https://daily-cloudcode-pa.googleapis.com/v1internal:loadCodeAssist Trace: 0xfb70de45f5d23ec1
2026-06-28 02:53:06.509 [info] I0628 02:53:06.508830 572304 http_helpers.go:183] URL: https://daily-cloudcode-pa.googleapis.com/v1internal:fetchAvailableModels Trace: 0x54ee81e3232046b5
2026-06-28 02:59:04.893 [info] I0628 02:59:04.893593 572304 http_helpers.go:183] URL: https://daily-cloudcode-pa.googleapis.com/v1internal:fetchAvailableModels Trace: 0x98415c032e906abc
2026-06-28 02:59:06.469 [info] I0628 02:59:06.469303 572304 http_helpers.go:183] URL: https://daily-cloudcode-pa.googleapis.com/v1internal:loadCodeAssist Trace: 0xf95b24ff55384538
