2026-06-28 00:20:11.714 [info] [main] Log level: Info
2026-06-28 00:20:11.714 [info] [main] Validating found git in: "git"
2026-06-28 00:20:11.714 [info] [main] Using git "2.54.0" from "git"
2026-06-28 00:20:11.714 [info] [Model][doInitialScan] Initial repository scan started
2026-06-28 00:20:11.714 [info] > git rev-parse --show-toplevel [60ms]
2026-06-28 00:20:11.714 [info] > git rev-parse --git-dir --git-common-dir --show-superproject-working-tree [51ms]
2026-06-28 00:20:11.714 [info] [Model][openRepository] Opened repository (path): /home/ladybug-me/caelestia-dots-kde
2026-06-28 00:20:11.714 [info] [Model][openRepository] Opened repository (real path): /home/ladybug-me/caelestia-dots-kde
2026-06-28 00:20:11.714 [info] [Model][openRepository] Opened repository (kind): repository
2026-06-28 00:20:11.714 [info] > git rev-parse --show-toplevel [4ms]
2026-06-28 00:20:11.714 [info] > git config --get commit.template [7ms]
2026-06-28 00:20:11.925 [info] > git for-each-ref --format=%(refname)%00%(upstream:short)%00%(objectname)%00%(upstream:track)%00%(upstream:remotename)%00%(upstream:remoteref) refs/heads/main refs/remotes/main [23ms]
2026-06-28 00:20:11.935 [warning] [Git][revParse] Unable to read file: ENOENT: no such file or directory, open '/home/ladybug-me/caelestia-dots-kde/.git/refs/remotes/origin/main'
2026-06-28 00:20:11.943 [info] > git rev-parse refs/remotes/origin/main [8ms]
2026-06-28 00:20:11.954 [info] > git rev-parse --show-toplevel [24ms]
2026-06-28 00:20:11.961 [info] > git for-each-ref --sort -committerdate --format %(refname)%00%(objectname)%00%(*objectname) [7ms]
2026-06-28 00:20:11.963 [info] > git rev-parse --show-toplevel [2ms]
2026-06-28 00:20:11.966 [info] > git rev-parse --show-toplevel [0ms]
2026-06-28 00:20:11.973 [info] > git rev-parse --show-toplevel [2ms]
2026-06-28 00:20:11.978 [info] > git rev-parse --show-toplevel [1ms]
2026-06-28 00:20:11.982 [info] > git rev-parse --show-toplevel [1ms]
2026-06-28 00:20:11.990 [info] > git rev-parse --git-dir --git-common-dir --show-superproject-working-tree [5ms]
2026-06-28 00:20:11.994 [info] [Model][openRepository] Opened repository (path): /home/ladybug-me/caelestia-dots-kde/shell-new
2026-06-28 00:20:11.994 [info] [Model][openRepository] Opened repository (real path): /home/ladybug-me/caelestia-dots-kde/shell-new
2026-06-28 00:20:11.994 [info] [Model][openRepository] Opened repository (kind): repository
2026-06-28 00:20:12.001 [info] > git config --get commit.template [3ms]
2026-06-28 00:20:12.002 [info] > git rev-parse --show-toplevel [1ms]
2026-06-28 00:20:12.010 [info] > git rev-parse --show-toplevel [2ms]
2026-06-28 00:20:12.012 [info] [Model][doInitialScan] Initial repository scan completed - repositories (2), closed repositories (0), parent repositories (0), unsafe repositories (0)
2026-06-28 00:20:12.021 [info] > git show --textconv :shell-old/modules/Shortcuts.qml [6ms]
2026-06-28 00:20:12.024 [info] > git for-each-ref --format=%(refname)%00%(upstream:short)%00%(objectname)%00%(upstream:track)%00%(upstream:remotename)%00%(upstream:remoteref) refs/heads/main refs/remotes/main [19ms]
2026-06-28 00:20:12.028 [warning] [Git][revParse] Unable to read file: ENOENT: no such file or directory, open '/home/ladybug-me/caelestia-dots-kde/shell-new/.git/refs/remotes/origin/main'
2026-06-28 00:20:12.028 [info] > git hash-object -t tree /dev/null [4ms]
2026-06-28 00:20:12.028 [warning] [GitFileSystemProvider][readFile] File not found - git:/home/ladybug-me/caelestia-dots-kde/shell-old/modules/Shortcuts.qml.git?%7B%22path%22%3A%22%2Fhome%2Fladybug-me%2Fcaelestia-dots-kde%2Fshell-old%2Fmodules%2FShortcuts.qml%22%2C%22ref%22%3A%22%22%7D
2026-06-28 00:20:12.029 [info] > git ls-files --stage -- shell-old/modules/Shortcuts.qml [10ms]
2026-06-28 00:20:12.029 [warning] [GitFileSystemProvider][stat] File not found - git:/home/ladybug-me/caelestia-dots-kde/shell-old/modules/Shortcuts.qml.git?%7B%22path%22%3A%22%2Fhome%2Fladybug-me%2Fcaelestia-dots-kde%2Fshell-old%2Fmodules%2FShortcuts.qml%22%2C%22ref%22%3A%22%22%7D
2026-06-28 00:20:12.031 [info] > git rev-parse refs/remotes/origin/main [3ms]
2026-06-28 00:20:12.158 [info] > git status -z -uall [210ms] (cancelled)
2026-06-28 00:20:12.158 [info] > git for-each-ref --format=%(refname)%00%(upstream:short)%00%(objectname)%00%(upstream:track)%00%(upstream:remotename)%00%(upstream:remoteref) refs/heads/main refs/remotes/main [9ms]
2026-06-28 00:20:12.162 [info] > git for-each-ref --sort -committerdate --format %(refname)%00%(objectname)%00%(*objectname) [125ms]
2026-06-28 00:20:12.680 [info] > git status -z -uall [647ms]
2026-06-28 00:20:12.680 [info] > git config --get --local branch.main.vscode-merge-base [518ms]
2026-06-28 00:20:12.683 [info] > git config --get commit.template [525ms]
2026-06-28 00:20:12.713 [info] > git check-ignore -v -z --stdin [12ms]
2026-06-28 00:20:12.714 [info] > git for-each-ref --format=%(refname)%00%(upstream:short)%00%(objectname)%00%(upstream:track)%00%(upstream:remotename)%00%(upstream:remoteref) refs/heads/main refs/remotes/main [17ms]
2026-06-28 00:20:12.717 [info] > git for-each-ref --format=%(refname)%00%(upstream:short)%00%(objectname)%00%(upstream:track)%00%(upstream:remotename)%00%(upstream:remoteref) refs/heads/origin/main refs/remotes/origin/main [34ms]
2026-06-28 00:20:12.725 [info] > git config --get --local branch.main.vscode-merge-base [8ms]
2026-06-28 00:20:12.729 [info] > git rev-parse --show-toplevel [16ms]
2026-06-28 00:20:12.729 [info] > git config --get commit.template [21ms]
2026-06-28 00:20:12.733 [info] > git for-each-ref --format=%(refname)%00%(upstream:short)%00%(objectname)%00%(upstream:track)%00%(upstream:remotename)%00%(upstream:remoteref) refs/heads/origin/main refs/remotes/origin/main [4ms]
2026-06-28 00:20:12.736 [info] > git for-each-ref --format=%(refname)%00%(upstream:short)%00%(objectname)%00%(upstream:track)%00%(upstream:remotename)%00%(upstream:remoteref) refs/heads/main refs/remotes/main [12ms]
2026-06-28 00:20:12.737 [info] > git merge-base refs/heads/main refs/remotes/origin/main [16ms]
2026-06-28 00:20:12.749 [warning] [Git][revParse] Unable to read file: ENOENT: no such file or directory, open '/home/ladybug-me/caelestia-dots-kde/.git/refs/remotes/origin/main'
2026-06-28 00:20:12.750 [info] > git diff --name-status -z --diff-filter=ADMR --find-renames=50% 7c3fe8902858fe57c8d188e3dc1d69fe73bb2cb4...refs/remotes/origin/main -- [10ms]
2026-06-28 00:20:12.751 [info] > git merge-base refs/heads/main refs/remotes/origin/main [15ms]
2026-06-28 00:20:12.756 [info] > git rev-parse --git-dir --git-common-dir --show-superproject-working-tree [23ms]
2026-06-28 00:20:12.776 [info] [Model][openRepository] Opened repository (path): /home/ladybug-me/caelestia-dots-kde/shell/plugin/src/QMLTermWidget
2026-06-28 00:20:12.776 [info] [Model][openRepository] Opened repository (real path): /home/ladybug-me/caelestia-dots-kde/shell/plugin/src/QMLTermWidget
2026-06-28 00:20:12.776 [info] [Model][openRepository] Opened repository (kind): submodule
2026-06-28 00:20:12.811 [info] > git diff --name-status -z --diff-filter=ADMR --find-renames=50% b9fac609e0064b4691734845dbea76dff2a13491...refs/remotes/origin/main -- [55ms]
2026-06-28 00:20:12.811 [info] > git rev-parse refs/remotes/origin/main [62ms]
2026-06-28 00:20:12.817 [info] > git for-each-ref --format=%(refname)%00%(upstream:short)%00%(objectname)%00%(upstream:track)%00%(upstream:remotename)%00%(upstream:remoteref) refs/heads/main refs/remotes/main [73ms]
2026-06-28 00:20:12.824 [warning] [Git][revParse] Unable to read file: ENOENT: no such file or directory, open '/home/ladybug-me/caelestia-dots-kde/shell-new/.git/refs/remotes/origin/main'
2026-06-28 00:20:12.824 [info] > git for-each-ref --sort -committerdate --format %(refname)%00%(objectname)%00%(*objectname) [7ms]
2026-06-28 00:20:12.824 [info] > git config --get commit.template [22ms]
2026-06-28 00:20:12.826 [info] > git rev-parse refs/remotes/origin/main [2ms]
2026-06-28 00:20:12.842 [info] > git for-each-ref --sort -committerdate --format %(refname)%00%(objectname)%00%(*objectname) [7ms]
2026-06-28 00:20:12.843 [info] > git for-each-ref --format=%(refname)%00%(upstream:short)%00%(objectname)%00%(upstream:track)%00%(upstream:remotename)%00%(upstream:remoteref) refs/heads/master refs/remotes/master [3ms]
2026-06-28 00:20:12.846 [warning] [Git][revParse] Unable to read file: ENOENT: no such file or directory, open '/home/ladybug-me/caelestia-dots-kde/.git/modules/shell/plugin/src/QMLTermWidget/refs/remotes/origin/master'
2026-06-28 00:20:12.847 [info] > git rev-parse refs/remotes/origin/master [1ms]
2026-06-28 00:20:12.853 [info] > git status -z -uall [3ms]
2026-06-28 00:20:12.870 [info] > git for-each-ref --sort -committerdate --format %(refname)%00%(objectname)%00%(*objectname) [17ms]
2026-06-28 00:20:12.895 [info] > git for-each-ref --format=%(refname)%00%(upstream:short)%00%(objectname)%00%(upstream:track)%00%(upstream:remotename)%00%(upstream:remoteref) refs/heads/master refs/remotes/master [8ms]
2026-06-28 00:20:12.900 [info] > git config --get --local branch.master.vscode-merge-base [2ms]
2026-06-28 00:20:12.903 [info] > git config --get commit.template [10ms]
2026-06-28 00:20:12.905 [info] > git for-each-ref --format=%(refname)%00%(upstream:short)%00%(objectname)%00%(upstream:track)%00%(upstream:remotename)%00%(upstream:remoteref) refs/heads/origin/master refs/remotes/origin/master [2ms]
2026-06-28 00:20:12.912 [info] > git merge-base refs/heads/master refs/remotes/origin/master [4ms]
2026-06-28 00:20:12.920 [info] > git diff --name-status -z --diff-filter=ADMR --find-renames=50% 8913504fa2ebd220ebe7c680c32954e1b3c035c5...refs/remotes/origin/master -- [5ms]
2026-06-28 00:20:12.920 [info] > git for-each-ref --format=%(refname)%00%(upstream:short)%00%(objectname)%00%(upstream:track)%00%(upstream:remotename)%00%(upstream:remoteref) refs/heads/master refs/remotes/master [9ms]
2026-06-28 00:20:12.930 [warning] [Git][revParse] Unable to read file: ENOENT: no such file or directory, open '/home/ladybug-me/caelestia-dots-kde/.git/modules/shell/plugin/src/QMLTermWidget/refs/remotes/origin/master'
2026-06-28 00:20:12.932 [info] > git rev-parse refs/remotes/origin/master [2ms]
2026-06-28 00:20:12.951 [info] > git status -z -uall [121ms]
2026-06-28 00:20:12.951 [info] > git status -z -uall [15ms]
2026-06-28 00:20:12.963 [info] > git for-each-ref --sort -committerdate --format %(refname)%00%(objectname)%00%(*objectname) [23ms]
2026-06-28 00:20:12.982 [info] > git status -z -uall [168ms] (cancelled)
2026-06-28 00:20:13.703 [info] > git check-ignore -v -z --stdin [67ms]
2026-06-28 00:20:16.453 [info] > git check-ignore -v -z --stdin [7ms]
2026-06-28 00:20:16.454 [info] > git check-ignore -v -z --stdin [2ms]
2026-06-28 00:20:17.834 [info] > git check-ignore -v -z --stdin [1ms]
2026-06-28 00:20:19.220 [info] > git check-ignore -v -z --stdin [2ms]
2026-06-28 00:20:20.287 [info] > git check-ignore -v -z --stdin [2ms]
2026-06-28 00:20:31.851 [info] > git check-ignore -v -z --stdin [1ms]
2026-06-28 00:20:31.913 [info] > git check-ignore -v -z --stdin [1ms]
2026-06-28 00:20:32.060 [info] > git show --textconv :scripts/03-deploy-configs.sh [3ms]
2026-06-28 00:20:32.061 [info] > git ls-files --stage -- scripts/03-deploy-configs.sh [1ms]
2026-06-28 00:20:32.064 [info] > git cat-file -s e177204ae02bc7f396c7e547cba7fa6c9f36cbea [0ms]
2026-06-28 00:20:32.158 [info] > git blame --root --incremental 7c3fe8902858fe57c8d188e3dc1d69fe73bb2cb4 -- scripts/03-deploy-configs.sh [71ms]
2026-06-28 00:20:58.372 [info] > git check-ignore -v -z --stdin [2ms]
2026-06-28 00:21:03.450 [info] > git check-ignore -v -z --stdin [2ms]
2026-06-28 00:21:18.237 [info] > git check-ignore -v -z --stdin [1ms]
2026-06-28 00:21:20.401 [info] > git check-ignore -v -z --stdin [2ms]
2026-06-28 00:21:38.707 [info] > git check-ignore -v -z --stdin [3ms]
