2026-06-28 03:03:25.761 [info] [main] Log level: Info
2026-06-28 03:03:25.761 [info] [main] Validating found git in: "git"
2026-06-28 03:03:25.761 [info] [main] Using git "2.54.0" from "git"
2026-06-28 03:03:25.761 [info] [Model][doInitialScan] Initial repository scan started
2026-06-28 03:03:25.761 [info] > git rev-parse --show-toplevel [5ms]
2026-06-28 03:03:25.761 [info] > git rev-parse --git-dir --git-common-dir --show-superproject-working-tree [2ms]
2026-06-28 03:03:25.761 [info] [Model][openRepository] Opened repository (path): /home/ladybug-me/caelestia-dots-kde
2026-06-28 03:03:25.761 [info] [Model][openRepository] Opened repository (real path): /home/ladybug-me/caelestia-dots-kde
2026-06-28 03:03:25.761 [info] [Model][openRepository] Opened repository (kind): repository
2026-06-28 03:03:25.761 [info] > git config --get commit.template [5ms]
2026-06-28 03:03:25.761 [info] > git rev-parse --show-toplevel [2ms]
2026-06-28 03:03:25.761 [info] > git rev-parse --show-toplevel [52ms]
2026-06-28 03:03:25.761 [info] > git for-each-ref --format=%(refname)%00%(upstream:short)%00%(objectname)%00%(upstream:track)%00%(upstream:remotename)%00%(upstream:remoteref) refs/heads/main refs/remotes/main [56ms]
2026-06-28 03:03:25.761 [warning] [Git][revParse] Unable to read file: ENOENT: no such file or directory, open '/home/ladybug-me/caelestia-dots-kde/.git/refs/remotes/origin/main'
2026-06-28 03:03:25.762 [info] > git rev-parse refs/remotes/origin/main [3ms]
2026-06-28 03:03:25.769 [info] > git rev-parse --show-toplevel [12ms]
2026-06-28 03:03:25.951 [info] > git status -z -uall [186ms]
2026-06-28 03:03:25.951 [info] > git rev-parse --show-toplevel [179ms]
2026-06-28 03:03:25.953 [info] > git for-each-ref --sort -committerdate --format %(refname)%00%(objectname)%00%(*objectname) [185ms]
2026-06-28 03:03:25.982 [info] > git for-each-ref --format=%(refname)%00%(upstream:short)%00%(objectname)%00%(upstream:track)%00%(upstream:remotename)%00%(upstream:remoteref) refs/heads/main refs/remotes/main [9ms]
2026-06-28 03:03:25.992 [info] > git config --get --local branch.main.vscode-merge-base [6ms]
2026-06-28 03:03:25.992 [warning] [Git][config] git config failed: Failed to execute git
2026-06-28 03:03:25.995 [info] > git config --get commit.template [14ms]
2026-06-28 03:03:25.995 [info] > git rev-parse --show-toplevel [17ms]
2026-06-28 03:03:25.997 [info] [Model][doInitialScan] Initial repository scan completed - repositories (1), closed repositories (0), parent repositories (0), unsafe repositories (0)
2026-06-28 03:03:25.997 [info] > git reflog main --grep-reflog=branch: Created from *. [3ms]
2026-06-28 03:03:26.004 [info] > git symbolic-ref --short refs/remotes/origin/HEAD [3ms]
2026-06-28 03:03:26.007 [info] > git for-each-ref --format=%(refname)%00%(upstream:short)%00%(objectname)%00%(upstream:track)%00%(upstream:remotename)%00%(upstream:remoteref) refs/heads/main refs/remotes/main [4ms]
2026-06-28 03:03:26.011 [warning] [Git][revParse] Unable to read file: ENOENT: no such file or directory, open '/home/ladybug-me/caelestia-dots-kde/.git/refs/remotes/origin/main'
2026-06-28 03:03:26.011 [info] > git for-each-ref --format=%(refname)%00%(upstream:short)%00%(objectname)%00%(upstream:track)%00%(upstream:remotename)%00%(upstream:remoteref) refs/heads/origin/main refs/remotes/origin/main [4ms]
2026-06-28 03:03:26.014 [info] > git rev-parse refs/remotes/origin/main [3ms]
2026-06-28 03:03:26.020 [info] > git config --add --local branch.main.vscode-merge-base origin/main [6ms]
2026-06-28 03:03:26.021 [info] > git for-each-ref --sort -committerdate --format %(refname)%00%(objectname)%00%(*objectname) [1ms] (cancelled)
2026-06-28 03:03:26.029 [info] > git status -z -uall [12ms] (cancelled)
2026-06-28 03:03:26.031 [info] > git config --get commit.template [2ms]
2026-06-28 03:03:26.064 [info] > git for-each-ref --format=%(refname)%00%(upstream:short)%00%(objectname)%00%(upstream:track)%00%(upstream:remotename)%00%(upstream:remoteref) refs/heads/main refs/remotes/main [14ms]
2026-06-28 03:03:26.113 [warning] [Git][revParse] Unable to read file: ENOENT: no such file or directory, open '/home/ladybug-me/caelestia-dots-kde/.git/refs/remotes/origin/main'
2026-06-28 03:03:26.114 [info] > git rev-parse refs/remotes/origin/main [1ms]
2026-06-28 03:03:26.123 [info] > git for-each-ref --sort -committerdate --format %(refname)%00%(objectname)%00%(*objectname) [2ms]
2026-06-28 03:03:26.138 [info] > git status -z -uall [21ms]
2026-06-28 03:03:26.153 [info] > git merge-base refs/heads/main refs/remotes/origin/main [5ms]
2026-06-28 03:03:26.160 [info] > git diff --name-status -z --diff-filter=ADMR --find-renames=50% 7c3fe8902858fe57c8d188e3dc1d69fe73bb2cb4...refs/remotes/origin/main -- [3ms]
2026-06-28 03:03:26.160 [info] > git merge-base refs/heads/main refs/remotes/origin/main [7ms]
2026-06-28 03:03:26.164 [info] > git diff --name-status -z --diff-filter=ADMR --find-renames=50% 7c3fe8902858fe57c8d188e3dc1d69fe73bb2cb4...refs/remotes/origin/main -- [1ms]
2026-06-28 03:03:26.204 [info] > git check-ignore -v -z --stdin [1ms]
2026-06-28 03:03:26.644 [info] > git rev-parse --show-toplevel [1ms]
2026-06-28 03:03:26.644 [info] fatal: not a git repository: (null)
2026-06-28 03:03:39.991 [info] > git log --format=%H%n%aN%n%aE%n%at%n%ct%n%P%n%D%n%B -z --shortstat --diff-merges=first-parent -n50 --skip=0 --topo-order --decorate=full --stdin [504ms]
2026-06-28 03:03:40.127 [info] > git check-ignore -v -z --stdin [1ms]
2026-06-28 03:03:41.225 [info] > git merge-base main origin/main [1ms]
2026-06-28 03:03:52.940 [info] > git config --get commit.template [7ms]
2026-06-28 03:03:52.941 [info] > git for-each-ref --format=%(refname)%00%(upstream:short)%00%(objectname)%00%(upstream:track)%00%(upstream:remotename)%00%(upstream:remoteref) refs/heads/main refs/remotes/main [2ms]
2026-06-28 03:03:52.946 [warning] [Git][revParse] Unable to read file: ENOENT: no such file or directory, open '/home/ladybug-me/caelestia-dots-kde/.git/refs/remotes/origin/main'
2026-06-28 03:03:52.947 [info] > git rev-parse refs/remotes/origin/main [1ms]
2026-06-28 03:03:52.957 [info] > git status -z -uall [5ms]
2026-06-28 03:03:52.959 [info] > git for-each-ref --sort -committerdate --format %(refname)%00%(objectname)%00%(*objectname) [3ms]
2026-06-28 03:03:53.470 [info] > git rev-parse --show-toplevel [1ms]
2026-06-28 03:03:53.470 [info] fatal: not a git repository: (null)
2026-06-28 03:04:47.214 [info] > git log --format=%H%n%aN%n%aE%n%at%n%ct%n%P%n%D%n%B -z --shortstat --diff-merges=first-parent -n50 --skip=0 --topo-order --decorate=full --stdin [537ms]
2026-06-28 03:04:47.241 [info] > git merge-base main origin/main [2ms]
