2026-06-28 03:03:26.124 [info] Reading sessions from keychain...
2026-06-28 03:03:26.124 [info] Getting sessions for all scopes...
2026-06-28 03:03:26.125 [info] Got stored sessions!
2026-06-28 03:03:26.125 [info] Got 1 verified sessions.
2026-06-28 03:03:26.125 [info] Got 1 sessions for ...
2026-06-28 03:03:26.125 [info] Getting sessions for all scopes...
2026-06-28 03:03:26.125 [info] Got 1 sessions for ...
2026-06-28 03:03:26.125 [info] Getting sessions for all scopes...
2026-06-28 03:03:26.125 [info] Got 1 sessions for ...
2026-06-28 03:03:26.125 [info] Getting sessions for read:user,repo,user:email,workflow...
2026-06-28 03:03:26.125 [info] Got 1 sessions for read:user,repo,user:email,workflow...
2026-06-28 03:03:26.547 [info] Getting sessions for all scopes...
2026-06-28 03:03:26.547 [info] Got 1 sessions for ...
2026-06-28 03:03:27.138 [info] Getting sessions for all scopes...
2026-06-28 03:03:27.138 [info] Got 1 sessions for ...
2026-06-28 03:03:27.407 [info] Getting sessions for all scopes...
2026-06-28 03:03:27.407 [info] Got 1 sessions for ...
2026-06-28 03:03:27.517 [info] Getting sessions for all scopes...
2026-06-28 03:03:27.518 [info] Got 1 sessions for ...
2026-06-28 03:03:28.627 [info] FetcherService: Electron fetch failed with status: 401 
2026-06-28 03:03:29.875 [info] FetcherService: Node fetch failed with status: 401 Unauthorized
2026-06-28 03:03:31.083 [info] FetcherService: Node http/s failed with status: 401 Unauthorized
2026-06-28 03:04:23.759 [info] Getting sessions for all scopes...
2026-06-28 03:04:23.759 [info] Got 1 sessions for ...
