2026-06-27 23:41:55.979 [info] [BrowserOnboardingClientMainService] Starting browser onboarding server
2026-06-27 23:41:55.979 [info] [BrowserOnboardingClientServer] Browser onboarding server started on http://localhost:34611
2026-06-27 23:41:55.979 [info] update#setState idle
2026-06-27 23:42:18.002 [warning] [perf] profiling STARTED 50713c7b-a287-4911-80cb-dca5dbe12e1d
2026-06-27 23:42:23.036 [warning] [perf] profiling DONE 50713c7b-a287-4911-80cb-dca5dbe12e1d
2026-06-27 23:42:25.975 [info] update#setState checking for updates
2026-06-27 23:42:26.337 [info] update#setState idle
2026-06-27 23:42:38.253 [warning] [perf] profiling STARTED 50713c7b-a287-4911-80cb-dca5dbe12e1d
2026-06-27 23:42:43.281 [warning] [perf] profiling DONE 50713c7b-a287-4911-80cb-dca5dbe12e1d
2026-06-27 23:42:58.475 [warning] [perf] profiling STARTED 50713c7b-a287-4911-80cb-dca5dbe12e1d
2026-06-27 23:43:05.090 [warning] [perf] profiling DONE 50713c7b-a287-4911-80cb-dca5dbe12e1d
2026-06-27 23:48:59.861 [warning] [perf] profiling STARTED 6c88291a-c834-418c-b555-a934bf07a262
2026-06-27 23:49:04.887 [warning] [perf] profiling DONE 6c88291a-c834-418c-b555-a934bf07a262
2026-06-27 23:49:20.115 [warning] [perf] profiling STARTED 6c88291a-c834-418c-b555-a934bf07a262
2026-06-27 23:49:25.153 [warning] [perf] profiling DONE 6c88291a-c834-418c-b555-a934bf07a262
2026-06-27 23:49:40.412 [warning] [perf] profiling STARTED 6c88291a-c834-418c-b555-a934bf07a262
2026-06-27 23:49:45.436 [warning] [perf] profiling DONE 6c88291a-c834-418c-b555-a934bf07a262
2026-06-27 23:55:10.174 [warning] [perf] profiling STARTED 7f1c6817-3df9-41a3-94e6-34ef2415b2e4
2026-06-27 23:55:15.202 [warning] [perf] profiling DONE 7f1c6817-3df9-41a3-94e6-34ef2415b2e4
2026-06-27 23:55:30.443 [warning] [perf] profiling STARTED 7f1c6817-3df9-41a3-94e6-34ef2415b2e4
2026-06-27 23:55:35.469 [warning] [perf] profiling DONE 7f1c6817-3df9-41a3-94e6-34ef2415b2e4
2026-06-27 23:55:50.711 [warning] [perf] profiling STARTED 7f1c6817-3df9-41a3-94e6-34ef2415b2e4
2026-06-27 23:55:55.737 [warning] [perf] profiling DONE 7f1c6817-3df9-41a3-94e6-34ef2415b2e4
2026-06-28 00:05:37.184 [warning] [perf] profiling STARTED d74aa29c-8dd6-4363-b505-7cb6166306a0
2026-06-28 00:05:46.397 [warning] [perf] profiling DONE d74aa29c-8dd6-4363-b505-7cb6166306a0
2026-06-28 00:06:05.038 [warning] [perf] profiling STARTED d74aa29c-8dd6-4363-b505-7cb6166306a0
2026-06-28 00:06:10.082 [warning] [perf] profiling DONE d74aa29c-8dd6-4363-b505-7cb6166306a0
2026-06-28 00:06:25.476 [warning] [perf] profiling STARTED d74aa29c-8dd6-4363-b505-7cb6166306a0
2026-06-28 00:06:30.519 [warning] [perf] profiling DONE d74aa29c-8dd6-4363-b505-7cb6166306a0
2026-06-28 00:11:42.806 [info] Extension host with pid 3508 exited with code: 0, signal: unknown.
